Time;Height;Velocity;ThrustPct;Acceleration;FuelMass;EngineState
0.0;3000.0;0.0;0.0;0.0;10500.0;Off
0.1;3000.0;-0.2;0.0;0.0;10500.0;Off
0.2;3000.0;-0.3;0.0;0.0;10500.0;Off
0.3;2999.9;-0.5;0.0;0.0;10500.0;Off
0.4;2999.8;-0.7;0.0;0.0;10500.0;Off
0.5;2999.8;-0.8;0.0;0.0;10500.0;Off
0.6;2999.7;-1.0;0.0;0.0;10500.0;Off
0.7;2999.5;-1.1;0.0;0.0;10500.0;Off
0.8;2999.4;-1.3;0.0;0.0;10500.0;Off
0.9;2999.3;-1.5;0.0;0.0;10500.0;Off
1.0;2999.1;-1.6;0.0;0.0;10500.0;Off
1.1;2998.9;-1.8;0.0;0.0;10500.0;Off
1.2;2998.7;-2.0;0.0;0.0;10500.0;Off
1.3;2998.5;-2.1;0.0;0.0;10500.0;Off
1.4;2998.3;-2.3;0.0;0.0;10500.0;Off
1.5;2998.1;-2.4;0.0;0.0;10500.0;Off
1.6;2997.8;-2.6;0.0;0.0;10500.0;Off
1.7;2997.5;-2.8;0.0;0.0;10500.0;Off
1.8;2997.2;-2.9;0.0;0.0;10500.0;Off
1.9;2996.9;-3.1;0.0;0.0;10500.0;Off
2.0;2996.6;-3.3;0.0;0.0;10500.0;Off
2.1;2996.2;-3.4;0.0;0.0;10500.0;Off
2.2;2995.9;-3.6;0.0;0.0;10500.0;Off
2.3;2995.5;-3.7;0.0;0.0;10500.0;Off
2.4;2995.1;-3.9;0.0;0.0;10500.0;Off
2.5;2994.7;-4.1;0.0;0.0;10500.0;Off
2.6;2994.3;-4.2;0.0;0.0;10500.0;Off
2.7;2993.9;-4.4;0.0;0.0;10500.0;Off
2.8;2993.4;-4.6;0.0;0.0;10500.0;Off
2.9;2992.9;-4.7;0.0;0.0;10500.0;Off
3.0;2992.4;-4.9;0.0;0.0;10500.0;Off
3.1;2991.9;-5.0;0.0;0.0;10500.0;Off
3.2;2991.4;-5.2;0.0;0.0;10500.0;Off
3.3;2990.9;-5.4;0.0;0.0;10500.0;Off
3.4;2990.3;-5.5;0.0;0.0;10500.0;Off
3.5;2989.8;-5.7;0.0;0.0;10500.0;Off
3.6;2989.2;-5.9;0.0;0.0;10500.0;Off
3.7;2988.6;-6.0;0.0;0.0;10500.0;Off
3.8;2988.0;-6.2;0.0;0.0;10500.0;Off
3.9;2987.3;-6.3;0.0;0.0;10500.0;Off
4.0;2986.7;-6.5;0.0;0.0;10500.0;Off
4.1;2986.0;-6.7;0.0;0.0;10500.0;Off
4.2;2985.3;-6.8;0.0;0.0;10500.0;Off
4.3;2984.6;-7.0;0.0;0.0;10500.0;Off
4.4;2983.9;-7.1;0.0;0.0;10500.0;Off
4.5;2983.2;-7.3;0.0;0.0;10500.0;Off
4.6;2982.4;-7.5;0.0;0.0;10500.0;Off
4.7;2981.7;-7.6;0.0;0.0;10500.0;Off
4.8;2980.9;-7.8;0.0;0.0;10500.0;Off
4.9;2980.1;-8.0;0.0;0.0;10500.0;Off
5.0;2979.3;-8.1;0.0;0.0;10500.0;Off
5.1;2978.5;-8.3;0.0;0.0;10500.0;Off
5.2;2977.6;-8.4;0.0;0.0;10500.0;Off
5.3;2976.7;-8.6;0.0;0.0;10500.0;Off
5.4;2975.9;-8.8;0.0;0.0;10500.0;Off
5.5;2975.0;-8.9;0.0;0.0;10500.0;Off
5.6;2974.1;-9.1;0.0;0.0;10500.0;Off
5.7;2973.1;-9.3;0.0;0.0;10500.0;Off
5.8;2972.2;-9.4;0.0;0.0;10500.0;Off
5.9;2971.2;-9.6;0.0;0.0;10500.0;Off
6.0;2970.3;-9.7;0.0;0.0;10500.0;Off
6.1;2969.3;-9.9;0.0;0.0;10500.0;Off
6.2;2968.3;-10.1;0.0;0.0;10500.0;Off
6.3;2967.2;-10.2;0.0;0.0;10500.0;Off
6.4;2966.2;-10.4;0.0;0.0;10500.0;Off
6.5;2965.1;-10.6;0.0;0.0;10500.0;Off
6.6;2964.1;-10.7;0.0;0.0;10500.0;Off
6.7;2963.0;-10.9;0.0;0.0;10500.0;Off
6.8;2961.9;-11.1;0.0;0.0;10500.0;Off
6.9;2960.8;-11.2;0.0;0.0;10500.0;Off
7.0;2959.6;-11.4;0.0;0.0;10500.0;Off
7.1;2958.5;-11.5;0.0;0.0;10500.0;Off
7.2;2957.3;-11.7;0.0;0.0;10500.0;Off
7.3;2956.1;-11.9;0.0;0.0;10500.0;Off
7.4;2954.9;-12.0;0.0;0.0;10500.0;Off
7.5;2953.7;-12.2;0.0;0.0;10500.0;Off
7.6;2952.5;-12.4;0.0;0.0;10500.0;Off
7.7;2951.2;-12.5;0.0;0.0;10500.0;Off
7.8;2949.9;-12.7;0.0;0.0;10500.0;Off
7.9;2948.7;-12.8;0.0;0.0;10500.0;Off
8.0;2947.4;-13.0;0.0;0.0;10500.0;Off
8.1;2946.0;-13.2;0.0;0.0;10500.0;Off
8.2;2944.7;-13.3;0.0;0.0;10500.0;Off
8.3;2943.4;-13.5;0.0;0.0;10500.0;Off
8.4;2942.0;-13.7;0.0;0.0;10500.0;Off
8.5;2940.6;-13.8;0.0;0.0;10500.0;Off
8.6;2939.2;-14.0;0.0;0.0;10500.0;Off
8.7;2937.8;-14.1;0.0;0.0;10500.0;Off
8.8;2936.4;-14.3;0.0;0.0;10500.0;Off
8.9;2934.9;-14.5;0.0;0.0;10500.0;Off
9.0;2933.5;-14.6;0.0;0.0;10500.0;Off
9.1;2932.0;-14.8;0.0;0.0;10500.0;Off
9.2;2930.5;-15.0;0.0;0.0;10500.0;Off
9.3;2929.0;-15.1;0.0;0.0;10500.0;Off
9.4;2927.4;-15.3;0.0;0.0;10500.0;Off
9.5;2925.9;-15.4;0.0;0.0;10500.0;Off
9.6;2924.3;-15.6;0.0;0.0;10500.0;Off
9.7;2922.8;-15.8;0.0;0.0;10500.0;Off
9.8;2921.2;-15.9;0.0;0.0;10500.0;Off
9.9;2919.6;-16.1;0.0;0.0;10500.0;Off
10.0;2917.9;-16.3;0.0;0.0;10500.0;Off
10.1;2916.3;-16.4;0.0;0.0;10500.0;Off
10.2;2914.6;-16.6;0.0;0.0;10500.0;Off
10.3;2913.0;-16.7;0.0;0.0;10500.0;Off
10.4;2911.3;-16.9;0.0;0.0;10500.0;Off
10.5;2909.6;-17.1;0.0;0.0;10500.0;Off
10.6;2907.8;-17.2;0.0;0.0;10500.0;Off
10.7;2906.1;-17.4;0.0;0.0;10500.0;Off
10.8;2904.4;-17.6;0.0;0.0;10500.0;Off
10.9;2902.6;-17.7;0.0;0.0;10500.0;Off
11.0;2900.8;-17.9;0.0;0.0;10500.0;Off
11.1;2899.0;-18.0;0.0;0.0;10500.0;Off
11.2;2897.2;-18.2;0.0;0.0;10500.0;Off
11.3;2895.3;-18.4;0.0;0.0;10500.0;Off
11.4;2893.5;-18.5;0.0;0.0;10500.0;Off
11.5;2891.6;-18.7;0.0;0.0;10500.0;Off
11.6;2889.7;-18.9;0.0;0.0;10500.0;Off
11.7;2887.8;-19.0;0.0;0.0;10500.0;Off
11.8;2885.9;-19.2;0.0;0.0;10500.0;Off
11.9;2884.0;-19.3;0.0;0.0;10500.0;Off
12.0;2882.0;-19.5;0.0;0.0;10500.0;Off
12.1;2880.1;-19.7;0.0;0.0;10500.0;Off
12.2;2878.1;-19.8;0.0;0.0;10500.0;Off
12.3;2876.1;-20.0;0.0;0.0;10500.0;Off
12.4;2874.1;-20.2;0.0;0.0;10500.0;Off
12.5;2872.0;-20.3;0.0;0.0;10500.0;Off
12.6;2870.0;-20.5;0.0;0.0;10500.0;Off
12.7;2867.9;-20.6;0.0;0.0;10500.0;Off
12.8;2865.8;-20.8;0.0;0.0;10500.0;Off
12.9;2863.7;-21.0;0.0;0.0;10500.0;Off
13.0;2861.6;-21.1;0.0;0.0;10500.0;Off
13.1;2859.5;-21.3;0.0;0.0;10500.0;Off
13.2;2857.4;-21.5;0.0;0.0;10500.0;Off
13.3;2855.2;-21.6;0.0;0.0;10500.0;Off
13.4;2853.0;-21.8;0.0;0.0;10500.0;Off
13.5;2850.8;-21.9;0.0;0.0;10500.0;Off
13.6;2848.6;-22.1;0.0;0.0;10500.0;Off
13.7;2846.4;-22.3;0.0;0.0;10500.0;Off
13.8;2844.1;-22.4;0.0;0.0;10500.0;Off
13.9;2841.9;-22.6;0.0;0.0;10500.0;Off
14.0;2839.6;-22.8;0.0;0.0;10500.0;Off
14.1;2837.3;-22.9;0.0;0.0;10500.0;Off
14.2;2835.0;-23.1;0.0;0.0;10500.0;Off
14.3;2832.7;-23.2;0.0;0.0;10500.0;Off
14.4;2830.4;-23.4;0.0;0.0;10500.0;Off
14.5;2828.0;-23.6;0.0;0.0;10500.0;Off
14.6;2825.6;-23.7;0.0;0.0;10500.0;Off
14.7;2823.2;-23.9;0.0;0.0;10500.0;Off
14.8;2820.8;-24.1;0.0;0.0;10500.0;Off
14.9;2818.4;-24.2;0.0;0.0;10500.0;Off
15.0;2816.0;-24.4;0.0;0.0;10500.0;Off
15.1;2813.5;-24.5;0.0;0.0;10500.0;Off
15.2;2811.0;-24.7;0.0;0.0;10500.0;Off
15.3;2808.6;-24.9;0.0;0.0;10500.0;Off
15.4;2806.1;-25.0;0.0;0.0;10500.0;Off
15.5;2803.5;-25.2;0.0;0.0;10500.0;Off
15.6;2801.0;-25.4;0.0;0.0;10500.0;Off
15.7;2798.5;-25.5;0.0;0.0;10500.0;Off
15.8;2795.9;-25.7;0.0;0.0;10500.0;Off
15.9;2793.3;-25.8;0.0;0.0;10500.0;Off
16.0;2790.7;-26.0;0.0;0.0;10500.0;Off
16.1;2788.1;-26.2;0.0;0.0;10500.0;Off
16.2;2785.5;-26.3;0.0;0.0;10500.0;Off
16.3;2782.8;-26.5;0.0;0.0;10500.0;Off
16.4;2780.1;-26.7;0.0;0.0;10500.0;Off
16.5;2777.5;-26.8;0.0;0.0;10500.0;Off
16.6;2774.8;-27.0;0.0;0.0;10500.0;Off
16.7;2772.0;-27.1;0.0;0.0;10500.0;Off
16.8;2769.3;-27.3;0.0;0.0;10500.0;Off
16.9;2766.6;-27.5;0.0;0.0;10500.0;Off
17.0;2763.8;-27.6;0.0;0.0;10500.0;Off
17.1;2761.0;-27.8;0.0;0.0;10500.0;Off
17.2;2758.2;-28.0;0.0;0.0;10500.0;Off
17.3;2755.4;-28.1;0.0;0.0;10500.0;Off
17.4;2752.6;-28.3;0.0;0.0;10500.0;Off
17.5;2749.8;-28.4;0.0;0.0;10500.0;Off
17.6;2746.9;-28.6;0.0;0.0;10500.0;Off
17.7;2744.0;-28.8;0.0;0.0;10500.0;Off
17.8;2741.1;-28.9;0.0;0.0;10500.0;Off
17.9;2738.2;-29.1;0.0;0.0;10500.0;Off
18.0;2735.3;-29.3;0.0;0.0;10500.0;Off
18.1;2732.3;-29.4;0.0;0.0;10500.0;Off
18.2;2729.4;-29.6;0.0;0.0;10500.0;Off
18.3;2726.4;-29.7;0.0;0.0;10500.0;Off
18.4;2723.4;-29.9;0.0;0.0;10500.0;Off
18.5;2720.4;-30.1;0.0;0.0;10500.0;Off
18.6;2717.4;-30.2;0.0;0.0;10500.0;Off
18.7;2714.4;-30.4;0.0;0.0;10500.0;Off
18.8;2711.3;-30.6;0.0;0.0;10500.0;Off
18.9;2708.2;-30.7;0.0;0.0;10500.0;Off
19.0;2705.1;-30.9;0.0;0.0;10500.0;Off
19.1;2702.0;-31.0;0.0;0.0;10500.0;Off
19.2;2698.9;-31.2;0.0;0.0;10500.0;Off
19.3;2695.8;-31.4;0.0;0.0;10500.0;Off
19.4;2692.6;-31.5;0.0;0.0;10500.0;Off
19.5;2689.5;-31.7;0.0;0.0;10500.0;Off
19.6;2686.3;-31.9;0.0;0.0;10500.0;Off
19.7;2683.1;-32.0;0.0;0.0;10500.0;Off
19.8;2679.9;-32.2;0.0;0.0;10500.0;Off
19.9;2676.6;-32.3;0.0;0.0;10500.0;Off
20.0;2673.4;-32.5;0.0;0.0;10500.0;Off
20.1;2670.1;-32.7;0.0;0.0;10500.0;Off
20.2;2666.8;-32.8;0.0;0.0;10500.0;Off
20.3;2663.5;-33.0;0.0;0.0;10500.0;Off
20.4;2660.2;-33.2;0.0;0.0;10500.0;Off
20.5;2656.9;-33.3;0.0;0.0;10500.0;Off
20.6;2653.5;-33.5;0.0;0.0;10500.0;Off
20.7;2650.2;-33.6;0.0;0.0;10500.0;Off
20.8;2646.8;-33.8;0.0;0.0;10500.0;Off
20.9;2643.4;-34.0;0.0;0.0;10500.0;Off
21.0;2640.0;-34.1;0.0;0.0;10500.0;Off
21.1;2636.6;-34.3;0.0;0.0;10500.0;Off
21.2;2633.1;-34.5;0.0;0.0;10500.0;Off
21.3;2629.6;-34.6;0.0;0.0;10500.0;Off
21.4;2626.2;-34.8;0.0;0.0;10500.0;Off
21.5;2622.7;-34.9;0.0;0.0;10500.0;Off
21.6;2619.2;-35.1;0.0;0.0;10500.0;Off
21.7;2615.6;-35.3;0.0;0.0;10500.0;Off
21.8;2612.1;-35.4;0.0;0.0;10500.0;Off
21.9;2608.5;-35.6;0.0;0.0;10500.0;Off
22.0;2605.0;-35.8;0.0;0.0;10500.0;Off
22.1;2601.4;-35.9;0.0;0.0;10500.0;Off
22.2;2597.8;-36.1;0.0;0.0;10500.0;Off
22.3;2594.1;-36.2;0.0;0.0;10500.0;Off
22.4;2590.5;-36.4;0.0;0.0;10500.0;Off
22.5;2586.8;-36.6;0.0;0.0;10500.0;Off
22.6;2583.2;-36.7;0.0;0.0;10500.0;Off
22.7;2579.5;-36.9;0.0;0.0;10500.0;Off
22.8;2575.8;-37.1;0.0;0.0;10500.0;Off
22.9;2572.1;-37.2;0.0;0.0;10500.0;Off
23.0;2568.3;-37.4;0.0;0.0;10500.0;Off
23.1;2564.6;-37.5;0.0;0.0;10500.0;Off
23.2;2560.8;-37.7;0.0;0.0;10500.0;Off
23.3;2557.0;-37.9;0.0;0.0;10500.0;Off
23.4;2553.2;-38.0;0.0;0.0;10500.0;Off
23.5;2549.4;-38.2;0.0;0.0;10500.0;Off
23.6;2545.6;-38.4;0.0;0.0;10500.0;Off
23.7;2541.7;-38.5;0.0;0.0;10500.0;Off
23.8;2537.8;-38.7;0.0;0.0;10500.0;Off
23.9;2534.0;-38.8;0.0;0.0;10500.0;Off
24.0;2530.1;-39.0;0.0;0.0;10500.0;Off
24.1;2526.1;-39.2;0.0;0.0;10500.0;Off
24.2;2522.2;-39.3;0.0;0.0;10500.0;Off
24.3;2518.3;-39.5;0.0;0.0;10500.0;Off
24.4;2514.3;-39.7;0.0;0.0;10500.0;Off
24.5;2510.3;-39.8;0.0;0.0;10500.0;Off
24.6;2506.3;-40.0;0.0;0.0;10500.0;Off
24.7;2502.3;-40.1;0.0;0.0;10500.0;Off
24.8;2498.3;-40.3;0.0;0.0;10500.0;Off
24.9;2494.2;-40.5;0.0;0.0;10500.0;Off
25.0;2490.2;-40.6;0.0;0.0;10500.0;Off
25.1;2486.1;-40.8;0.0;0.0;10500.0;Off
25.2;2482.0;-41.0;0.0;0.0;10500.0;Off
25.3;2477.9;-41.1;0.0;0.0;10500.0;Off
25.4;2473.7;-41.3;0.0;0.0;10500.0;Off
25.5;2469.6;-41.4;0.0;0.0;10500.0;Off
25.6;2465.4;-41.6;0.0;0.0;10500.0;Off
25.7;2461.3;-41.8;0.0;0.0;10500.0;Off
25.8;2457.1;-41.9;0.0;0.0;10500.0;Off
25.9;2452.9;-42.1;0.0;0.0;10500.0;Off
26.0;2448.6;-42.3;0.0;0.0;10500.0;Off
26.1;2444.4;-42.4;0.0;0.0;10500.0;Off
26.2;2440.1;-42.6;0.0;0.0;10500.0;Off
26.3;2435.9;-42.7;0.0;0.0;10500.0;Off
26.4;2431.6;-42.9;0.0;0.0;10500.0;Off
26.5;2427.3;-43.1;0.0;0.0;10500.0;Off
26.6;2422.9;-43.2;0.0;0.0;10500.0;Off
26.7;2418.6;-43.4;0.0;0.0;10500.0;Off
26.8;2414.3;-43.6;0.0;0.0;10500.0;Off
26.9;2409.9;-43.7;0.0;0.0;10500.0;Off
27.0;2405.5;-43.9;0.0;0.0;10500.0;Off
27.1;2401.1;-44.0;0.0;0.0;10500.0;Off
27.2;2396.7;-44.2;0.0;0.0;10500.0;Off
27.3;2392.2;-44.4;0.0;0.0;10500.0;Off
27.4;2387.8;-44.5;0.0;0.0;10500.0;Off
27.5;2383.3;-44.7;0.0;0.0;10500.0;Off
27.6;2378.8;-44.9;0.0;0.0;10500.0;Off
27.7;2374.3;-45.0;0.0;0.0;10500.0;Off
27.8;2369.8;-45.2;0.0;0.0;10500.0;Off
27.9;2365.3;-45.3;0.0;0.0;10500.0;Off
28.0;2360.7;-45.5;0.0;0.0;10500.0;Off
28.1;2356.2;-45.7;0.0;0.0;10500.0;Off
28.2;2351.6;-45.8;0.0;0.0;10500.0;Off
28.3;2347.0;-46.0;0.0;0.0;10500.0;Off
28.4;2342.4;-46.2;0.0;0.0;10500.0;Off
28.5;2337.7;-46.3;0.0;0.0;10500.0;Off
28.6;2333.1;-46.5;0.0;0.0;10500.0;Off
28.7;2328.4;-46.6;0.0;0.0;10500.0;Off
28.8;2323.7;-46.8;0.0;0.0;10500.0;Off
28.9;2319.0;-47.0;0.0;0.0;10500.0;Off
29.0;2314.3;-47.1;0.0;0.0;10500.0;Off
29.1;2309.6;-47.3;0.0;0.0;10500.0;Off
29.2;2304.9;-47.5;0.0;0.0;10500.0;Off
29.3;2300.1;-47.6;0.0;0.0;10500.0;Off
29.4;2295.3;-47.8;0.0;0.0;10500.0;Off
29.5;2290.5;-47.9;0.0;0.0;10500.0;Off
29.6;2285.7;-48.1;0.0;0.0;10500.0;Off
29.7;2280.9;-48.3;0.0;0.0;10500.0;Off
29.8;2276.0;-48.4;0.0;0.0;10500.0;Off
29.9;2271.2;-48.6;0.0;0.0;10500.0;Off
30.0;2266.3;-48.8;0.0;0.0;10500.0;Off
30.1;2261.4;-48.9;0.0;0.0;10500.0;Off
30.2;2256.5;-49.1;0.0;0.0;10500.0;Off
30.3;2251.6;-49.2;0.0;0.0;10500.0;Off
30.4;2246.7;-49.4;0.0;0.0;10500.0;Off
30.5;2241.7;-49.6;0.0;0.0;10500.0;Off
30.6;2236.7;-49.7;0.0;0.0;10500.0;Off
30.7;2231.7;-49.9;0.0;0.0;10500.0;Off
30.8;2226.7;-50.1;0.0;0.0;10500.0;Off
30.9;2221.7;-50.2;0.0;0.0;10500.0;Off
31.0;2216.7;-50.4;0.0;0.0;10500.0;Off
31.1;2211.6;-50.5;0.0;0.0;10500.0;Off
31.2;2206.5;-50.7;0.0;0.0;10500.0;Off
31.3;2201.5;-50.9;0.0;0.0;10500.0;Off
31.4;2196.4;-51.0;0.0;0.0;10500.0;Off
31.5;2191.2;-51.2;0.0;0.0;10500.0;Off
31.6;2186.1;-51.4;0.0;0.0;10500.0;Off
31.7;2181.0;-51.5;0.0;0.0;10500.0;Off
31.8;2175.8;-51.7;0.0;0.0;10500.0;Off
31.9;2170.6;-51.8;0.0;0.0;10500.0;Off
32.0;2165.4;-52.0;0.0;0.0;10500.0;Off
32.1;2160.2;-52.2;0.0;0.0;10500.0;Off
32.2;2155.0;-52.3;0.0;0.0;10500.0;Off
32.3;2149.7;-52.5;0.0;0.0;10500.0;Off
32.4;2144.4;-52.7;0.0;0.0;10500.0;Off
32.5;2139.2;-52.8;0.0;0.0;10500.0;Off
32.6;2133.9;-53.0;0.0;0.0;10500.0;Off
32.7;2128.5;-53.1;0.0;0.0;10500.0;Off
32.8;2123.2;-53.3;0.0;0.0;10500.0;Off
32.9;2117.9;-53.5;0.0;0.0;10500.0;Off
33.0;2112.5;-53.6;0.0;0.0;10500.0;Off
33.1;2107.1;-53.8;0.0;0.0;10500.0;Off
33.2;2101.7;-54.0;0.0;0.0;10500.0;Off
33.3;2096.3;-54.1;0.0;0.0;10500.0;Off
33.4;2090.9;-54.3;0.0;0.0;10500.0;Off
33.5;2085.5;-54.4;0.0;0.0;10500.0;Off
33.6;2080.0;-54.6;0.0;0.0;10500.0;Off
33.7;2074.5;-54.8;0.0;0.0;10500.0;Off
33.8;2069.0;-54.9;0.0;0.0;10500.0;Off
33.9;2063.5;-55.1;0.0;0.0;10500.0;Off
34.0;2058.0;-55.3;0.0;0.0;10500.0;Off
34.1;2052.4;-55.4;0.0;0.0;10500.0;Off
34.2;2046.9;-55.6;0.0;0.0;10500.0;Off
34.3;2041.3;-55.7;0.0;0.0;10500.0;Off
34.4;2035.7;-55.9;0.0;0.0;10500.0;Off
34.5;2030.1;-56.1;0.0;0.0;10500.0;Off
34.6;2024.5;-56.2;0.0;0.0;10500.0;Off
34.7;2018.9;-56.4;0.0;0.0;10500.0;Off
34.8;2013.2;-56.6;0.0;0.0;10500.0;Off
34.9;2007.5;-56.7;0.0;0.0;10500.0;Off
35.0;2001.8;-56.9;0.0;0.0;10500.0;Off
35.1;1996.1;-57.0;0.0;0.0;10500.0;Off
35.2;1990.4;-57.2;0.0;0.0;10500.0;Off
35.3;1984.7;-57.4;0.0;0.0;10500.0;Off
35.4;1978.9;-57.5;0.0;0.0;10500.0;Off
35.5;1973.2;-57.7;0.0;0.0;10500.0;Off
35.6;1967.4;-57.9;0.0;0.0;10500.0;Off
35.7;1961.6;-58.0;0.0;0.0;10500.0;Off
35.8;1955.8;-58.2;0.0;0.0;10500.0;Off
35.9;1949.9;-58.3;0.0;0.0;10500.0;Off
36.0;1944.1;-58.5;0.0;0.0;10500.0;Off
36.1;1938.2;-58.7;0.0;0.0;10500.0;Off
36.2;1932.3;-58.8;0.0;0.0;10500.0;Off
36.3;1926.4;-59.0;0.0;0.0;10500.0;Off
36.4;1920.5;-59.2;0.0;0.0;10500.0;Off
36.5;1914.6;-59.3;0.0;0.0;10500.0;Off
36.6;1908.6;-59.5;0.0;0.0;10500.0;Off
36.7;1902.7;-59.6;0.0;0.0;10500.0;Off
36.8;1896.7;-59.8;0.0;0.0;10500.0;Off
36.9;1890.7;-60.0;0.0;0.0;10500.0;Off
37.0;1884.7;-60.1;0.0;0.0;10500.0;Off
37.1;1878.7;-60.3;0.0;0.0;10500.0;Off
37.2;1872.6;-60.5;0.0;0.0;10500.0;Off
37.3;1866.5;-60.6;0.0;0.0;10500.0;Off
37.4;1860.5;-60.8;0.0;0.0;10500.0;Off
37.5;1854.4;-60.9;0.0;0.0;10500.0;Off
37.6;1848.3;-61.1;0.0;0.0;10500.0;Off
37.7;1842.1;-61.3;0.0;0.0;10500.0;Off
37.8;1836.0;-61.4;0.0;0.0;10500.0;Off
37.9;1829.8;-61.6;0.0;0.0;10500.0;Off
38.0;1823.7;-61.8;0.0;0.0;10500.0;Off
38.1;1817.5;-61.9;0.0;0.0;10500.0;Off
38.2;1811.3;-62.1;0.0;0.0;10500.0;Off
38.3;1805.0;-62.2;0.0;0.0;10500.0;Off
38.4;1798.8;-62.4;0.0;0.0;10500.0;Off
38.5;1792.5;-62.6;0.0;0.0;10500.0;Off
38.6;1786.3;-62.7;0.0;0.0;10500.0;Off
38.7;1780.0;-62.9;0.0;0.0;10500.0;Off
38.8;1773.7;-63.1;0.0;0.0;10500.0;Off
38.9;1767.4;-63.2;0.0;0.0;10500.0;Off
39.0;1761.0;-63.4;0.0;0.0;10500.0;Off
39.1;1754.7;-63.5;0.0;0.0;10500.0;Off
39.2;1748.3;-63.7;0.0;0.0;10500.0;Off
39.3;1741.9;-63.9;100.0;0.0;10500.0;Ignition
39.4;1735.5;-64.0;100.0;0.0;10500.0;Ignition
39.5;1729.1;-64.2;100.0;0.0;10500.0;Ignition
39.6;1722.7;-64.4;100.0;0.0;10500.0;Ignition
39.7;1716.2;-64.5;100.0;0.0;10500.0;Ignition
39.8;1709.7;-64.7;100.0;0.0;10500.0;Ignition
39.9;1703.2;-64.8;100.0;0.0;10500.0;Ignition
40.0;1696.7;-65.0;100.0;0.0;10500.0;Throttling
40.1;1690.2;-65.1;100.0;0.0;10499.8;Throttling
40.2;1683.7;-65.2;100.0;0.1;10499.3;Throttling
40.3;1677.2;-65.2;100.0;0.2;10498.3;Throttling
40.4;1670.7;-65.0;100.0;0.3;10496.9;Throttling
40.5;1664.2;-64.9;100.0;0.3;10495.3;Active
40.6;1657.7;-64.8;100.0;0.3;10493.8;Active
40.7;1651.3;-64.6;100.0;0.3;10492.3;Active
40.8;1644.8;-64.5;100.0;0.3;10490.8;Active
40.9;1638.4;-64.4;100.0;0.3;10489.2;Active
41.0;1632.0;-64.2;100.0;0.3;10487.7;Active
41.1;1625.5;-64.1;100.0;0.3;10486.2;Active
41.2;1619.2;-63.9;100.0;0.3;10484.6;Active
41.3;1612.8;-63.8;100.0;0.3;10483.1;Active
41.4;1606.4;-63.7;100.0;0.3;10481.6;Active
41.5;1600.1;-63.5;100.0;0.3;10480.0;Active
41.6;1593.7;-63.4;100.0;0.3;10478.5;Active
41.7;1587.4;-63.3;100.0;0.3;10477.0;Active
41.8;1581.1;-63.1;100.0;0.3;10475.5;Active
41.9;1574.8;-63.0;100.0;0.3;10473.9;Active
42.0;1568.5;-62.8;100.0;0.3;10472.4;Active
42.1;1562.2;-62.7;100.0;0.3;10470.9;Active
42.2;1556.0;-62.6;100.0;0.3;10469.3;Active
42.3;1549.7;-62.4;100.0;0.3;10467.8;Active
42.4;1543.5;-62.3;100.0;0.3;10466.3;Active
42.5;1537.3;-62.2;100.0;0.3;10464.7;Active
42.6;1531.1;-62.0;100.0;0.3;10463.2;Active
42.7;1524.9;-61.9;100.0;0.3;10461.7;Active
42.8;1518.7;-61.7;100.0;0.3;10460.2;Active
42.9;1512.6;-61.6;100.0;0.3;10458.6;Active
43.0;1506.4;-61.5;100.0;0.3;10457.1;Active
43.1;1500.3;-61.3;100.0;0.3;10455.6;Active
43.2;1494.2;-61.2;100.0;0.3;10454.0;Active
43.3;1488.0;-61.0;100.0;0.3;10452.5;Active
43.4;1482.0;-60.9;100.0;0.3;10451.0;Active
43.5;1475.9;-60.8;100.0;0.3;10449.4;Active
43.6;1469.8;-60.6;100.0;0.3;10447.9;Active
43.7;1463.8;-60.5;100.0;0.3;10446.4;Active
43.8;1457.7;-60.4;100.0;0.3;10444.9;Active
43.9;1451.7;-60.2;100.0;0.3;10443.3;Active
44.0;1445.7;-60.1;100.0;0.3;10441.8;Active
44.1;1439.7;-59.9;100.0;0.3;10440.3;Active
44.2;1433.7;-59.8;100.0;0.3;10438.7;Active
44.3;1427.8;-59.7;100.0;0.3;10437.2;Active
44.4;1421.8;-59.5;100.0;0.3;10435.7;Active
44.5;1415.9;-59.4;100.0;0.3;10434.1;Active
44.6;1409.9;-59.2;100.0;0.3;10432.6;Active
44.7;1404.0;-59.1;100.0;0.3;10431.1;Active
44.8;1398.1;-59.0;100.0;0.3;10429.6;Active
44.9;1392.3;-58.8;100.0;0.3;10428.0;Active
45.0;1386.4;-58.7;100.0;0.3;10426.5;Active
45.1;1380.5;-58.6;100.0;0.3;10425.0;Active
45.2;1374.7;-58.4;100.0;0.3;10423.4;Active
45.3;1368.9;-58.3;100.0;0.3;10421.9;Active
45.4;1363.0;-58.1;100.0;0.3;10420.4;Active
45.5;1357.3;-58.0;100.0;0.3;10418.8;Active
45.6;1351.5;-57.9;100.0;0.3;10417.3;Active
45.7;1345.7;-57.7;100.0;0.3;10415.8;Active
45.8;1339.9;-57.6;100.0;0.3;10414.3;Active
45.9;1334.2;-57.4;100.0;0.3;10412.7;Active
46.0;1328.5;-57.3;100.0;0.3;10411.2;Active
46.1;1322.7;-57.2;100.0;0.3;10409.7;Active
46.2;1317.0;-57.0;100.0;0.3;10408.1;Active
46.3;1311.4;-56.9;100.0;0.3;10406.6;Active
46.4;1305.7;-56.7;100.0;0.3;10405.1;Active
46.5;1300.0;-56.6;100.0;0.3;10403.5;Active
46.6;1294.4;-56.5;100.0;0.3;10402.0;Active
46.7;1288.7;-56.3;100.0;0.3;10400.5;Active
46.8;1283.1;-56.2;100.0;0.3;10399.0;Active
46.9;1277.5;-56.0;100.0;0.3;10397.4;Active
47.0;1271.9;-55.9;100.0;0.3;10395.9;Active
47.1;1266.4;-55.8;100.0;0.3;10394.4;Active
47.2;1260.8;-55.6;100.0;0.3;10392.8;Active
47.3;1255.2;-55.5;100.0;0.3;10391.3;Active
47.4;1249.7;-55.3;100.0;0.3;10389.8;Active
47.5;1244.2;-55.2;100.0;0.3;10388.2;Active
47.6;1238.7;-55.1;100.0;0.3;10386.7;Active
47.7;1233.2;-54.9;100.0;0.3;10385.2;Active
47.8;1227.7;-54.8;100.0;0.3;10383.7;Active
47.9;1222.2;-54.6;100.0;0.3;10382.1;Active
48.0;1216.8;-54.5;100.0;0.3;10380.6;Active
48.1;1211.4;-54.4;100.0;0.3;10379.1;Active
48.2;1205.9;-54.2;100.0;0.3;10377.5;Active
48.3;1200.5;-54.1;100.0;0.3;10376.0;Active
48.4;1195.1;-53.9;100.0;0.3;10374.5;Active
48.5;1189.7;-53.8;100.0;0.3;10372.9;Active
48.6;1184.4;-53.7;100.0;0.3;10371.4;Active
48.7;1179.0;-53.5;100.0;0.3;10369.9;Active
48.8;1173.7;-53.4;100.0;0.3;10368.4;Active
48.9;1168.4;-53.2;100.0;0.3;10366.8;Active
49.0;1163.1;-53.1;100.0;0.3;10365.3;Active
49.1;1157.8;-53.0;100.0;0.3;10363.8;Active
49.2;1152.5;-52.8;100.0;0.3;10362.2;Active
49.3;1147.2;-52.7;100.0;0.3;10360.7;Active
49.4;1142.0;-52.5;100.0;0.3;10359.2;Active
49.5;1136.7;-52.4;100.0;0.3;10357.6;Active
49.6;1131.5;-52.3;100.0;0.3;10356.1;Active
49.7;1126.3;-52.1;100.0;0.3;10354.6;Active
49.8;1121.1;-52.0;100.0;0.3;10353.1;Active
49.9;1115.9;-51.8;100.0;0.3;10351.5;Active
50.0;1110.7;-51.7;100.0;0.3;10350.0;Active
50.1;1105.6;-51.6;100.0;0.3;10348.5;Active
50.2;1100.4;-51.4;100.0;0.3;10346.9;Active
50.3;1095.3;-51.3;100.0;0.3;10345.4;Active
50.4;1090.2;-51.1;100.0;0.3;10343.9;Active
50.5;1085.1;-51.0;100.0;0.3;10342.3;Active
50.6;1080.0;-50.9;100.0;0.3;10340.8;Active
50.7;1074.9;-50.7;100.0;0.3;10339.3;Active
50.8;1069.9;-50.6;100.0;0.3;10337.8;Active
50.9;1064.8;-50.4;100.0;0.3;10336.2;Active
51.0;1059.8;-50.3;100.0;0.3;10334.7;Active
51.1;1054.8;-50.2;100.0;0.3;10333.2;Active
51.2;1049.8;-50.0;100.0;0.3;10331.6;Active
51.3;1044.8;-49.9;100.0;0.3;10330.1;Active
51.4;1039.8;-49.7;100.0;0.3;10328.6;Active
51.5;1034.9;-49.6;100.0;0.3;10327.0;Active
51.6;1029.9;-49.5;100.0;0.3;10325.5;Active
51.7;1025.0;-49.3;100.0;0.3;10324.0;Active
51.8;1020.1;-49.2;100.0;0.3;10322.5;Active
51.9;1015.2;-49.0;100.0;0.3;10320.9;Active
52.0;1010.3;-48.9;100.0;0.3;10319.4;Active
52.1;1005.4;-48.7;100.0;0.3;10317.9;Active
52.2;1000.5;-48.6;100.0;0.3;10316.3;Active
52.3;995.7;-48.5;100.0;0.3;10314.8;Active
52.4;990.9;-48.3;100.0;0.3;10313.3;Active
52.5;986.0;-48.2;100.0;0.3;10311.7;Active
52.6;981.2;-48.0;100.0;0.3;10310.2;Active
52.7;976.4;-47.9;100.0;0.3;10308.7;Active
52.8;971.7;-47.8;100.0;0.3;10307.2;Active
52.9;966.9;-47.6;100.0;0.3;10305.6;Active
53.0;962.2;-47.5;100.0;0.3;10304.1;Active
53.1;957.4;-47.3;100.0;0.3;10302.6;Active
53.2;952.7;-47.2;100.0;0.3;10301.0;Active
53.3;948.0;-47.0;100.0;0.3;10299.5;Active
53.4;943.3;-46.9;100.0;0.3;10298.0;Active
53.5;938.6;-46.8;100.0;0.3;10296.4;Active
53.6;934.0;-46.6;100.0;0.3;10294.9;Active
53.7;929.3;-46.5;100.0;0.3;10293.4;Active
53.8;924.7;-46.3;100.0;0.3;10291.9;Active
53.9;920.1;-46.2;100.0;0.3;10290.3;Active
54.0;915.5;-46.1;100.0;0.3;10288.8;Active
54.1;910.9;-45.9;100.0;0.3;10287.3;Active
54.2;906.3;-45.8;100.0;0.3;10285.7;Active
54.3;901.7;-45.6;100.0;0.3;10284.2;Active
54.4;897.2;-45.5;100.0;0.3;10282.7;Active
54.5;892.6;-45.3;100.0;0.3;10281.1;Active
54.6;888.1;-45.2;100.0;0.3;10279.6;Active
54.7;883.6;-45.1;100.0;0.3;10278.1;Active
54.8;879.1;-44.9;100.0;0.3;10276.6;Active
54.9;874.6;-44.8;100.0;0.3;10275.0;Active
55.0;870.2;-44.6;100.0;0.3;10273.5;Active
55.1;865.7;-44.5;100.0;0.3;10272.0;Active
55.2;861.3;-44.4;100.0;0.3;10270.4;Active
55.3;856.9;-44.2;100.0;0.3;10268.9;Active
55.4;852.5;-44.1;100.0;0.3;10267.4;Active
55.5;848.1;-43.9;100.0;0.3;10265.8;Active
55.6;843.7;-43.8;100.0;0.3;10264.3;Active
55.7;839.3;-43.6;100.0;0.3;10262.8;Active
55.8;835.0;-43.5;100.0;0.3;10261.3;Active
55.9;830.7;-43.4;100.0;0.3;10259.7;Active
56.0;826.3;-43.2;100.0;0.3;10258.2;Active
56.1;822.0;-43.1;100.0;0.3;10256.7;Active
56.2;817.7;-42.9;100.0;0.3;10255.1;Active
56.3;813.4;-42.8;100.0;0.3;10253.6;Active
56.4;809.2;-42.6;100.0;0.3;10252.1;Active
56.5;804.9;-42.5;100.0;0.3;10250.5;Active
56.6;800.7;-42.4;100.0;0.3;10249.0;Active
56.7;796.5;-42.2;100.0;0.3;10247.5;Active
56.8;792.3;-42.1;100.0;0.3;10246.0;Active
56.9;788.1;-41.9;100.0;0.3;10244.4;Active
57.0;783.9;-41.8;100.0;0.3;10242.9;Active
57.1;779.7;-41.6;100.0;0.3;10241.4;Active
57.2;775.6;-41.5;100.0;0.3;10239.8;Active
57.3;771.4;-41.4;100.0;0.3;10238.3;Active
57.4;767.3;-41.2;100.0;0.3;10236.8;Active
57.5;763.2;-41.1;100.0;0.3;10235.2;Active
57.6;759.1;-40.9;100.0;0.3;10233.7;Active
57.7;755.0;-40.8;100.0;0.3;10232.2;Active
57.8;751.0;-40.6;100.0;0.3;10230.7;Active
57.9;746.9;-40.5;100.0;0.3;10229.1;Active
58.0;742.9;-40.4;100.0;0.3;10227.6;Active
58.1;738.9;-40.2;100.0;0.3;10226.1;Active
58.2;734.9;-40.1;100.0;0.3;10224.5;Active
58.3;730.9;-39.9;100.0;0.3;10223.0;Active
58.4;726.9;-39.8;100.0;0.3;10221.5;Active
58.5;722.9;-39.6;100.0;0.3;10219.9;Active
58.6;719.0;-39.5;100.0;0.3;10218.4;Active
58.7;715.0;-39.4;100.0;0.3;10216.9;Active
58.8;711.1;-39.2;100.0;0.3;10215.4;Active
58.9;707.2;-39.1;100.0;0.3;10213.8;Active
59.0;703.3;-38.9;100.0;0.3;10212.3;Active
59.1;699.4;-38.8;100.0;0.3;10210.8;Active
59.2;695.6;-38.6;100.0;0.3;10209.2;Active
59.3;691.7;-38.5;100.0;0.3;10207.7;Active
59.4;687.9;-38.4;100.0;0.3;10206.2;Active
59.5;684.1;-38.2;100.0;0.3;10204.6;Active
59.6;680.3;-38.1;100.0;0.3;10203.1;Active
59.7;676.5;-37.9;100.0;0.3;10201.6;Active
59.8;672.7;-37.8;100.0;0.3;10200.1;Active
59.9;668.9;-37.6;100.0;0.3;10198.5;Active
60.0;665.2;-37.5;100.0;0.3;10197.0;Active
60.1;661.4;-37.4;100.0;0.3;10195.5;Active
60.2;657.7;-37.2;100.0;0.3;10193.9;Active
60.3;654.0;-37.1;100.0;0.3;10192.4;Active
60.4;650.3;-36.9;100.0;0.3;10190.9;Active
60.5;646.6;-36.8;100.0;0.3;10189.3;Active
60.6;643.0;-36.6;100.0;0.3;10187.8;Active
60.7;639.3;-36.5;100.0;0.3;10186.3;Active
60.8;635.7;-36.3;100.0;0.3;10184.8;Active
60.9;632.1;-36.2;100.0;0.3;10183.2;Active
61.0;628.5;-36.1;100.0;0.3;10181.7;Active
61.1;624.9;-35.9;100.0;0.3;10180.2;Active
61.2;621.3;-35.8;100.0;0.3;10178.6;Active
61.3;617.7;-35.6;100.0;0.3;10177.1;Active
61.4;614.2;-35.5;100.0;0.3;10175.6;Active
61.5;610.7;-35.3;100.0;0.3;10174.0;Active
61.6;607.1;-35.2;100.0;0.3;10172.5;Active
61.7;603.6;-35.0;100.0;0.3;10171.0;Active
61.8;600.1;-34.9;100.0;0.3;10169.5;Active
61.9;596.7;-34.8;100.0;0.3;10167.9;Active
62.0;593.2;-34.6;100.0;0.3;10166.4;Active
62.1;589.8;-34.5;100.0;0.3;10164.9;Active
62.2;586.3;-34.3;100.0;0.3;10163.3;Active
62.3;582.9;-34.2;100.0;0.3;10161.8;Active
62.4;579.5;-34.0;100.0;0.3;10160.3;Active
62.5;576.1;-33.9;100.0;0.3;10158.7;Active
62.6;572.7;-33.7;100.0;0.3;10157.2;Active
62.7;569.4;-33.6;100.0;0.3;10155.7;Active
62.8;566.0;-33.5;100.0;0.3;10154.2;Active
62.9;562.7;-33.3;100.0;0.3;10152.6;Active
63.0;559.4;-33.2;100.0;0.3;10151.1;Active
63.1;556.1;-33.0;100.0;0.3;10149.6;Active
63.2;552.8;-32.9;100.0;0.3;10148.0;Active
63.3;549.5;-32.7;100.0;0.3;10146.5;Active
63.4;546.3;-32.6;100.0;0.3;10145.0;Active
63.5;543.0;-32.4;100.0;0.3;10143.4;Active
63.6;539.8;-32.3;100.0;0.3;10141.9;Active
63.7;536.6;-32.2;100.0;0.3;10140.4;Active
63.8;533.4;-32.0;100.0;0.3;10138.9;Active
63.9;530.2;-31.9;100.0;0.3;10137.3;Active
64.0;527.0;-31.7;100.0;0.3;10135.8;Active
64.1;523.9;-31.6;100.0;0.3;10134.3;Active
64.2;520.7;-31.4;100.0;0.3;10132.7;Active
64.3;517.6;-31.3;100.0;0.3;10131.2;Active
64.4;514.5;-31.1;100.0;0.3;10129.7;Active
64.5;511.4;-31.0;100.0;0.3;10128.1;Active
64.6;508.3;-30.9;100.0;0.3;10126.6;Active
64.7;505.2;-30.7;100.0;0.3;10125.1;Active
64.8;502.2;-30.6;100.0;0.3;10123.6;Active
64.9;499.1;-30.4;100.0;0.3;10122.0;Active
65.0;496.1;-30.3;100.0;0.3;10120.5;Active
65.1;493.1;-30.1;100.0;0.3;10119.0;Active
65.2;490.1;-30.0;100.0;0.3;10117.4;Active
65.3;487.1;-29.8;100.0;0.3;10115.9;Active
65.4;484.1;-29.7;100.0;0.3;10114.4;Active
65.5;481.2;-29.5;100.0;0.3;10112.8;Active
65.6;478.2;-29.4;100.0;0.3;10111.3;Active
65.7;475.3;-29.3;100.0;0.3;10109.8;Active
65.8;472.4;-29.1;100.0;0.3;10108.3;Active
65.9;469.5;-29.0;100.0;0.3;10106.7;Active
66.0;466.6;-28.8;100.0;0.3;10105.2;Active
66.1;463.7;-28.7;100.0;0.3;10103.7;Active
66.2;460.9;-28.5;100.0;0.3;10102.1;Active
66.3;458.1;-28.4;100.0;0.3;10100.6;Active
66.4;455.2;-28.2;100.0;0.3;10099.1;Active
66.5;452.4;-28.1;100.0;0.3;10097.5;Active
66.6;449.6;-27.9;100.0;0.3;10096.0;Active
66.7;446.9;-27.8;100.0;0.3;10094.5;Active
66.8;444.1;-27.7;100.0;0.3;10093.0;Active
66.9;441.3;-27.5;100.0;0.3;10091.4;Active
67.0;438.6;-27.4;100.0;0.3;10089.9;Active
67.1;435.9;-27.2;100.0;0.3;10088.4;Active
67.2;433.2;-27.1;100.0;0.3;10086.8;Active
67.3;430.5;-26.9;100.0;0.3;10085.3;Active
67.4;427.8;-26.8;100.0;0.3;10083.8;Active
67.5;425.1;-26.6;100.0;0.3;10082.2;Active
67.6;422.5;-26.5;100.0;0.3;10080.7;Active
67.7;419.9;-26.3;100.0;0.3;10079.2;Active
67.8;417.2;-26.2;100.0;0.3;10077.7;Active
67.9;414.6;-26.0;100.0;0.3;10076.1;Active
68.0;412.0;-25.9;100.0;0.3;10074.6;Active
68.1;409.5;-25.8;100.0;0.3;10073.1;Active
68.2;406.9;-25.6;100.0;0.3;10071.5;Active
68.3;404.4;-25.5;100.0;0.3;10070.0;Active
68.4;401.8;-25.3;100.0;0.3;10068.5;Active
68.5;399.3;-25.2;100.0;0.3;10066.9;Active
68.6;396.8;-25.0;100.0;0.3;10065.4;Active
68.7;394.3;-24.9;100.0;0.3;10063.9;Active
68.8;391.9;-24.7;100.0;0.3;10062.4;Active
68.9;389.4;-24.6;100.0;0.3;10060.8;Active
69.0;387.0;-24.4;100.0;0.3;10059.3;Active
69.1;384.5;-24.3;100.0;0.3;10057.8;Active
69.2;382.1;-24.1;100.0;0.3;10056.2;Active
69.3;379.7;-24.0;100.0;0.3;10054.7;Active
69.4;377.3;-23.8;100.0;0.3;10053.2;Active
69.5;375.0;-23.7;100.0;0.3;10051.6;Active
69.6;372.6;-23.6;100.0;0.3;10050.1;Active
69.7;370.3;-23.4;100.0;0.3;10048.6;Active
69.8;367.9;-23.3;100.0;0.3;10047.0;Active
69.9;365.6;-23.1;100.0;0.3;10045.5;Active
70.0;363.3;-23.0;100.0;0.3;10044.0;Active
70.1;361.0;-22.8;100.0;0.3;10042.5;Active
70.2;358.8;-22.7;100.0;0.3;10040.9;Active
70.3;356.5;-22.5;100.0;0.3;10039.4;Active
70.4;354.3;-22.4;100.0;0.3;10037.9;Active
70.5;352.1;-22.2;100.0;0.3;10036.3;Active
70.6;349.9;-22.1;100.0;0.3;10034.8;Active
70.7;347.7;-21.9;100.0;0.3;10033.3;Active
70.8;345.5;-21.8;100.0;0.3;10031.7;Active
70.9;343.3;-21.6;100.0;0.3;10030.2;Active
71.0;341.2;-21.5;100.0;0.3;10028.7;Active
71.1;339.0;-21.3;100.0;0.3;10027.2;Active
71.2;336.9;-21.2;100.0;0.3;10025.6;Active
71.3;334.8;-21.1;100.0;0.3;10024.1;Active
71.4;332.7;-20.9;100.0;0.3;10022.6;Active
71.5;330.6;-20.8;100.0;0.3;10021.0;Active
71.6;328.6;-20.6;100.0;0.3;10019.5;Active
71.7;326.5;-20.5;100.0;0.3;10018.0;Active
71.8;324.5;-20.3;100.0;0.3;10016.4;Active
71.9;322.5;-20.2;100.0;0.3;10014.9;Active
72.0;320.5;-20.0;100.0;0.3;10013.4;Active
72.1;318.5;-19.9;100.0;0.3;10011.9;Active
72.2;316.5;-19.7;100.0;0.3;10010.3;Active
72.3;314.6;-19.6;100.0;0.3;10008.8;Active
72.4;312.6;-19.4;100.0;0.3;10007.3;Active
72.5;310.7;-19.3;100.0;0.3;10005.7;Active
72.6;308.8;-19.1;100.0;0.3;10004.2;Active
72.7;306.9;-19.0;100.0;0.3;10002.7;Active
72.8;305.0;-18.8;100.0;0.3;10001.1;Active
72.9;303.1;-18.7;100.0;0.3;9999.6;Active
73.0;301.3;-18.5;100.0;0.3;9998.1;Active
73.1;299.4;-18.4;100.0;0.3;9996.6;Active
73.2;297.6;-18.3;100.0;0.3;9995.0;Active
73.3;295.8;-18.1;100.0;0.3;9993.5;Active
73.4;294.0;-18.0;100.0;0.3;9992.0;Active
73.5;292.2;-17.8;100.0;0.3;9990.4;Active
73.6;290.4;-17.7;100.0;0.3;9988.9;Active
73.7;288.7;-17.5;100.0;0.3;9987.4;Active
73.8;287.0;-17.4;100.0;0.3;9985.8;Active
73.9;285.2;-17.2;100.0;0.3;9984.3;Active
74.0;283.5;-17.1;100.0;0.3;9982.8;Active
74.1;281.8;-16.9;100.0;0.3;9981.3;Active
74.2;280.2;-16.8;100.0;0.3;9979.7;Active
74.3;278.5;-16.6;100.0;0.3;9978.2;Active
74.4;276.9;-16.5;100.0;0.3;9976.7;Active
74.5;275.2;-16.3;100.0;0.3;9975.1;Active
74.6;273.6;-16.2;100.0;0.3;9973.6;Active
74.7;272.0;-16.0;100.0;0.3;9972.1;Active
74.8;270.4;-15.9;100.0;0.3;9970.5;Active
74.9;268.8;-15.7;100.0;0.3;9969.0;Active
75.0;267.3;-15.6;100.0;0.3;9967.5;Active
75.1;265.7;-15.4;100.0;0.3;9966.0;Active
75.2;264.2;-15.3;100.0;0.3;9964.4;Active
75.3;262.7;-15.1;100.0;0.3;9962.9;Active
75.4;261.2;-15.0;100.0;0.3;9961.4;Active
75.5;259.7;-14.8;100.0;0.3;9959.8;Active
75.6;258.2;-14.7;100.0;0.3;9958.3;Active
75.7;256.8;-14.5;100.0;0.3;9956.8;Active
75.8;255.4;-14.4;100.0;0.3;9955.2;Active
75.9;253.9;-14.2;100.0;0.3;9953.7;Active
76.0;252.5;-14.1;100.0;0.3;9952.2;Active
76.1;251.1;-13.9;100.0;0.3;9950.7;Active
76.2;249.7;-13.8;100.0;0.3;9949.1;Active
76.3;248.4;-13.6;100.0;0.3;9947.6;Active
76.4;247.0;-13.5;100.0;0.3;9946.1;Active
76.5;245.7;-13.4;100.0;0.3;9944.5;Active
76.6;244.4;-13.2;100.0;0.3;9943.0;Active
76.7;243.1;-13.1;100.0;0.3;9941.5;Active
76.8;241.8;-12.9;100.0;0.3;9939.9;Active
76.9;240.5;-12.8;100.0;0.3;9938.4;Active
77.0;239.2;-12.6;100.0;0.3;9936.9;Active
77.1;238.0;-12.5;100.0;0.3;9935.4;Active
77.2;236.8;-12.3;100.0;0.3;9933.8;Active
77.3;235.6;-12.2;100.0;0.3;9932.3;Active
77.4;234.4;-12.0;100.0;0.3;9930.8;Active
77.5;233.2;-11.9;100.0;0.3;9929.2;Active
77.6;232.0;-11.7;100.0;0.3;9927.7;Active
77.7;230.8;-11.6;100.0;0.3;9926.2;Active
77.8;229.7;-11.4;100.0;0.3;9924.6;Active
77.9;228.6;-11.3;100.0;0.3;9923.1;Active
78.0;227.5;-11.1;100.0;0.3;9921.6;Active
78.1;226.4;-11.0;65.0;0.3;9920.1;Throttling
78.2;225.3;-10.8;65.0;0.3;9918.6;Throttling
78.3;224.2;-10.7;65.0;0.3;9917.2;Throttling
78.4;223.1;-10.6;65.0;0.2;9916.0;Throttling
78.5;222.1;-10.6;65.0;0.2;9915.0;Throttling
78.6;221.0;-10.5;65.0;0.2;9914.0;Throttling
78.7;220.0;-10.5;65.0;0.2;9913.0;Active
78.8;218.9;-10.5;65.0;0.2;9911.9;Active
78.9;217.9;-10.4;65.0;0.2;9910.9;Active
79.0;216.9;-10.4;65.0;0.2;9909.9;Active
79.1;215.8;-10.3;65.0;0.2;9908.9;Active
79.2;214.8;-10.3;65.0;0.2;9907.9;Active
79.3;213.8;-10.3;65.0;0.2;9906.9;Active
79.4;212.7;-10.2;65.0;0.2;9905.9;Active
79.5;211.7;-10.2;65.0;0.2;9904.9;Active
79.6;210.7;-10.1;65.0;0.2;9903.9;Active
79.7;209.7;-10.1;65.0;0.2;9902.9;Active
79.8;208.7;-10.1;65.0;0.2;9901.8;Active
79.9;207.7;-10.0;65.0;0.2;9900.8;Active
80.0;206.7;-10.0;65.0;0.2;9899.8;Active
80.1;205.7;-9.9;65.0;0.2;9898.8;Active
80.2;204.7;-9.9;65.0;0.2;9897.8;Active
80.3;203.7;-9.9;65.0;0.2;9896.8;Active
80.4;202.8;-9.8;65.0;0.2;9895.8;Active
80.5;201.8;-9.8;65.0;0.2;9894.8;Active
80.6;200.8;-9.7;65.0;0.2;9893.8;Active
80.7;199.8;-9.7;65.0;0.2;9892.8;Active
80.8;198.9;-9.6;65.0;0.2;9891.7;Active
80.9;197.9;-9.6;65.0;0.2;9890.7;Active
81.0;197.0;-9.6;65.0;0.2;9889.7;Active
81.1;196.0;-9.5;65.0;0.2;9888.7;Active
81.2;195.0;-9.5;65.0;0.2;9887.7;Active
81.3;194.1;-9.4;65.0;0.2;9886.7;Active
81.4;193.2;-9.4;65.0;0.2;9885.7;Active
81.5;192.2;-9.4;65.0;0.2;9884.7;Active
81.6;191.3;-9.3;65.0;0.2;9883.7;Active
81.7;190.4;-9.3;65.0;0.2;9882.7;Active
81.8;189.4;-9.2;65.0;0.2;9881.6;Active
81.9;188.5;-9.2;65.0;0.2;9880.6;Active
82.0;187.6;-9.2;65.0;0.2;9879.6;Active
82.1;186.7;-9.1;65.0;0.2;9878.6;Active
82.2;185.8;-9.1;65.0;0.2;9877.6;Active
82.3;184.9;-9.0;65.0;0.2;9876.6;Active
82.4;184.0;-9.0;65.0;0.2;9875.6;Active
82.5;183.1;-9.0;65.0;0.2;9874.6;Active
82.6;182.2;-8.9;65.0;0.2;9873.6;Active
82.7;181.3;-8.9;65.0;0.2;9872.6;Active
82.8;180.4;-8.8;65.0;0.2;9871.5;Active
82.9;179.5;-8.8;65.0;0.2;9870.5;Active
83.0;178.7;-8.7;65.0;0.2;9869.5;Active
83.1;177.8;-8.7;65.0;0.2;9868.5;Active
83.2;176.9;-8.7;65.0;0.2;9867.5;Active
83.3;176.1;-8.6;65.0;0.2;9866.5;Active
83.4;175.2;-8.6;65.0;0.2;9865.5;Active
83.5;174.4;-8.5;65.0;0.2;9864.5;Active
83.6;173.5;-8.5;65.0;0.2;9863.5;Active
83.7;172.7;-8.5;65.0;0.2;9862.5;Active
83.8;171.8;-8.4;65.0;0.2;9861.4;Active
83.9;171.0;-8.4;65.0;0.2;9860.4;Active
84.0;170.2;-8.3;65.0;0.2;9859.4;Active
84.1;169.3;-8.3;65.0;0.2;9858.4;Active
84.2;168.5;-8.3;65.0;0.2;9857.4;Active
84.3;167.7;-8.2;65.0;0.2;9856.4;Active
84.4;166.9;-8.2;65.0;0.2;9855.4;Active
84.5;166.0;-8.1;65.0;0.2;9854.4;Active
84.6;165.2;-8.1;65.0;0.2;9853.4;Active
84.7;164.4;-8.0;65.0;0.2;9852.4;Active
84.8;163.6;-8.0;65.0;0.2;9851.3;Active
84.9;162.8;-8.0;65.0;0.2;9850.3;Active
85.0;162.0;-7.9;65.0;0.2;9849.3;Active
85.1;161.3;-7.9;65.0;0.2;9848.3;Active
85.2;160.5;-7.8;65.0;0.2;9847.3;Active
85.3;159.7;-7.8;65.0;0.2;9846.3;Active
85.4;158.9;-7.8;65.0;0.2;9845.3;Active
85.5;158.1;-7.7;65.0;0.2;9844.3;Active
85.6;157.4;-7.7;65.0;0.2;9843.3;Active
85.7;156.6;-7.6;65.0;0.2;9842.3;Active
85.8;155.8;-7.6;65.0;0.2;9841.2;Active
85.9;155.1;-7.6;65.0;0.2;9840.2;Active
86.0;154.3;-7.5;65.0;0.2;9839.2;Active
86.1;153.6;-7.5;65.0;0.2;9838.2;Active
86.2;152.9;-7.4;65.0;0.2;9837.2;Active
86.3;152.1;-7.4;65.0;0.2;9836.2;Active
86.4;151.4;-7.3;65.0;0.2;9835.2;Active
86.5;150.6;-7.3;65.0;0.2;9834.2;Active
86.6;149.9;-7.3;65.0;0.2;9833.2;Active
86.7;149.2;-7.2;65.0;0.2;9832.2;Active
86.8;148.5;-7.2;65.0;0.2;9831.1;Active
86.9;147.8;-7.1;65.0;0.2;9830.1;Active
87.0;147.1;-7.1;65.0;0.2;9829.1;Active
87.1;146.4;-7.1;65.0;0.2;9828.1;Active
87.2;145.7;-7.0;65.0;0.2;9827.1;Active
87.3;145.0;-7.0;65.0;0.2;9826.1;Active
87.4;144.3;-6.9;65.0;0.2;9825.1;Active
87.5;143.6;-6.9;65.0;0.2;9824.1;Active
87.6;142.9;-6.8;65.0;0.2;9823.1;Active
87.7;142.2;-6.8;65.0;0.2;9822.1;Active
87.8;141.5;-6.8;65.0;0.2;9821.1;Active
87.9;140.9;-6.7;65.0;0.2;9820.0;Active
88.0;140.2;-6.7;65.0;0.2;9819.0;Active
88.1;139.5;-6.6;65.0;0.2;9818.0;Active
88.2;138.9;-6.6;65.0;0.2;9817.0;Active
88.3;138.2;-6.6;65.0;0.2;9816.0;Active
88.4;137.6;-6.5;65.0;0.2;9815.0;Active
88.5;136.9;-6.5;65.0;0.2;9814.0;Active
88.6;136.3;-6.4;65.0;0.2;9813.0;Active
88.7;135.6;-6.4;65.0;0.2;9812.0;Active
88.8;135.0;-6.3;65.0;0.2;9811.0;Active
88.9;134.4;-6.3;65.0;0.2;9809.9;Active
89.0;133.7;-6.3;65.0;0.2;9808.9;Active
89.1;133.1;-6.2;65.0;0.2;9807.9;Active
89.2;132.5;-6.2;65.0;0.2;9806.9;Active
89.3;131.9;-6.1;65.0;0.2;9805.9;Active
89.4;131.3;-6.1;65.0;0.2;9804.9;Active
89.5;130.7;-6.1;65.0;0.2;9803.9;Active
89.6;130.1;-6.0;65.0;0.2;9802.9;Active
89.7;129.5;-6.0;65.0;0.2;9801.9;Active
89.8;128.9;-5.9;65.0;0.2;9800.9;Active
89.9;128.3;-5.9;65.0;0.2;9799.8;Active
90.0;127.7;-5.8;65.0;0.2;9798.8;Active
90.1;127.1;-5.8;65.0;0.2;9797.8;Active
90.2;126.6;-5.8;65.0;0.2;9796.8;Active
90.3;126.0;-5.7;65.0;0.2;9795.8;Active
90.4;125.4;-5.7;65.0;0.2;9794.8;Active
90.5;124.9;-5.6;65.0;0.2;9793.8;Active
90.6;124.3;-5.6;65.0;0.2;9792.8;Active
90.7;123.7;-5.5;65.0;0.2;9791.8;Active
90.8;123.2;-5.5;65.0;0.2;9790.8;Active
90.9;122.6;-5.5;65.0;0.2;9789.7;Active
91.0;122.1;-5.4;65.0;0.2;9788.7;Active
91.1;121.6;-5.4;65.0;0.2;9787.7;Active
91.2;121.0;-5.3;65.0;0.2;9786.7;Active
91.3;120.5;-5.3;65.0;0.2;9785.7;Active
91.4;120.0;-5.3;65.0;0.2;9784.7;Active
91.5;119.5;-5.2;65.0;0.2;9783.7;Active
91.6;118.9;-5.2;65.0;0.2;9782.7;Active
91.7;118.4;-5.1;65.0;0.2;9781.7;Active
91.8;117.9;-5.1;65.0;0.2;9780.7;Active
91.9;117.4;-5.0;65.0;0.2;9779.6;Active
92.0;116.9;-5.0;65.0;0.2;9778.6;Active
92.1;116.4;-5.0;65.0;0.2;9777.6;Active
92.2;115.9;-4.9;65.0;0.2;9776.6;Active
92.3;115.4;-4.9;65.0;0.2;9775.6;Active
92.4;115.0;-4.8;65.0;0.2;9774.6;Active
92.5;114.5;-4.8;65.0;0.2;9773.6;Active
92.6;114.0;-4.7;65.0;0.2;9772.6;Throttling
92.7;113.5;-4.7;64.8;0.2;9771.6;Throttling
92.8;113.1;-4.7;64.6;0.2;9770.6;Throttling
92.9;112.6;-4.6;64.4;0.2;9769.5;Throttling
93.0;112.2;-4.6;64.3;0.2;9768.5;Throttling
93.1;111.7;-4.5;64.1;0.2;9767.5;Throttling
93.2;111.3;-4.5;63.9;0.2;9766.5;Throttling
93.3;110.8;-4.4;63.7;0.2;9765.5;Throttling
93.4;110.4;-4.4;63.6;0.2;9764.5;Throttling
93.5;109.9;-4.4;63.4;0.2;9763.5;Throttling
93.6;109.5;-4.3;63.2;0.2;9762.5;Throttling
93.7;109.1;-4.3;63.1;0.2;9761.5;Throttling
93.8;108.6;-4.2;62.9;0.2;9760.5;Throttling
93.9;108.2;-4.2;62.7;0.2;9759.5;Throttling
94.0;107.8;-4.2;62.6;0.2;9758.5;Throttling
94.1;107.4;-4.1;62.4;0.2;9757.5;Throttling
94.2;107.0;-4.1;62.2;0.2;9756.5;Throttling
94.3;106.6;-4.1;62.1;0.2;9755.6;Throttling
94.4;106.2;-4.0;61.9;0.2;9754.6;Throttling
94.5;105.8;-4.0;61.8;0.2;9753.6;Throttling
94.6;105.4;-3.9;61.6;0.2;9752.6;Throttling
94.7;105.0;-3.9;61.5;0.2;9751.6;Throttling
94.8;104.6;-3.9;61.3;0.2;9750.6;Throttling
94.9;104.2;-3.8;61.2;0.2;9749.7;Throttling
95.0;103.8;-3.8;61.0;0.2;9748.7;Throttling
95.1;103.5;-3.8;60.9;0.2;9747.7;Throttling
95.2;103.1;-3.7;60.7;0.2;9746.8;Throttling
95.3;102.7;-3.7;60.6;0.2;9745.8;Throttling
95.4;102.4;-3.7;60.4;0.2;9744.8;Throttling
95.5;102.0;-3.6;60.3;0.2;9743.9;Throttling
95.6;101.6;-3.6;60.2;0.2;9742.9;Throttling
95.7;101.3;-3.6;60.0;0.2;9741.9;Throttling
95.8;100.9;-3.5;59.9;0.2;9741.0;Throttling
95.9;100.6;-3.5;59.8;0.2;9740.0;Throttling
96.0;100.2;-3.5;59.6;0.2;9739.1;Throttling
96.1;99.9;-3.4;59.5;0.2;9738.1;Throttling
96.2;99.5;-3.4;59.4;0.2;9737.2;Throttling
96.3;99.2;-3.4;59.3;0.2;9736.2;Throttling
96.4;98.9;-3.4;59.1;0.2;9735.3;Throttling
96.5;98.5;-3.3;59.0;0.2;9734.4;Throttling
96.6;98.2;-3.3;58.9;0.2;9733.4;Throttling
96.7;97.9;-3.3;58.8;0.2;9732.5;Throttling
96.8;97.6;-3.2;58.7;0.2;9731.5;Throttling
96.9;97.2;-3.2;58.6;0.2;9730.6;Throttling
97.0;96.9;-3.2;58.5;0.2;9729.7;Throttling
97.1;96.6;-3.2;58.3;0.2;9728.7;Throttling
97.2;96.3;-3.1;58.2;0.2;9727.8;Throttling
97.3;96.0;-3.1;58.1;0.2;9726.9;Throttling
97.4;95.7;-3.1;58.0;0.2;9726.0;Throttling
97.5;95.4;-3.1;57.9;0.2;9725.0;Throttling
97.6;95.1;-3.0;57.8;0.2;9724.1;Throttling
97.7;94.8;-3.0;57.7;0.2;9723.2;Throttling
97.8;94.5;-3.0;57.6;0.2;9722.3;Throttling
97.9;94.2;-3.0;57.5;0.2;9721.4;Throttling
98.0;93.9;-2.9;57.4;0.2;9720.5;Throttling
98.1;93.6;-2.9;57.3;0.2;9719.5;Throttling
98.2;93.3;-2.9;57.2;0.2;9718.6;Throttling
98.3;93.0;-2.9;57.1;0.2;9717.7;Throttling
98.4;92.7;-2.9;57.1;0.2;9716.8;Throttling
98.5;92.4;-2.8;57.0;0.2;9715.9;Throttling
98.6;92.2;-2.8;56.9;0.2;9715.0;Throttling
98.7;91.9;-2.8;56.8;0.2;9714.1;Throttling
98.8;91.6;-2.8;56.7;0.2;9713.2;Throttling
98.9;91.3;-2.8;56.6;0.2;9712.3;Throttling
99.0;91.0;-2.7;56.5;0.2;9711.4;Throttling
99.1;90.8;-2.7;56.5;0.2;9710.5;Throttling
99.2;90.5;-2.7;56.4;0.2;9709.6;Throttling
99.3;90.2;-2.7;56.3;0.2;9708.7;Throttling
99.4;90.0;-2.7;56.2;0.2;9707.8;Throttling
99.5;89.7;-2.6;56.2;0.2;9706.9;Throttling
99.6;89.4;-2.6;56.1;0.2;9706.0;Throttling
99.7;89.2;-2.6;56.0;0.2;9705.2;Throttling
99.8;88.9;-2.6;55.9;0.2;9704.3;Throttling
99.9;88.7;-2.6;55.9;0.2;9703.4;Throttling
100.0;88.4;-2.6;55.8;0.2;9702.5;Throttling
100.1;88.2;-2.5;55.7;0.2;9701.6;Throttling
100.2;87.9;-2.5;55.7;0.2;9700.7;Throttling
100.3;87.7;-2.5;55.6;0.2;9699.8;Throttling
100.4;87.4;-2.5;55.5;0.2;9699.0;Throttling
100.5;87.2;-2.5;55.5;0.2;9698.1;Throttling
100.6;86.9;-2.5;55.4;0.2;9697.2;Throttling
100.7;86.7;-2.4;55.3;0.2;9696.3;Throttling
100.8;86.4;-2.4;55.3;0.2;9695.5;Throttling
100.9;86.2;-2.4;55.2;0.2;9694.6;Throttling
101.0;86.0;-2.4;55.1;0.2;9693.7;Throttling
101.1;85.7;-2.4;55.1;0.2;9692.8;Throttling
101.2;85.5;-2.4;55.0;0.2;9692.0;Throttling
101.3;85.2;-2.4;55.0;0.2;9691.1;Throttling
101.4;85.0;-2.3;54.9;0.2;9690.2;Throttling
101.5;84.8;-2.3;54.9;0.2;9689.4;Throttling
101.6;84.5;-2.3;54.8;0.2;9688.5;Throttling
101.7;84.3;-2.3;54.7;0.2;9687.6;Throttling
101.8;84.1;-2.3;54.7;0.2;9686.8;Throttling
101.9;83.9;-2.3;54.6;0.2;9685.9;Throttling
102.0;83.6;-2.3;54.6;0.2;9685.0;Throttling
102.1;83.4;-2.2;54.5;0.2;9684.2;Throttling
102.2;83.2;-2.2;54.5;0.2;9683.3;Throttling
102.3;83.0;-2.2;54.4;0.2;9682.4;Throttling
102.4;82.7;-2.2;54.4;0.2;9681.6;Throttling
102.5;82.5;-2.2;54.3;0.2;9680.7;Throttling
102.6;82.3;-2.2;54.3;0.2;9679.9;Throttling
102.7;82.1;-2.2;54.2;0.2;9679.0;Throttling
102.8;81.9;-2.2;54.2;0.2;9678.1;Throttling
102.9;81.7;-2.2;54.1;0.2;9677.3;Throttling
103.0;81.4;-2.1;54.1;0.2;9676.4;Throttling
103.1;81.2;-2.1;54.1;0.2;9675.6;Throttling
103.2;81.0;-2.1;54.0;0.2;9674.7;Throttling
103.3;80.8;-2.1;54.0;0.2;9673.9;Throttling
103.4;80.6;-2.1;53.9;0.2;9673.0;Throttling
103.5;80.4;-2.1;53.9;0.2;9672.2;Throttling
103.6;80.2;-2.1;53.8;0.2;9671.3;Throttling
103.7;80.0;-2.1;53.8;0.2;9670.5;Throttling
103.8;79.8;-2.1;53.8;0.2;9669.6;Throttling
103.9;79.6;-2.0;53.7;0.2;9668.8;Throttling
104.0;79.4;-2.0;53.7;0.2;9667.9;Throttling
104.1;79.2;-2.0;53.7;0.2;9667.1;Throttling
104.2;78.9;-2.0;53.6;0.2;9666.2;Throttling
104.3;78.7;-2.0;53.6;0.2;9665.4;Throttling
104.4;78.5;-2.0;53.5;0.2;9664.5;Throttling
104.5;78.3;-2.0;53.5;0.2;9663.7;Throttling
104.6;78.2;-2.0;53.5;0.2;9662.8;Throttling
104.7;78.0;-2.0;53.4;0.2;9662.0;Throttling
104.8;77.8;-2.0;53.4;0.2;9661.2;Throttling
104.9;77.6;-2.0;53.4;0.2;9660.3;Throttling
105.0;77.4;-2.0;53.3;0.2;9659.5;Throttling
105.1;77.2;-1.9;53.3;0.2;9658.6;Throttling
105.2;77.0;-1.9;53.3;0.2;9657.8;Throttling
105.3;76.8;-1.9;53.2;0.2;9657.0;Throttling
105.4;76.6;-1.9;53.2;0.2;9656.1;Throttling
105.5;76.4;-1.9;53.2;0.2;9655.3;Throttling
105.6;76.2;-1.9;53.1;0.2;9654.4;Throttling
105.7;76.0;-1.9;53.1;0.2;9653.6;Throttling
105.8;75.8;-1.9;53.1;0.2;9652.8;Throttling
105.9;75.6;-1.9;53.1;0.2;9651.9;Throttling
106.0;75.5;-1.9;53.0;0.2;9651.1;Throttling
106.1;75.3;-1.9;53.0;0.2;9650.3;Throttling
106.2;75.1;-1.9;53.0;0.2;9649.4;Throttling
106.3;74.9;-1.9;52.9;0.2;9648.6;Throttling
106.4;74.7;-1.8;52.9;0.2;9647.8;Throttling
106.5;74.5;-1.8;52.9;0.2;9646.9;Throttling
106.6;74.3;-1.8;52.9;0.2;9646.1;Throttling
106.7;74.2;-1.8;52.8;0.2;9645.3;Throttling
106.8;74.0;-1.8;52.8;0.2;9644.4;Throttling
106.9;73.8;-1.8;52.8;0.2;9643.6;Throttling
107.0;73.6;-1.8;52.8;0.2;9642.8;Throttling
107.1;73.4;-1.8;52.7;0.2;9641.9;Throttling
107.2;73.3;-1.8;52.7;0.2;9641.1;Throttling
107.3;73.1;-1.8;52.7;0.2;9640.3;Throttling
107.4;72.9;-1.8;52.7;0.2;9639.4;Throttling
107.5;72.7;-1.8;52.6;0.2;9638.6;Throttling
107.6;72.5;-1.8;52.6;0.2;9637.8;Throttling
107.7;72.4;-1.8;52.6;0.2;9636.9;Throttling
107.8;72.2;-1.8;52.6;0.2;9636.1;Throttling
107.9;72.0;-1.8;52.5;0.2;9635.3;Throttling
108.0;71.8;-1.7;52.5;0.2;9634.5;Throttling
108.1;71.7;-1.7;52.5;0.2;9633.6;Throttling
108.2;71.5;-1.7;52.5;0.2;9632.8;Throttling
108.3;71.3;-1.7;52.5;0.2;9632.0;Throttling
108.4;71.1;-1.7;52.4;0.2;9631.2;Throttling
108.5;71.0;-1.7;52.4;0.2;9630.3;Throttling
108.6;70.8;-1.7;52.4;0.2;9629.5;Throttling
108.7;70.6;-1.7;52.4;0.2;9628.7;Throttling
108.8;70.5;-1.7;52.4;0.2;9627.9;Throttling
108.9;70.3;-1.7;52.3;0.2;9627.0;Throttling
109.0;70.1;-1.7;52.3;0.2;9626.2;Throttling
109.1;70.0;-1.7;52.3;0.2;9625.4;Throttling
109.2;69.8;-1.7;52.3;0.2;9624.6;Throttling
109.3;69.6;-1.7;52.3;0.2;9623.7;Throttling
109.4;69.4;-1.7;52.3;0.2;9622.9;Throttling
109.5;69.3;-1.7;52.2;0.2;9622.1;Throttling
109.6;69.1;-1.7;52.2;0.2;9621.3;Throttling
109.7;68.9;-1.7;52.2;0.2;9620.5;Throttling
109.8;68.8;-1.7;52.2;0.2;9619.6;Throttling
109.9;68.6;-1.7;52.2;0.2;9618.8;Throttling
110.0;68.5;-1.7;52.2;0.2;9618.0;Throttling
110.1;68.3;-1.6;52.1;0.2;9617.2;Throttling
110.2;68.1;-1.6;52.1;0.2;9616.3;Throttling
110.3;68.0;-1.6;52.1;0.2;9615.5;Throttling
110.4;67.8;-1.6;52.1;0.2;9614.7;Throttling
110.5;67.6;-1.6;52.1;0.2;9613.9;Throttling
110.6;67.5;-1.6;52.1;0.2;9613.1;Throttling
110.7;67.3;-1.6;52.0;0.2;9612.3;Throttling
110.8;67.1;-1.6;52.0;0.2;9611.4;Throttling
110.9;67.0;-1.6;52.0;0.2;9610.6;Throttling
111.0;66.8;-1.6;52.0;0.2;9609.8;Throttling
111.1;66.7;-1.6;52.0;0.2;9609.0;Throttling
111.2;66.5;-1.6;52.0;0.2;9608.2;Throttling
111.3;66.3;-1.6;52.0;0.2;9607.3;Throttling
111.4;66.2;-1.6;51.9;0.2;9606.5;Throttling
111.5;66.0;-1.6;51.9;0.2;9605.7;Throttling
111.6;65.9;-1.6;51.9;0.2;9604.9;Throttling
111.7;65.7;-1.6;51.9;0.2;9604.1;Throttling
111.8;65.5;-1.6;51.9;0.2;9603.3;Throttling
111.9;65.4;-1.6;51.9;0.2;9602.4;Throttling
112.0;65.2;-1.6;51.9;0.2;9601.6;Throttling
112.1;65.1;-1.6;51.8;0.2;9600.8;Throttling
112.2;64.9;-1.6;51.8;0.2;9600.0;Throttling
112.3;64.8;-1.6;51.8;0.2;9599.2;Throttling
112.4;64.6;-1.6;51.8;0.2;9598.4;Throttling
112.5;64.4;-1.6;51.8;0.2;9597.6;Throttling
112.6;64.3;-1.6;51.8;0.2;9596.7;Throttling
112.7;64.1;-1.6;51.8;0.2;9595.9;Throttling
112.8;64.0;-1.5;51.8;0.2;9595.1;Throttling
112.9;63.8;-1.5;51.8;0.2;9594.3;Throttling
113.0;63.7;-1.5;51.7;0.2;9593.5;Throttling
113.1;63.5;-1.5;51.7;0.2;9592.7;Throttling
113.2;63.4;-1.5;51.7;0.2;9591.9;Throttling
113.3;63.2;-1.5;51.7;0.2;9591.0;Throttling
113.4;63.1;-1.5;51.7;0.2;9590.2;Throttling
113.5;62.9;-1.5;51.7;0.2;9589.4;Throttling
113.6;62.8;-1.5;51.7;0.2;9588.6;Throttling
113.7;62.6;-1.5;51.7;0.2;9587.8;Throttling
113.8;62.5;-1.5;51.7;0.2;9587.0;Throttling
113.9;62.3;-1.5;51.6;0.2;9586.2;Throttling
114.0;62.2;-1.5;51.6;0.2;9585.4;Throttling
114.1;62.0;-1.5;51.6;0.2;9584.5;Throttling
114.2;61.8;-1.5;51.6;0.2;9583.7;Throttling
114.3;61.7;-1.5;51.6;0.2;9582.9;Throttling
114.4;61.5;-1.5;51.6;0.2;9582.1;Throttling
114.5;61.4;-1.5;51.6;0.2;9581.3;Throttling
114.6;61.3;-1.5;51.6;0.2;9580.5;Throttling
114.7;61.1;-1.5;51.6;0.2;9579.7;Throttling
114.8;61.0;-1.5;51.6;0.2;9578.9;Throttling
114.9;60.8;-1.5;51.5;0.2;9578.1;Throttling
115.0;60.7;-1.5;51.5;0.2;9577.2;Throttling
115.1;60.5;-1.5;51.5;0.2;9576.4;Throttling
115.2;60.4;-1.5;51.5;0.2;9575.6;Throttling
115.3;60.2;-1.5;51.5;0.2;9574.8;Throttling
115.4;60.1;-1.5;51.5;0.2;9574.0;Throttling
115.5;59.9;-1.5;51.5;0.2;9573.2;Throttling
115.6;59.8;-1.5;51.5;0.2;9572.4;Throttling
115.7;59.6;-1.5;51.5;0.2;9571.6;Throttling
115.8;59.5;-1.5;51.5;0.2;9570.8;Throttling
115.9;59.3;-1.5;51.5;0.2;9570.0;Throttling
116.0;59.2;-1.5;51.5;0.2;9569.2;Throttling
116.1;59.0;-1.5;51.4;0.2;9568.3;Throttling
116.2;58.9;-1.5;51.4;0.2;9567.5;Throttling
116.3;58.7;-1.5;51.4;0.2;9566.7;Throttling
116.4;58.6;-1.5;51.4;0.2;9565.9;Throttling
116.5;58.5;-1.4;51.4;0.2;9565.1;Throttling
116.6;58.3;-1.4;51.4;0.2;9564.3;Throttling
116.7;58.2;-1.4;51.4;0.2;9563.5;Throttling
116.8;58.0;-1.4;51.4;0.2;9562.7;Throttling
116.9;57.9;-1.4;51.4;0.2;9561.9;Throttling
117.0;57.7;-1.4;51.4;0.2;9561.1;Throttling
117.1;57.6;-1.4;51.4;0.2;9560.3;Throttling
117.2;57.4;-1.4;51.4;0.2;9559.5;Throttling
117.3;57.3;-1.4;51.3;0.2;9558.6;Throttling
117.4;57.2;-1.4;51.3;0.2;9557.8;Throttling
117.5;57.0;-1.4;51.3;0.2;9557.0;Throttling
117.6;56.9;-1.4;51.3;0.2;9556.2;Throttling
117.7;56.7;-1.4;51.3;0.2;9555.4;Throttling
117.8;56.6;-1.4;51.3;0.2;9554.6;Throttling
117.9;56.5;-1.4;51.3;0.2;9553.8;Throttling
118.0;56.3;-1.4;51.3;0.2;9553.0;Throttling
118.1;56.2;-1.4;51.3;0.2;9552.2;Throttling
118.2;56.0;-1.4;51.3;0.2;9551.4;Throttling
118.3;55.9;-1.4;51.3;0.2;9550.6;Throttling
118.4;55.7;-1.4;51.3;0.2;9549.8;Throttling
118.5;55.6;-1.4;51.3;0.2;9549.0;Throttling
118.6;55.5;-1.4;51.3;0.2;9548.2;Throttling
118.7;55.3;-1.4;51.3;0.2;9547.4;Throttling
118.8;55.2;-1.4;51.2;0.2;9546.6;Throttling
118.9;55.0;-1.4;51.2;0.2;9545.8;Throttling
119.0;54.9;-1.4;51.2;0.2;9544.9;Throttling
119.1;54.8;-1.4;51.2;0.2;9544.1;Throttling
119.2;54.6;-1.4;51.2;0.2;9543.3;Throttling
119.3;54.5;-1.4;51.2;0.2;9542.5;Throttling
119.4;54.3;-1.4;51.2;0.2;9541.7;Throttling
119.5;54.2;-1.4;51.2;0.2;9540.9;Throttling
119.6;54.1;-1.4;51.2;0.2;9540.1;Throttling
119.7;53.9;-1.4;51.2;0.2;9539.3;Throttling
119.8;53.8;-1.4;51.2;0.2;9538.5;Throttling
119.9;53.7;-1.4;51.2;0.2;9537.7;Throttling
120.0;53.5;-1.4;51.2;0.2;9536.9;Throttling
120.1;53.4;-1.4;51.2;0.2;9536.1;Throttling
120.2;53.2;-1.4;51.2;0.2;9535.3;Throttling
120.3;53.1;-1.4;51.2;0.2;9534.5;Throttling
120.4;53.0;-1.4;51.2;0.2;9533.7;Throttling
120.5;52.8;-1.4;51.1;0.2;9532.9;Throttling
120.6;52.7;-1.4;51.1;0.2;9532.1;Throttling
120.7;52.6;-1.4;51.1;0.2;9531.3;Throttling
120.8;52.4;-1.4;51.1;0.2;9530.5;Throttling
120.9;52.3;-1.4;51.1;0.2;9529.7;Throttling
121.0;52.1;-1.4;51.1;0.2;9528.9;Throttling
121.1;52.0;-1.4;51.1;0.2;9528.1;Throttling
121.2;51.9;-1.4;51.1;0.2;9527.3;Throttling
121.3;51.7;-1.4;51.1;0.2;9526.5;Throttling
121.4;51.6;-1.4;51.1;0.2;9525.7;Throttling
121.5;51.5;-1.4;51.1;0.2;9524.8;Throttling
121.6;51.3;-1.4;51.1;0.2;9524.0;Throttling
121.7;51.2;-1.4;51.1;0.2;9523.2;Throttling
121.8;51.1;-1.3;51.1;0.2;9522.4;Throttling
121.9;50.9;-1.3;51.1;0.2;9521.6;Throttling
122.0;50.8;-1.3;51.1;0.2;9520.8;Throttling
122.1;50.7;-1.3;51.1;0.2;9520.0;Throttling
122.2;50.5;-1.3;51.1;0.2;9519.2;Throttling
122.3;50.4;-1.3;51.1;0.2;9518.4;Throttling
122.4;50.3;-1.3;51.0;0.2;9517.6;Throttling
122.5;50.1;-1.3;51.0;0.2;9516.8;Throttling
122.6;50.0;-1.3;51.0;0.2;9516.0;Throttling
122.7;49.9;-1.3;51.0;0.2;9515.2;Throttling
122.8;49.7;-1.3;51.0;0.2;9514.4;Throttling
122.9;49.6;-1.3;51.0;0.2;9513.6;Throttling
123.0;49.5;-1.3;51.0;0.2;9512.8;Throttling
123.1;49.3;-1.3;51.0;0.2;9512.0;Throttling
123.2;49.2;-1.3;51.0;0.2;9511.2;Throttling
123.3;49.1;-1.3;51.0;0.2;9510.4;Throttling
123.4;48.9;-1.3;51.0;0.2;9509.6;Throttling
123.5;48.8;-1.3;51.0;0.2;9508.8;Throttling
123.6;48.7;-1.3;51.0;0.2;9508.0;Throttling
123.7;48.5;-1.3;51.0;0.2;9507.2;Throttling
123.8;48.4;-1.3;51.0;0.2;9506.4;Throttling
123.9;48.3;-1.3;51.0;0.2;9505.6;Throttling
124.0;48.1;-1.3;51.0;0.2;9504.8;Throttling
124.1;48.0;-1.3;51.0;0.2;9504.0;Throttling
124.2;47.9;-1.3;51.0;0.2;9503.2;Throttling
124.3;47.7;-1.3;51.0;0.2;9502.4;Throttling
124.4;47.6;-1.3;51.0;0.2;9501.6;Throttling
124.5;47.5;-1.3;50.9;0.2;9500.8;Throttling
124.6;47.3;-1.3;50.9;0.2;9500.0;Throttling
124.7;47.2;-1.3;50.9;0.2;9499.2;Throttling
124.8;47.1;-1.3;50.9;0.2;9498.4;Throttling
124.9;47.0;-1.3;50.9;0.2;9497.6;Throttling
125.0;46.8;-1.3;50.9;0.2;9496.8;Throttling
125.1;46.7;-1.3;50.9;0.2;9496.0;Throttling
125.2;46.6;-1.3;50.9;0.2;9495.2;Throttling
125.3;46.4;-1.3;50.9;0.2;9494.4;Throttling
125.4;46.3;-1.3;50.9;0.2;9493.6;Throttling
125.5;46.2;-1.3;50.9;0.2;9492.8;Throttling
125.6;46.0;-1.3;50.9;0.2;9492.0;Throttling
125.7;45.9;-1.3;50.9;0.2;9491.2;Throttling
125.8;45.8;-1.3;50.9;0.2;9490.4;Throttling
125.9;45.7;-1.3;50.9;0.2;9489.6;Throttling
126.0;45.5;-1.3;50.9;0.2;9488.8;Throttling
126.1;45.4;-1.3;50.9;0.2;9488.0;Throttling
126.2;45.3;-1.3;50.9;0.2;9487.2;Throttling
126.3;45.1;-1.3;50.9;0.2;9486.4;Throttling
126.4;45.0;-1.3;50.9;0.2;9485.6;Throttling
126.5;44.9;-1.3;50.9;0.2;9484.8;Throttling
126.6;44.8;-1.3;50.9;0.2;9484.0;Throttling
126.7;44.6;-1.3;50.9;0.2;9483.2;Throttling
126.8;44.5;-1.3;50.9;0.2;9482.4;Throttling
126.9;44.4;-1.3;50.8;0.2;9481.6;Throttling
127.0;44.2;-1.3;50.8;0.2;9480.8;Throttling
127.1;44.1;-1.3;50.8;0.2;9480.0;Throttling
127.2;44.0;-1.3;50.8;0.2;9479.2;Throttling
127.3;43.9;-1.3;50.8;0.2;9478.4;Throttling
127.4;43.7;-1.3;50.8;0.2;9477.6;Throttling
127.5;43.6;-1.3;50.8;0.2;9476.8;Throttling
127.6;43.5;-1.3;50.8;0.2;9476.0;Throttling
127.7;43.4;-1.3;50.8;0.2;9475.2;Throttling
127.8;43.2;-1.3;50.8;0.2;9474.4;Throttling
127.9;43.1;-1.3;50.8;0.2;9473.6;Throttling
128.0;43.0;-1.3;50.8;0.2;9472.8;Throttling
128.1;42.9;-1.3;50.8;0.2;9472.0;Throttling
128.2;42.7;-1.3;50.8;0.2;9471.2;Throttling
128.3;42.6;-1.3;50.8;0.2;9470.4;Throttling
128.4;42.5;-1.3;50.8;0.2;9469.6;Throttling
128.5;42.3;-1.3;50.8;0.2;9468.8;Throttling
128.6;42.2;-1.3;50.8;0.2;9468.0;Throttling
128.7;42.1;-1.3;50.8;0.2;9467.2;Throttling
128.8;42.0;-1.3;50.8;0.2;9466.4;Throttling
128.9;41.8;-1.3;50.8;0.2;9465.6;Throttling
129.0;41.7;-1.3;50.8;0.2;9464.8;Throttling
129.1;41.6;-1.2;50.8;0.2;9464.0;Throttling
129.2;41.5;-1.2;50.8;0.2;9463.2;Throttling
129.3;41.3;-1.2;50.8;0.2;9462.5;Throttling
129.4;41.2;-1.2;50.8;0.2;9461.7;Throttling
129.5;41.1;-1.2;50.7;0.2;9460.9;Throttling
129.6;41.0;-1.2;50.7;0.2;9460.1;Throttling
129.7;40.8;-1.2;50.7;0.2;9459.3;Throttling
129.8;40.7;-1.2;50.7;0.2;9458.5;Throttling
129.9;40.6;-1.2;50.7;0.2;9457.7;Throttling
130.0;40.5;-1.2;50.7;0.2;9456.9;Throttling
130.1;40.4;-1.2;50.7;0.2;9456.1;Throttling
130.2;40.2;-1.2;50.7;0.2;9455.3;Throttling
130.3;40.1;-1.2;50.7;0.2;9454.5;Throttling
130.4;40.0;-1.2;50.7;0.2;9453.7;Throttling
130.5;39.9;-1.2;50.7;0.2;9452.9;Throttling
130.6;39.7;-1.2;50.7;0.2;9452.1;Throttling
130.7;39.6;-1.2;50.7;0.2;9451.3;Throttling
130.8;39.5;-1.2;50.7;0.2;9450.5;Throttling
130.9;39.4;-1.2;50.7;0.2;9449.7;Throttling
131.0;39.2;-1.2;50.7;0.2;9448.9;Throttling
131.1;39.1;-1.2;50.7;0.2;9448.1;Throttling
131.2;39.0;-1.2;50.7;0.2;9447.3;Throttling
131.3;38.9;-1.2;50.7;0.2;9446.5;Throttling
131.4;38.8;-1.2;50.7;0.2;9445.7;Throttling
131.5;38.6;-1.2;50.7;0.2;9444.9;Throttling
131.6;38.5;-1.2;50.7;0.2;9444.1;Throttling
131.7;38.4;-1.2;50.7;0.2;9443.3;Throttling
131.8;38.3;-1.2;50.7;0.2;9442.5;Throttling
131.9;38.1;-1.2;50.7;0.2;9441.7;Throttling
132.0;38.0;-1.2;50.7;0.2;9440.9;Throttling
132.1;37.9;-1.2;50.7;0.2;9440.1;Throttling
132.2;37.8;-1.2;50.7;0.2;9439.3;Throttling
132.3;37.7;-1.2;50.6;0.2;9438.6;Throttling
132.4;37.5;-1.2;50.6;0.2;9437.8;Throttling
132.5;37.4;-1.2;50.6;0.2;9437.0;Throttling
132.6;37.3;-1.2;50.6;0.2;9436.2;Throttling
132.7;37.2;-1.2;50.6;0.2;9435.4;Throttling
132.8;37.1;-1.2;50.6;0.2;9434.6;Throttling
132.9;36.9;-1.2;50.6;0.2;9433.8;Throttling
133.0;36.8;-1.2;50.6;0.2;9433.0;Throttling
133.1;36.7;-1.2;50.6;0.2;9432.2;Throttling
133.2;36.6;-1.2;50.6;0.2;9431.4;Throttling
133.3;36.5;-1.2;50.6;0.2;9430.6;Throttling
133.4;36.3;-1.2;50.6;0.2;9429.8;Throttling
133.5;36.2;-1.2;50.6;0.2;9429.0;Throttling
133.6;36.1;-1.2;50.6;0.2;9428.2;Throttling
133.7;36.0;-1.2;50.6;0.2;9427.4;Throttling
133.8;35.9;-1.2;50.6;0.2;9426.6;Throttling
133.9;35.7;-1.2;50.6;0.2;9425.8;Throttling
134.0;35.6;-1.2;50.6;0.2;9425.0;Throttling
134.1;35.5;-1.2;50.6;0.2;9424.2;Throttling
134.2;35.4;-1.2;50.6;0.2;9423.4;Throttling
134.3;35.3;-1.2;50.6;0.2;9422.6;Throttling
134.4;35.1;-1.2;50.6;0.2;9421.9;Throttling
134.5;35.0;-1.2;50.6;0.2;9421.1;Throttling
134.6;34.9;-1.2;50.6;0.2;9420.3;Throttling
134.7;34.8;-1.2;50.6;0.2;9419.5;Throttling
134.8;34.7;-1.2;50.6;0.2;9418.7;Throttling
134.9;34.5;-1.2;50.6;0.2;9417.9;Throttling
135.0;34.4;-1.2;50.6;0.2;9417.1;Throttling
135.1;34.3;-1.2;50.6;0.2;9416.3;Throttling
135.2;34.2;-1.2;50.5;0.2;9415.5;Throttling
135.3;34.1;-1.2;50.5;0.2;9414.7;Throttling
135.4;34.0;-1.2;50.5;0.2;9413.9;Throttling
135.5;33.8;-1.2;50.5;0.2;9413.1;Throttling
135.6;33.7;-1.2;50.5;0.2;9412.3;Throttling
135.7;33.6;-1.2;50.5;0.2;9411.5;Throttling
135.8;33.5;-1.2;50.5;0.2;9410.7;Throttling
135.9;33.4;-1.2;50.5;0.2;9409.9;Throttling
136.0;33.3;-1.2;50.5;0.2;9409.1;Throttling
136.1;33.1;-1.2;50.5;0.2;9408.3;Throttling
136.2;33.0;-1.2;50.5;0.2;9407.6;Throttling
136.3;32.9;-1.2;50.5;0.2;9406.8;Throttling
136.4;32.8;-1.2;50.5;0.2;9406.0;Throttling
136.5;32.7;-1.2;50.5;0.2;9405.2;Throttling
136.6;32.5;-1.2;50.5;0.2;9404.4;Throttling
136.7;32.4;-1.2;50.5;0.2;9403.6;Throttling
136.8;32.3;-1.2;50.5;0.2;9402.8;Throttling
136.9;32.2;-1.2;50.5;0.2;9402.0;Throttling
137.0;32.1;-1.2;50.5;0.2;9401.2;Throttling
137.1;32.0;-1.2;50.5;0.2;9400.4;Throttling
137.2;31.9;-1.2;50.5;0.2;9399.6;Throttling
137.3;31.7;-1.2;50.5;0.2;9398.8;Throttling
137.4;31.6;-1.2;50.5;0.2;9398.0;Throttling
137.5;31.5;-1.2;50.5;0.2;9397.2;Throttling
137.6;31.4;-1.2;50.5;0.2;9396.4;Throttling
137.7;31.3;-1.2;50.5;0.2;9395.7;Throttling
137.8;31.2;-1.2;50.5;0.2;9394.9;Throttling
137.9;31.0;-1.2;50.5;0.2;9394.1;Throttling
138.0;30.9;-1.2;50.5;0.2;9393.3;Throttling
138.1;30.8;-1.2;50.5;0.2;9392.5;Throttling
138.2;30.7;-1.1;50.4;0.2;9391.7;Throttling
138.3;30.6;-1.1;50.4;0.2;9390.9;Throttling
138.4;30.5;-1.1;50.4;0.2;9390.1;Throttling
138.5;30.4;-1.1;50.4;0.2;9389.3;Throttling
138.6;30.2;-1.1;50.4;0.2;9388.5;Throttling
138.7;30.1;-1.1;50.4;0.2;9387.7;Throttling
138.8;30.0;-1.1;50.4;0.2;9386.9;Throttling
138.9;29.9;-1.1;50.4;0.2;9386.1;Throttling
139.0;29.8;-1.1;50.4;0.2;9385.3;Throttling
139.1;29.7;-1.1;50.4;0.2;9384.6;Throttling
139.2;29.6;-1.1;50.4;0.2;9383.8;Throttling
139.3;29.4;-1.1;50.4;0.2;9383.0;Throttling
139.4;29.3;-1.1;50.4;0.2;9382.2;Throttling
139.5;29.2;-1.1;50.4;0.2;9381.4;Throttling
139.6;29.1;-1.1;50.4;0.2;9380.6;Throttling
139.7;29.0;-1.1;50.4;0.2;9379.8;Throttling
139.8;28.9;-1.1;50.4;0.2;9379.0;Throttling
139.9;28.8;-1.1;50.4;0.2;9378.2;Throttling
140.0;28.6;-1.1;50.4;0.2;9377.4;Throttling
140.1;28.5;-1.1;50.4;0.2;9376.6;Throttling
140.2;28.4;-1.1;50.4;0.2;9375.8;Throttling
140.3;28.3;-1.1;50.4;0.2;9375.1;Throttling
140.4;28.2;-1.1;50.4;0.2;9374.3;Throttling
140.5;28.1;-1.1;50.4;0.2;9373.5;Throttling
140.6;28.0;-1.1;50.4;0.2;9372.7;Throttling
140.7;27.9;-1.1;50.4;0.2;9371.9;Throttling
140.8;27.7;-1.1;50.4;0.2;9371.1;Throttling
140.9;27.6;-1.1;50.4;0.2;9370.3;Throttling
141.0;27.5;-1.1;50.4;0.2;9369.5;Throttling
141.1;27.4;-1.1;50.4;0.2;9368.7;Throttling
141.2;27.3;-1.1;50.4;0.2;9367.9;Throttling
141.3;27.2;-1.1;50.3;0.2;9367.1;Throttling
141.4;27.1;-1.1;50.3;0.2;9366.3;Throttling
141.5;27.0;-1.1;50.3;0.2;9365.6;Throttling
141.6;26.8;-1.1;50.3;0.2;9364.8;Throttling
141.7;26.7;-1.1;50.3;0.2;9364.0;Throttling
141.8;26.6;-1.1;50.3;0.2;9363.2;Throttling
141.9;26.5;-1.1;50.3;0.2;9362.4;Throttling
142.0;26.4;-1.1;50.3;0.2;9361.6;Throttling
142.1;26.3;-1.1;50.3;0.2;9360.8;Throttling
142.2;26.2;-1.1;50.3;0.2;9360.0;Throttling
142.3;26.1;-1.1;50.3;0.2;9359.2;Throttling
142.4;26.0;-1.1;50.3;0.2;9358.4;Throttling
142.5;25.8;-1.1;50.3;0.2;9357.6;Throttling
142.6;25.7;-1.1;50.3;0.2;9356.9;Throttling
142.7;25.6;-1.1;50.3;0.2;9356.1;Throttling
142.8;25.5;-1.1;50.3;0.2;9355.3;Throttling
142.9;25.4;-1.1;50.3;0.2;9354.5;Throttling
143.0;25.3;-1.1;50.3;0.2;9353.7;Throttling
143.1;25.2;-1.1;50.3;0.2;9352.9;Throttling
143.2;25.1;-1.1;50.3;0.2;9352.1;Throttling
143.3;25.0;-1.1;50.3;0.2;9351.3;Throttling
143.4;24.9;-1.1;50.3;0.2;9350.5;Throttling
143.5;24.7;-1.1;50.3;0.2;9349.7;Throttling
143.6;24.6;-1.1;50.3;0.2;9348.9;Throttling
143.7;24.5;-1.1;50.3;0.2;9348.2;Throttling
143.8;24.4;-1.1;50.3;0.2;9347.4;Throttling
143.9;24.3;-1.1;50.3;0.2;9346.6;Throttling
144.0;24.2;-1.1;50.3;0.2;9345.8;Throttling
144.1;24.1;-1.1;50.3;0.2;9345.0;Throttling
144.2;24.0;-1.1;50.3;0.2;9344.2;Throttling
144.3;23.9;-1.1;50.3;0.2;9343.4;Throttling
144.4;23.8;-1.1;50.2;0.2;9342.6;Throttling
144.5;23.7;-1.1;50.2;0.2;9341.8;Throttling
144.6;23.5;-1.1;50.2;0.2;9341.0;Throttling
144.7;23.4;-1.1;50.2;0.2;9340.3;Throttling
144.8;23.3;-1.1;50.2;0.2;9339.5;Throttling
144.9;23.2;-1.1;50.2;0.2;9338.7;Throttling
145.0;23.1;-1.1;50.2;0.2;9337.9;Throttling
145.1;23.0;-1.1;50.2;0.2;9337.1;Throttling
145.2;22.9;-1.1;50.2;0.2;9336.3;Throttling
145.3;22.8;-1.1;50.2;0.2;9335.5;Throttling
145.4;22.7;-1.1;50.2;0.2;9334.7;Throttling
145.5;22.6;-1.1;50.2;0.2;9333.9;Throttling
145.6;22.5;-1.1;50.2;0.2;9333.2;Throttling
145.7;22.4;-1.1;50.2;0.2;9332.4;Throttling
145.8;22.2;-1.1;50.2;0.2;9331.6;Throttling
145.9;22.1;-1.1;50.2;0.2;9330.8;Throttling
146.0;22.0;-1.1;50.2;0.2;9330.0;Throttling
146.1;21.9;-1.1;50.2;0.2;9329.2;Throttling
146.2;21.8;-1.1;50.2;0.2;9328.4;Throttling
146.3;21.7;-1.1;50.2;0.2;9327.6;Throttling
146.4;21.6;-1.1;50.2;0.2;9326.8;Throttling
146.5;21.5;-1.1;50.2;0.2;9326.1;Throttling
146.6;21.4;-1.1;50.2;0.2;9325.3;Throttling
146.7;21.3;-1.1;50.2;0.2;9324.5;Throttling
146.8;21.2;-1.1;50.2;0.2;9323.7;Throttling
146.9;21.1;-1.1;50.2;0.2;9322.9;Throttling
147.0;21.0;-1.1;50.2;0.2;9322.1;Throttling
147.1;20.9;-1.1;50.2;0.2;9321.3;Throttling
147.2;20.8;-1.1;50.2;0.2;9320.5;Throttling
147.3;20.6;-1.1;50.2;0.2;9319.7;Throttling
147.4;20.5;-1.1;50.2;0.2;9319.0;Throttling
147.5;20.4;-1.1;50.2;0.2;9318.2;Throttling
147.6;20.3;-1.1;50.1;0.2;9317.4;Throttling
147.7;20.2;-1.1;50.1;0.2;9316.6;Throttling
147.8;20.1;-1.1;50.1;0.2;9315.8;Throttling
147.9;20.0;-1.1;50.1;0.2;9315.0;Throttling
148.0;19.9;-1.1;50.1;0.2;9314.2;Throttling
148.1;19.8;-1.1;50.1;0.2;9313.4;Throttling
148.2;19.7;-1.1;50.2;0.2;9312.7;Throttling
148.3;19.6;-1.1;50.2;0.2;9311.9;Throttling
148.4;19.5;-1.1;50.2;0.2;9311.1;Throttling
148.5;19.4;-1.1;50.2;0.2;9310.3;Throttling
148.6;19.3;-1.0;50.2;0.2;9309.5;Throttling
148.7;19.2;-1.0;50.2;0.2;9308.7;Throttling
148.8;19.1;-1.0;50.2;0.2;9307.9;Throttling
148.9;19.0;-1.0;50.3;0.2;9307.1;Throttling
149.0;18.9;-1.0;50.3;0.2;9306.3;Throttling
149.1;18.8;-1.0;50.3;0.2;9305.6;Throttling
149.2;18.6;-1.0;50.3;0.2;9304.8;Throttling
149.3;18.5;-1.0;50.3;0.2;9304.0;Throttling
149.4;18.4;-1.0;50.3;0.2;9303.2;Throttling
149.5;18.3;-1.0;50.3;0.2;9302.4;Throttling
149.6;18.2;-1.0;50.4;0.2;9301.6;Throttling
149.7;18.1;-1.0;50.4;0.2;9300.8;Throttling
149.8;18.0;-1.0;50.4;0.2;9300.0;Throttling
149.9;17.9;-1.0;50.4;0.2;9299.2;Throttling
150.0;17.8;-1.0;50.4;0.2;9298.5;Throttling
150.1;17.7;-1.0;50.4;0.2;9297.7;Throttling
150.2;17.6;-1.0;50.4;0.2;9296.9;Throttling
150.3;17.5;-1.0;50.4;0.2;9296.1;Throttling
150.4;17.4;-1.0;50.4;0.2;9295.3;Throttling
150.5;17.3;-1.0;50.5;0.2;9294.5;Throttling
150.6;17.2;-1.0;50.5;0.2;9293.7;Throttling
150.7;17.1;-1.0;50.5;0.2;9292.9;Throttling
150.8;17.0;-1.0;50.5;0.2;9292.1;Throttling
150.9;16.9;-1.0;50.5;0.2;9291.3;Throttling
151.0;16.8;-1.0;50.5;0.2;9290.5;Throttling
151.1;16.7;-1.0;50.5;0.2;9289.8;Throttling
151.2;16.6;-1.0;50.5;0.2;9289.0;Throttling
151.3;16.5;-1.0;50.5;0.2;9288.2;Throttling
151.4;16.4;-1.0;50.5;0.2;9287.4;Throttling
151.5;16.3;-1.0;50.6;0.2;9286.6;Throttling
151.6;16.2;-1.0;50.6;0.2;9285.8;Throttling
151.7;16.1;-1.0;50.6;0.2;9285.0;Throttling
151.8;16.0;-1.0;50.6;0.2;9284.2;Throttling
151.9;15.9;-1.0;50.6;0.2;9283.4;Throttling
152.0;15.8;-1.0;50.6;0.2;9282.6;Throttling
152.1;15.7;-1.0;50.6;0.2;9281.8;Throttling
152.2;15.6;-1.0;50.6;0.2;9281.0;Throttling
152.3;15.5;-1.0;50.6;0.2;9280.2;Throttling
152.4;15.4;-1.0;50.6;0.2;9279.4;Throttling
152.5;15.3;-1.0;50.6;0.2;9278.7;Throttling
152.6;15.2;-1.0;50.6;0.2;9277.9;Throttling
152.7;15.1;-1.0;50.6;0.2;9277.1;Throttling
152.8;15.0;-1.0;50.6;0.2;9276.3;Throttling
152.9;14.9;-1.0;50.6;0.2;9275.5;Throttling
153.0;14.8;-1.0;50.6;0.2;9274.7;Throttling
153.1;14.7;-1.0;50.7;0.2;9273.9;Throttling
153.2;14.6;-1.0;50.7;0.2;9273.1;Throttling
153.3;14.5;-1.0;50.7;0.2;9272.3;Throttling
153.4;14.4;-1.0;50.7;0.2;9271.5;Throttling
153.5;14.3;-1.0;50.7;0.2;9270.7;Throttling
153.6;14.2;-1.0;50.7;0.2;9269.9;Throttling
153.7;14.1;-0.9;50.7;0.2;9269.1;Throttling
153.8;14.0;-0.9;50.7;0.2;9268.3;Throttling
153.9;14.0;-0.9;50.7;0.2;9267.5;Throttling
154.0;13.9;-0.9;50.7;0.2;9266.7;Throttling
154.1;13.8;-0.9;50.7;0.2;9265.9;Throttling
154.2;13.7;-0.9;50.7;0.2;9265.1;Throttling
154.3;13.6;-0.9;50.7;0.2;9264.4;Throttling
154.4;13.5;-0.9;50.7;0.2;9263.6;Throttling
154.5;13.4;-0.9;50.7;0.2;9262.8;Throttling
154.6;13.3;-0.9;50.7;0.2;9262.0;Throttling
154.7;13.2;-0.9;50.7;0.2;9261.2;Throttling
154.8;13.1;-0.9;50.7;0.2;9260.4;Throttling
154.9;13.0;-0.9;50.7;0.2;9259.6;Throttling
155.0;12.9;-0.9;50.7;0.2;9258.8;Throttling
155.1;12.9;-0.9;50.7;0.2;9258.0;Throttling
155.2;12.8;-0.9;50.7;0.2;9257.2;Throttling
155.3;12.7;-0.9;50.7;0.2;9256.4;Throttling
155.4;12.6;-0.9;50.7;0.2;9255.6;Throttling
155.5;12.5;-0.9;50.7;0.2;9254.8;Throttling
155.6;12.4;-0.9;50.7;0.2;9254.0;Throttling
155.7;12.3;-0.9;50.7;0.2;9253.2;Throttling
155.8;12.2;-0.9;50.7;0.2;9252.4;Throttling
155.9;12.1;-0.9;50.7;0.2;9251.6;Throttling
156.0;12.1;-0.9;50.7;0.2;9250.8;Throttling
156.1;12.0;-0.9;50.7;0.2;9250.0;Throttling
156.2;11.9;-0.9;50.7;0.2;9249.2;Throttling
156.3;11.8;-0.9;50.7;0.2;9248.4;Throttling
156.4;11.7;-0.9;50.7;0.2;9247.6;Throttling
156.5;11.6;-0.9;50.7;0.2;9246.8;Throttling
156.6;11.5;-0.9;50.7;0.2;9246.0;Throttling
156.7;11.5;-0.8;50.7;0.2;9245.2;Throttling
156.8;11.4;-0.8;50.7;0.2;9244.5;Throttling
156.9;11.3;-0.8;50.7;0.2;9243.7;Throttling
157.0;11.2;-0.8;50.7;0.2;9242.9;Throttling
157.1;11.1;-0.8;50.7;0.2;9242.1;Throttling
157.2;11.0;-0.8;50.7;0.2;9241.3;Throttling
157.3;10.9;-0.8;50.7;0.2;9240.5;Throttling
157.4;10.9;-0.8;50.7;0.2;9239.7;Throttling
157.5;10.8;-0.8;50.7;0.2;9238.9;Throttling
157.6;10.7;-0.8;50.7;0.2;9238.1;Throttling
157.7;10.6;-0.8;50.7;0.2;9237.3;Throttling
157.8;10.5;-0.8;50.7;0.2;9236.5;Throttling
157.9;10.5;-0.8;50.7;0.2;9235.7;Throttling
158.0;10.4;-0.8;50.7;0.2;9234.9;Throttling
158.1;10.3;-0.8;50.7;0.2;9234.1;Throttling
158.2;10.2;-0.8;50.7;0.2;9233.3;Throttling
158.3;10.1;-0.8;50.7;0.2;9232.5;Throttling
158.4;10.1;-0.8;50.7;0.2;9231.7;Throttling
158.5;10.0;-0.8;50.7;0.2;9230.9;Throttling
158.6;9.9;-0.8;50.7;0.2;9230.1;Throttling
158.7;9.8;-0.8;50.7;0.2;9229.3;Throttling
158.8;9.7;-0.8;50.7;0.2;9228.5;Throttling
158.9;9.7;-0.8;50.7;0.2;9227.7;Throttling
159.0;9.6;-0.8;50.7;0.2;9226.9;Throttling
159.1;9.5;-0.8;50.7;0.2;9226.1;Throttling
159.2;9.4;-0.8;50.7;0.2;9225.3;Throttling
159.3;9.4;-0.8;50.6;0.2;9224.6;Throttling
159.4;9.3;-0.8;50.6;0.2;9223.8;Throttling
159.5;9.2;-0.7;50.6;0.2;9223.0;Throttling
159.6;9.1;-0.7;50.6;0.2;9222.2;Throttling
159.7;9.1;-0.7;50.6;0.2;9221.4;Throttling
159.8;9.0;-0.7;50.6;0.2;9220.6;Throttling
159.9;8.9;-0.7;50.6;0.2;9219.8;Throttling
160.0;8.8;-0.7;50.6;0.2;9219.0;Throttling
160.1;8.8;-0.7;50.6;0.2;9218.2;Throttling
160.2;8.7;-0.7;50.6;0.2;9217.4;Throttling
160.3;8.6;-0.7;50.6;0.2;9216.6;Throttling
160.4;8.6;-0.7;50.6;0.2;9215.8;Throttling
160.5;8.5;-0.7;50.6;0.2;9215.0;Throttling
160.6;8.4;-0.7;50.6;0.2;9214.2;Throttling
160.7;8.3;-0.7;50.6;0.2;9213.4;Throttling
160.8;8.3;-0.7;50.6;0.2;9212.6;Throttling
160.9;8.2;-0.7;50.6;0.2;9211.8;Throttling
161.0;8.1;-0.7;50.6;0.2;9211.0;Throttling
161.1;8.1;-0.7;50.6;0.2;9210.2;Throttling
161.2;8.0;-0.7;50.6;0.2;9209.4;Throttling
161.3;7.9;-0.7;50.6;0.2;9208.6;Throttling
161.4;7.9;-0.7;50.6;0.2;9207.9;Throttling
161.5;7.8;-0.7;50.6;0.2;9207.1;Throttling
161.6;7.7;-0.7;50.5;0.2;9206.3;Throttling
161.7;7.7;-0.7;50.5;0.2;9205.5;Throttling
161.8;7.6;-0.7;50.5;0.2;9204.7;Throttling
161.9;7.5;-0.7;50.5;0.2;9203.9;Throttling
162.0;7.5;-0.7;50.5;0.2;9203.1;Throttling
162.1;7.4;-0.7;50.5;0.2;9202.3;Throttling
162.2;7.3;-0.7;50.5;0.2;9201.5;Throttling
162.3;7.3;-0.6;50.5;0.2;9200.7;Throttling
162.4;7.2;-0.6;50.5;0.2;9199.9;Throttling
162.5;7.1;-0.6;50.5;0.2;9199.1;Throttling
162.6;7.1;-0.6;50.5;0.2;9198.3;Throttling
162.7;7.0;-0.6;50.5;0.2;9197.5;Throttling
162.8;7.0;-0.6;50.5;0.2;9196.7;Throttling
162.9;6.9;-0.6;50.5;0.2;9195.9;Throttling
163.0;6.8;-0.6;50.5;0.2;9195.1;Throttling
163.1;6.8;-0.6;50.5;0.2;9194.4;Throttling
163.2;6.7;-0.6;50.5;0.2;9193.6;Throttling
163.3;6.6;-0.6;50.5;0.2;9192.8;Throttling
163.4;6.6;-0.6;50.4;0.2;9192.0;Throttling
163.5;6.5;-0.6;50.4;0.2;9191.2;Throttling
163.6;6.5;-0.6;50.4;0.2;9190.4;Throttling
163.7;6.4;-0.6;50.4;0.2;9189.6;Throttling
163.8;6.3;-0.6;50.4;0.2;9188.8;Throttling
163.9;6.3;-0.6;50.4;0.2;9188.0;Throttling
164.0;6.2;-0.6;50.4;0.2;9187.2;Throttling
164.1;6.2;-0.6;50.4;0.2;9186.4;Throttling
164.2;6.1;-0.6;50.4;0.2;9185.6;Throttling
164.3;6.0;-0.6;50.4;0.2;9184.8;Throttling
164.4;6.0;-0.6;50.4;0.2;9184.0;Throttling
164.5;5.9;-0.6;50.4;0.2;9183.3;Throttling
164.6;5.9;-0.6;50.4;0.2;9182.5;Throttling
164.7;5.8;-0.6;50.4;0.2;9181.7;Throttling
164.8;5.8;-0.6;50.4;0.2;9180.9;Throttling
164.9;5.7;-0.6;50.4;0.2;9180.1;Throttling
165.0;5.7;-0.6;50.3;0.2;9179.3;Throttling
165.1;5.6;-0.6;50.3;0.2;9178.5;Throttling
165.2;5.5;-0.5;50.3;0.2;9177.7;Throttling
165.3;5.5;-0.5;50.3;0.2;9176.9;Throttling
165.4;5.4;-0.5;50.3;0.2;9176.1;Throttling
165.5;5.4;-0.5;50.3;0.2;9175.3;Throttling
165.6;5.3;-0.5;50.3;0.2;9174.5;Throttling
165.7;5.3;-0.5;50.3;0.2;9173.8;Throttling
165.8;5.2;-0.5;50.3;0.2;9173.0;Throttling
165.9;5.2;-0.5;50.3;0.2;9172.2;Throttling
166.0;5.1;-0.5;50.3;0.2;9171.4;Throttling
166.1;5.1;-0.5;50.3;0.2;9170.6;Throttling
166.2;5.0;-0.5;50.3;0.2;9169.8;Throttling
166.3;5.0;-0.5;50.3;0.2;9169.0;Throttling
166.4;4.9;-0.5;50.3;0.2;9168.2;Throttling
166.5;4.9;-0.5;50.3;0.2;9167.4;Throttling
166.6;4.8;-0.5;50.2;0.2;9166.6;Throttling
166.7;4.8;-0.5;50.2;0.2;9165.9;Throttling
166.8;4.7;-0.5;50.2;0.2;9165.1;Throttling
166.9;4.7;-0.5;50.2;0.2;9164.3;Throttling
167.0;4.6;-0.5;50.2;0.2;9163.5;Throttling
167.1;4.6;-0.5;50.2;0.2;9162.7;Throttling
167.2;4.5;-0.5;50.2;0.2;9161.9;Throttling
167.3;4.5;-0.5;50.2;0.2;9161.1;Throttling
167.4;4.4;-0.5;50.2;0.2;9160.3;Throttling
167.5;4.4;-0.5;50.2;0.2;9159.5;Throttling
167.6;4.3;-0.5;50.2;0.2;9158.7;Throttling
167.7;4.3;-0.5;50.2;0.2;9158.0;Throttling
167.8;4.2;-0.5;50.2;0.2;9157.2;Throttling
167.9;4.2;-0.5;50.2;0.2;9156.4;Throttling
168.0;4.1;-0.5;50.2;0.2;9155.6;Throttling
168.1;4.1;-0.5;50.1;0.2;9154.8;Throttling
168.2;4.1;-0.5;50.1;0.2;9154.0;Throttling
168.3;4.0;-0.5;50.1;0.2;9153.2;Throttling
168.4;4.0;-0.4;50.1;0.2;9152.4;Throttling
168.5;3.9;-0.4;50.1;0.2;9151.6;Throttling
168.6;3.9;-0.4;50.1;0.2;9150.9;Throttling
168.7;3.8;-0.4;50.1;0.2;9150.1;Throttling
168.8;3.8;-0.4;50.1;0.2;9149.3;Throttling
168.9;3.7;-0.4;50.1;0.2;9148.5;Throttling
169.0;3.7;-0.4;50.1;0.2;9147.7;Throttling
169.1;3.7;-0.4;50.1;0.2;9146.9;Throttling
169.2;3.6;-0.4;50.1;0.2;9146.1;Throttling
169.3;3.6;-0.4;50.1;0.2;9145.3;Throttling
169.4;3.5;-0.4;50.1;0.2;9144.6;Throttling
169.5;3.5;-0.4;50.0;0.2;9143.8;Throttling
169.6;3.4;-0.4;50.0;0.2;9143.0;Throttling
169.7;3.4;-0.4;50.0;0.2;9142.2;Throttling
169.8;3.4;-0.4;50.0;0.2;9141.4;Throttling
169.9;3.3;-0.4;50.0;0.2;9140.6;Throttling
170.0;3.3;-0.4;50.0;0.2;9139.8;Throttling
170.1;3.2;-0.4;50.0;0.2;9139.0;Throttling
170.2;3.2;-0.4;50.0;0.2;9138.3;Throttling
170.3;3.2;-0.4;50.0;0.2;9137.5;Throttling
170.4;3.1;-0.4;50.0;0.2;9136.7;Throttling
170.5;3.1;-0.4;50.0;0.2;9135.9;Throttling
170.6;3.0;-0.4;50.0;0.2;9135.1;Throttling
170.7;3.0;-0.4;50.0;0.2;9134.3;Throttling
170.8;3.0;-0.4;50.0;0.2;9133.5;Throttling
170.9;2.9;-0.4;50.0;0.2;9132.8;Throttling
171.0;2.9;-0.4;49.9;0.2;9132.0;Throttling
171.1;2.9;-0.4;49.9;0.2;9131.2;Throttling
171.2;2.8;-0.4;49.9;0.2;9130.4;Throttling
171.3;2.8;-0.4;49.9;0.2;9129.6;Throttling
171.4;2.7;-0.4;49.9;0.2;9128.8;Throttling
171.5;2.7;-0.4;49.9;0.2;9128.0;Throttling
171.6;2.7;-0.4;49.9;0.2;9127.3;Throttling
171.7;2.6;-0.4;49.9;0.2;9126.5;Throttling
171.8;2.6;-0.4;49.9;0.2;9125.7;Throttling
171.9;2.6;-0.4;49.9;0.2;9124.9;Throttling
172.0;2.5;-0.4;49.9;0.2;9124.1;Throttling
172.1;2.5;-0.3;49.9;0.2;9123.3;Throttling
172.2;2.5;-0.3;49.9;0.2;9122.5;Throttling
172.3;2.4;-0.3;49.9;0.2;9121.8;Throttling
172.4;2.4;-0.3;49.9;0.2;9121.0;Throttling
172.5;2.4;-0.3;49.8;0.2;9120.2;Throttling
172.6;2.3;-0.3;49.8;0.2;9119.4;Throttling
172.7;2.3;-0.3;49.8;0.2;9118.6;Throttling
172.8;2.3;-0.3;49.8;0.2;9117.8;Throttling
172.9;2.2;-0.3;49.8;0.2;9117.1;Throttling
173.0;2.2;-0.3;49.8;0.2;9116.3;Throttling
173.1;2.2;-0.3;49.8;0.2;9115.5;Throttling
173.2;2.1;-0.3;49.8;0.2;9114.7;Throttling
173.3;2.1;-0.3;49.8;0.2;9113.9;Throttling
173.4;2.1;-0.3;49.8;0.2;9113.1;Throttling
173.5;2.0;-0.3;49.8;0.2;9112.4;Throttling
173.6;2.0;-0.3;49.8;0.2;9111.6;Throttling
173.7;2.0;-0.3;49.8;0.2;9110.8;Throttling
173.8;1.9;-0.3;49.8;0.2;9110.0;Throttling
173.9;1.9;-0.3;49.8;0.2;9109.2;Throttling
174.0;1.9;-0.3;49.7;0.2;9108.4;Throttling
174.1;1.9;-0.3;49.7;0.2;9107.7;Throttling
174.2;1.8;-0.3;49.7;0.2;9106.9;Throttling
174.3;1.8;-0.3;49.7;0.2;9106.1;Throttling
174.4;1.8;-0.3;49.7;0.2;9105.3;Throttling
174.5;1.7;-0.3;49.7;0.2;9104.5;Throttling
174.6;1.7;-0.3;49.7;0.2;9103.7;Throttling
174.7;1.7;-0.3;49.7;0.2;9103.0;Throttling
174.8;1.7;-0.3;49.7;0.2;9102.2;Throttling
174.9;1.6;-0.3;49.7;0.2;9101.4;Throttling
175.0;1.6;-0.3;49.7;0.2;9100.6;Throttling
175.1;1.6;-0.3;49.7;0.2;9099.8;Throttling
175.2;1.5;-0.3;49.7;0.2;9099.1;Throttling
175.3;1.5;-0.3;49.7;0.2;9098.3;Throttling
175.4;1.5;-0.3;49.7;0.2;9097.5;Throttling
175.5;1.5;-0.3;49.7;0.2;9096.7;Throttling
175.6;1.4;-0.3;49.6;0.2;9095.9;Throttling
175.7;1.4;-0.3;49.6;0.2;9095.1;Throttling
175.8;1.4;-0.3;49.6;0.2;9094.4;Throttling
175.9;1.3;-0.3;49.6;0.2;9093.6;Throttling
176.0;1.3;-0.3;49.6;0.2;9092.8;Throttling
176.1;1.3;-0.3;49.6;0.2;9092.0;Throttling
176.2;1.3;-0.3;49.6;0.2;9091.2;Throttling
176.3;1.2;-0.3;49.6;0.2;9090.5;Throttling
176.4;1.2;-0.3;49.6;0.2;9089.7;Throttling
176.5;1.2;-0.3;49.6;0.2;9088.9;Throttling
176.6;1.2;-0.2;49.6;0.2;9088.1;Throttling
176.7;1.1;-0.2;49.6;0.2;9087.3;Throttling
176.8;1.1;-0.2;49.6;0.2;9086.6;Throttling
176.9;1.1;-0.2;49.6;0.2;9085.8;Throttling
177.0;1.1;-0.2;49.6;0.2;9085.0;Throttling
177.1;1.0;-0.2;49.6;0.2;9084.2;Throttling
177.2;1.0;-0.2;49.5;0.2;9083.4;Throttling
177.3;1.0;-0.2;49.5;0.2;9082.7;Throttling
177.4;1.0;-0.2;49.5;0.2;9081.9;Throttling
177.5;1.0;-0.2;49.5;0.2;9081.1;Throttling
177.6;0.9;-0.2;49.5;0.2;9080.3;Throttling
177.7;0.9;-0.2;49.5;0.2;9079.5;Throttling
177.8;0.9;-0.2;49.5;0.2;9078.8;Throttling
177.9;0.9;-0.2;49.5;0.2;9078.0;Throttling
178.0;0.8;-0.2;49.5;0.2;9077.2;Throttling
178.1;0.8;-0.2;49.5;0.2;9076.4;Throttling
178.2;0.8;-0.2;49.5;0.2;9075.6;Throttling
178.3;0.8;-0.2;49.5;0.2;9074.9;Throttling
178.4;0.8;-0.2;49.5;0.2;9074.1;Throttling
178.5;0.7;-0.2;49.5;0.2;9073.3;Throttling
178.6;0.7;-0.2;49.5;0.2;9072.5;Throttling
178.7;0.7;-0.2;49.5;0.2;9071.8;Throttling
178.8;0.7;-0.2;49.4;0.2;9071.0;Throttling
178.9;0.6;-0.2;49.4;0.2;9070.2;Throttling
179.0;0.6;-0.2;49.4;0.2;9069.4;Throttling
179.1;0.6;-0.2;49.4;0.2;9068.6;Throttling
179.2;0.6;-0.2;49.4;0.2;9067.9;Throttling
179.3;0.6;-0.2;49.4;0.2;9067.1;Throttling
179.4;0.5;-0.2;49.4;0.2;9066.3;Throttling
179.5;0.5;-0.2;49.4;0.2;9065.5;Throttling
179.6;0.5;-0.2;49.4;0.2;9064.8;Throttling
179.7;0.5;-0.2;49.4;0.2;9064.0;Throttling
179.8;0.5;-0.2;49.4;0.2;9063.2;Throttling
179.9;0.4;-0.2;49.4;0.2;9062.4;Throttling
180.0;0.4;-0.2;49.4;0.2;9061.6;Throttling
180.1;0.4;-0.2;49.4;0.2;9060.9;Throttling
180.2;0.4;-0.2;49.4;0.2;9060.1;Throttling
180.3;0.4;-0.2;0.0;0.2;9059.3;Cutoff
180.4;0.4;-0.2;0.0;0.2;9058.6;Cutoff
180.5;0.3;-0.2;0.0;0.1;9058.0;Cutoff
180.6;0.3;-0.3;0.0;0.1;9057.6;Cutoff
180.7;0.3;-0.4;0.0;0.0;9057.4;Cutoff
180.8;0.2;-0.6;0.0;0.0;9057.3;Cutoff
180.9;0.1;-0.8;0.0;0.0;9057.3;Cutoff
181.0;0.0;-0.9;0.0;0.0;9057.3;Off
