Time;Height;Velocity;ThrustPct;Acceleration;FuelMass;EngineState
0.0;3000.0;0.0;0.0;0.0;10500.0;Off
0.1;3000.0;-0.2;0.0;0.0;10500.0;Off
0.2;3000.0;-0.3;0.0;0.0;10500.0;Off
0.3;2999.9;-0.5;0.0;0.0;10500.0;Off
0.4;2999.8;-0.7;0.0;0.0;10500.0;Off
0.5;2999.8;-0.8;0.0;0.0;10500.0;Off
0.6;2999.7;-1.0;0.0;0.0;10500.0;Off
0.7;2999.5;-1.1;0.0;0.0;10500.0;Off
0.8;2999.4;-1.3;0.0;0.0;10500.0;Off
0.9;2999.3;-1.5;0.0;0.0;10500.0;Off
1.0;2999.1;-1.6;0.0;0.0;10500.0;Off
1.1;2998.9;-1.8;0.0;0.0;10500.0;Off
1.2;2998.7;-2.0;0.0;0.0;10500.0;Off
1.3;2998.5;-2.1;0.0;0.0;10500.0;Off
1.4;2998.3;-2.3;0.0;0.0;10500.0;Off
1.5;2998.1;-2.4;0.0;0.0;10500.0;Off
1.6;2997.8;-2.6;0.0;0.0;10500.0;Off
1.7;2997.5;-2.8;0.0;0.0;10500.0;Off
1.8;2997.2;-2.9;0.0;0.0;10500.0;Off
1.9;2996.9;-3.1;0.0;0.0;10500.0;Off
2.0;2996.6;-3.3;0.0;0.0;10500.0;Off
2.1;2996.2;-3.4;0.0;0.0;10500.0;Off
2.2;2995.9;-3.6;0.0;0.0;10500.0;Off
2.3;2995.5;-3.7;0.0;0.0;10500.0;Off
2.4;2995.1;-3.9;0.0;0.0;10500.0;Off
2.5;2994.7;-4.1;0.0;0.0;10500.0;Off
2.6;2994.3;-4.2;0.0;0.0;10500.0;Off
2.7;2993.9;-4.4;0.0;0.0;10500.0;Off
2.8;2993.4;-4.6;0.0;0.0;10500.0;Off
2.9;2992.9;-4.7;0.0;0.0;10500.0;Off
3.0;2992.4;-4.9;0.0;0.0;10500.0;Off
3.1;2991.9;-5.0;0.0;0.0;10500.0;Off
3.2;2991.4;-5.2;0.0;0.0;10500.0;Off
3.3;2990.9;-5.4;0.0;0.0;10500.0;Off
3.4;2990.3;-5.5;0.0;0.0;10500.0;Off
3.5;2989.8;-5.7;0.0;0.0;10500.0;Off
3.6;2989.2;-5.9;0.0;0.0;10500.0;Off
3.7;2988.6;-6.0;0.0;0.0;10500.0;Off
3.8;2988.0;-6.2;0.0;0.0;10500.0;Off
3.9;2987.3;-6.3;0.0;0.0;10500.0;Off
4.0;2986.7;-6.5;0.0;0.0;10500.0;Off
4.1;2986.0;-6.7;0.0;0.0;10500.0;Off
4.2;2985.3;-6.8;0.0;0.0;10500.0;Off
4.3;2984.6;-7.0;0.0;0.0;10500.0;Off
4.4;2983.9;-7.1;0.0;0.0;10500.0;Off
4.5;2983.2;-7.3;0.0;0.0;10500.0;Off
4.6;2982.4;-7.5;0.0;0.0;10500.0;Off
4.7;2981.7;-7.6;0.0;0.0;10500.0;Off
4.8;2980.9;-7.8;0.0;0.0;10500.0;Off
4.9;2980.1;-8.0;0.0;0.0;10500.0;Off
5.0;2979.3;-8.1;0.0;0.0;10500.0;Off
5.1;2978.5;-8.3;0.0;0.0;10500.0;Off
5.2;2977.6;-8.4;0.0;0.0;10500.0;Off
5.3;2976.7;-8.6;0.0;0.0;10500.0;Off
5.4;2975.9;-8.8;0.0;0.0;10500.0;Off
5.5;2975.0;-8.9;0.0;0.0;10500.0;Off
5.6;2974.1;-9.1;0.0;0.0;10500.0;Off
5.7;2973.1;-9.3;0.0;0.0;10500.0;Off
5.8;2972.2;-9.4;0.0;0.0;10500.0;Off
5.9;2971.2;-9.6;0.0;0.0;10500.0;Off
6.0;2970.3;-9.7;0.0;0.0;10500.0;Off
6.1;2969.3;-9.9;0.0;0.0;10500.0;Off
6.2;2968.3;-10.1;0.0;0.0;10500.0;Off
6.3;2967.2;-10.2;0.0;0.0;10500.0;Off
6.4;2966.2;-10.4;0.0;0.0;10500.0;Off
6.5;2965.1;-10.6;0.0;0.0;10500.0;Off
6.6;2964.1;-10.7;0.0;0.0;10500.0;Off
6.7;2963.0;-10.9;0.0;0.0;10500.0;Off
6.8;2961.9;-11.1;0.0;0.0;10500.0;Off
6.9;2960.8;-11.2;0.0;0.0;10500.0;Off
7.0;2959.6;-11.4;0.0;0.0;10500.0;Off
7.1;2958.5;-11.5;0.0;0.0;10500.0;Off
7.2;2957.3;-11.7;0.0;0.0;10500.0;Off
7.3;2956.1;-11.9;0.0;0.0;10500.0;Off
7.4;2954.9;-12.0;0.0;0.0;10500.0;Off
7.5;2953.7;-12.2;0.0;0.0;10500.0;Off
7.6;2952.5;-12.4;0.0;0.0;10500.0;Off
7.7;2951.2;-12.5;0.0;0.0;10500.0;Off
7.8;2949.9;-12.7;0.0;0.0;10500.0;Off
7.9;2948.7;-12.8;0.0;0.0;10500.0;Off
8.0;2947.4;-13.0;0.0;0.0;10500.0;Off
8.1;2946.0;-13.2;0.0;0.0;10500.0;Off
8.2;2944.7;-13.3;0.0;0.0;10500.0;Off
8.3;2943.4;-13.5;0.0;0.0;10500.0;Off
8.4;2942.0;-13.7;0.0;0.0;10500.0;Off
8.5;2940.6;-13.8;0.0;0.0;10500.0;Off
8.6;2939.2;-14.0;0.0;0.0;10500.0;Off
8.7;2937.8;-14.1;0.0;0.0;10500.0;Off
8.8;2936.4;-14.3;0.0;0.0;10500.0;Off
8.9;2934.9;-14.5;0.0;0.0;10500.0;Off
9.0;2933.5;-14.6;0.0;0.0;10500.0;Off
9.1;2932.0;-14.8;0.0;0.0;10500.0;Off
9.2;2930.5;-15.0;0.0;0.0;10500.0;Off
9.3;2929.0;-15.1;0.0;0.0;10500.0;Off
9.4;2927.4;-15.3;0.0;0.0;10500.0;Off
9.5;2925.9;-15.4;0.0;0.0;10500.0;Off
9.6;2924.3;-15.6;0.0;0.0;10500.0;Off
9.7;2922.8;-15.8;0.0;0.0;10500.0;Off
9.8;2921.2;-15.9;0.0;0.0;10500.0;Off
9.9;2919.6;-16.1;0.0;0.0;10500.0;Off
10.0;2917.9;-16.3;0.0;0.0;10500.0;Off
10.1;2916.3;-16.4;0.0;0.0;10500.0;Off
10.2;2914.6;-16.6;0.0;0.0;10500.0;Off
10.3;2913.0;-16.7;0.0;0.0;10500.0;Off
10.4;2911.3;-16.9;0.0;0.0;10500.0;Off
10.5;2909.6;-17.1;0.0;0.0;10500.0;Off
10.6;2907.8;-17.2;0.0;0.0;10500.0;Off
10.7;2906.1;-17.4;0.0;0.0;10500.0;Off
10.8;2904.4;-17.6;0.0;0.0;10500.0;Off
10.9;2902.6;-17.7;0.0;0.0;10500.0;Off
11.0;2900.8;-17.9;0.0;0.0;10500.0;Off
11.1;2899.0;-18.0;0.0;0.0;10500.0;Off
11.2;2897.2;-18.2;0.0;0.0;10500.0;Off
11.3;2895.3;-18.4;0.0;0.0;10500.0;Off
11.4;2893.5;-18.5;0.0;0.0;10500.0;Off
11.5;2891.6;-18.7;0.0;0.0;10500.0;Off
11.6;2889.7;-18.9;0.0;0.0;10500.0;Off
11.7;2887.8;-19.0;0.0;0.0;10500.0;Off
11.8;2885.9;-19.2;0.0;0.0;10500.0;Off
11.9;2884.0;-19.3;0.0;0.0;10500.0;Off
12.0;2882.0;-19.5;0.0;0.0;10500.0;Off
12.1;2880.1;-19.7;0.0;0.0;10500.0;Off
12.2;2878.1;-19.8;0.0;0.0;10500.0;Off
12.3;2876.1;-20.0;0.0;0.0;10500.0;Off
12.4;2874.1;-20.2;0.0;0.0;10500.0;Off
12.5;2872.0;-20.3;0.0;0.0;10500.0;Off
12.6;2870.0;-20.5;0.0;0.0;10500.0;Off
12.7;2867.9;-20.6;0.0;0.0;10500.0;Off
12.8;2865.8;-20.8;0.0;0.0;10500.0;Off
12.9;2863.7;-21.0;0.0;0.0;10500.0;Off
13.0;2861.6;-21.1;0.0;0.0;10500.0;Off
13.1;2859.5;-21.3;0.0;0.0;10500.0;Off
13.2;2857.4;-21.5;0.0;0.0;10500.0;Off
13.3;2855.2;-21.6;0.0;0.0;10500.0;Off
13.4;2853.0;-21.8;0.0;0.0;10500.0;Off
13.5;2850.8;-21.9;0.0;0.0;10500.0;Off
13.6;2848.6;-22.1;0.0;0.0;10500.0;Off
13.7;2846.4;-22.3;0.0;0.0;10500.0;Off
13.8;2844.1;-22.4;0.0;0.0;10500.0;Off
13.9;2841.9;-22.6;0.0;0.0;10500.0;Off
14.0;2839.6;-22.8;0.0;0.0;10500.0;Off
14.1;2837.3;-22.9;0.0;0.0;10500.0;Off
14.2;2835.0;-23.1;0.0;0.0;10500.0;Off
14.3;2832.7;-23.2;0.0;0.0;10500.0;Off
14.4;2830.4;-23.4;0.0;0.0;10500.0;Off
14.5;2828.0;-23.6;0.0;0.0;10500.0;Off
14.6;2825.6;-23.7;0.0;0.0;10500.0;Off
14.7;2823.2;-23.9;0.0;0.0;10500.0;Off
14.8;2820.8;-24.1;0.0;0.0;10500.0;Off
14.9;2818.4;-24.2;0.0;0.0;10500.0;Off
15.0;2816.0;-24.4;0.0;0.0;10500.0;Off
15.1;2813.5;-24.5;0.0;0.0;10500.0;Off
15.2;2811.0;-24.7;0.0;0.0;10500.0;Off
15.3;2808.6;-24.9;0.0;0.0;10500.0;Off
15.4;2806.1;-25.0;0.0;0.0;10500.0;Off
15.5;2803.5;-25.2;0.0;0.0;10500.0;Off
15.6;2801.0;-25.4;0.0;0.0;10500.0;Off
15.7;2798.5;-25.5;0.0;0.0;10500.0;Off
15.8;2795.9;-25.7;0.0;0.0;10500.0;Off
15.9;2793.3;-25.8;0.0;0.0;10500.0;Off
16.0;2790.7;-26.0;0.0;0.0;10500.0;Off
16.1;2788.1;-26.2;0.0;0.0;10500.0;Off
16.2;2785.5;-26.3;0.0;0.0;10500.0;Off
16.3;2782.8;-26.5;0.0;0.0;10500.0;Off
16.4;2780.1;-26.7;0.0;0.0;10500.0;Off
16.5;2777.5;-26.8;0.0;0.0;10500.0;Off
16.6;2774.8;-27.0;0.0;0.0;10500.0;Off
16.7;2772.0;-27.1;0.0;0.0;10500.0;Off
16.8;2769.3;-27.3;0.0;0.0;10500.0;Off
16.9;2766.6;-27.5;0.0;0.0;10500.0;Off
17.0;2763.8;-27.6;0.0;0.0;10500.0;Off
17.1;2761.0;-27.8;0.0;0.0;10500.0;Off
17.2;2758.2;-28.0;0.0;0.0;10500.0;Off
17.3;2755.4;-28.1;0.0;0.0;10500.0;Off
17.4;2752.6;-28.3;0.0;0.0;10500.0;Off
17.5;2749.8;-28.4;0.0;0.0;10500.0;Off
17.6;2746.9;-28.6;0.0;0.0;10500.0;Off
17.7;2744.0;-28.8;0.0;0.0;10500.0;Off
17.8;2741.1;-28.9;0.0;0.0;10500.0;Off
17.9;2738.2;-29.1;0.0;0.0;10500.0;Off
18.0;2735.3;-29.3;0.0;0.0;10500.0;Off
18.1;2732.3;-29.4;0.0;0.0;10500.0;Off
18.2;2729.4;-29.6;0.0;0.0;10500.0;Off
18.3;2726.4;-29.7;0.0;0.0;10500.0;Off
18.4;2723.4;-29.9;0.0;0.0;10500.0;Off
18.5;2720.4;-30.1;0.0;0.0;10500.0;Off
18.6;2717.4;-30.2;0.0;0.0;10500.0;Off
18.7;2714.4;-30.4;0.0;0.0;10500.0;Off
18.8;2711.3;-30.6;0.0;0.0;10500.0;Off
18.9;2708.2;-30.7;0.0;0.0;10500.0;Off
19.0;2705.1;-30.9;0.0;0.0;10500.0;Off
19.1;2702.0;-31.0;0.0;0.0;10500.0;Off
19.2;2698.9;-31.2;0.0;0.0;10500.0;Off
19.3;2695.8;-31.4;0.0;0.0;10500.0;Off
19.4;2692.6;-31.5;0.0;0.0;10500.0;Off
19.5;2689.5;-31.7;0.0;0.0;10500.0;Off
19.6;2686.3;-31.9;0.0;0.0;10500.0;Off
19.7;2683.1;-32.0;0.0;0.0;10500.0;Off
19.8;2679.9;-32.2;0.0;0.0;10500.0;Off
19.9;2676.6;-32.3;0.0;0.0;10500.0;Off
20.0;2673.4;-32.5;0.0;0.0;10500.0;Off
20.1;2670.1;-32.7;0.0;0.0;10500.0;Off
20.2;2666.8;-32.8;0.0;0.0;10500.0;Off
20.3;2663.5;-33.0;0.0;0.0;10500.0;Off
20.4;2660.2;-33.2;0.0;0.0;10500.0;Off
20.5;2656.9;-33.3;0.0;0.0;10500.0;Off
20.6;2653.5;-33.5;0.0;0.0;10500.0;Off
20.7;2650.2;-33.6;0.0;0.0;10500.0;Off
20.8;2646.8;-33.8;0.0;0.0;10500.0;Off
20.9;2643.4;-34.0;0.0;0.0;10500.0;Off
21.0;2640.0;-34.1;0.0;0.0;10500.0;Off
21.1;2636.6;-34.3;0.0;0.0;10500.0;Off
21.2;2633.1;-34.5;0.0;0.0;10500.0;Off
21.3;2629.6;-34.6;0.0;0.0;10500.0;Off
21.4;2626.2;-34.8;0.0;0.0;10500.0;Off
21.5;2622.7;-34.9;0.0;0.0;10500.0;Off
21.6;2619.2;-35.1;0.0;0.0;10500.0;Off
21.7;2615.6;-35.3;0.0;0.0;10500.0;Off
21.8;2612.1;-35.4;0.0;0.0;10500.0;Off
21.9;2608.5;-35.6;0.0;0.0;10500.0;Off
22.0;2605.0;-35.8;0.0;0.0;10500.0;Off
22.1;2601.4;-35.9;0.0;0.0;10500.0;Off
22.2;2597.8;-36.1;0.0;0.0;10500.0;Off
22.3;2594.1;-36.2;0.0;0.0;10500.0;Off
22.4;2590.5;-36.4;0.0;0.0;10500.0;Off
22.5;2586.8;-36.6;0.0;0.0;10500.0;Off
22.6;2583.2;-36.7;0.0;0.0;10500.0;Off
22.7;2579.5;-36.9;0.0;0.0;10500.0;Off
22.8;2575.8;-37.1;0.0;0.0;10500.0;Off
22.9;2572.1;-37.2;0.0;0.0;10500.0;Off
23.0;2568.3;-37.4;0.0;0.0;10500.0;Off
23.1;2564.6;-37.5;0.0;0.0;10500.0;Off
23.2;2560.8;-37.7;0.0;0.0;10500.0;Off
23.3;2557.0;-37.9;0.0;0.0;10500.0;Off
23.4;2553.2;-38.0;0.0;0.0;10500.0;Off
23.5;2549.4;-38.2;0.0;0.0;10500.0;Off
23.6;2545.6;-38.4;0.0;0.0;10500.0;Off
23.7;2541.7;-38.5;0.0;0.0;10500.0;Off
23.8;2537.8;-38.7;0.0;0.0;10500.0;Off
23.9;2534.0;-38.8;0.0;0.0;10500.0;Off
24.0;2530.1;-39.0;0.0;0.0;10500.0;Off
24.1;2526.1;-39.2;0.0;0.0;10500.0;Off
24.2;2522.2;-39.3;0.0;0.0;10500.0;Off
24.3;2518.3;-39.5;0.0;0.0;10500.0;Off
24.4;2514.3;-39.7;0.0;0.0;10500.0;Off
24.5;2510.3;-39.8;0.0;0.0;10500.0;Off
24.6;2506.3;-40.0;0.0;0.0;10500.0;Off
24.7;2502.3;-40.1;0.0;0.0;10500.0;Off
24.8;2498.3;-40.3;0.0;0.0;10500.0;Off
24.9;2494.2;-40.5;0.0;0.0;10500.0;Off
25.0;2490.2;-40.6;0.0;0.0;10500.0;Off
25.1;2486.1;-40.8;0.0;0.0;10500.0;Off
25.2;2482.0;-41.0;0.0;0.0;10500.0;Off
25.3;2477.9;-41.1;0.0;0.0;10500.0;Off
25.4;2473.7;-41.3;0.0;0.0;10500.0;Off
25.5;2469.6;-41.4;0.0;0.0;10500.0;Off
25.6;2465.4;-41.6;0.0;0.0;10500.0;Off
25.7;2461.3;-41.8;0.0;0.0;10500.0;Off
25.8;2457.1;-41.9;0.0;0.0;10500.0;Off
25.9;2452.9;-42.1;0.0;0.0;10500.0;Off
26.0;2448.6;-42.3;0.0;0.0;10500.0;Off
26.1;2444.4;-42.4;0.0;0.0;10500.0;Off
26.2;2440.1;-42.6;0.0;0.0;10500.0;Off
26.3;2435.9;-42.7;0.0;0.0;10500.0;Off
26.4;2431.6;-42.9;0.0;0.0;10500.0;Off
26.5;2427.3;-43.1;0.0;0.0;10500.0;Off
26.6;2422.9;-43.2;0.0;0.0;10500.0;Off
26.7;2418.6;-43.4;0.0;0.0;10500.0;Off
26.8;2414.3;-43.6;0.0;0.0;10500.0;Off
26.9;2409.9;-43.7;0.0;0.0;10500.0;Off
27.0;2405.5;-43.9;0.0;0.0;10500.0;Off
27.1;2401.1;-44.0;0.0;0.0;10500.0;Off
27.2;2396.7;-44.2;0.0;0.0;10500.0;Off
27.3;2392.2;-44.4;0.0;0.0;10500.0;Off
27.4;2387.8;-44.5;0.0;0.0;10500.0;Off
27.5;2383.3;-44.7;0.0;0.0;10500.0;Off
27.6;2378.8;-44.9;0.0;0.0;10500.0;Off
27.7;2374.3;-45.0;0.0;0.0;10500.0;Off
27.8;2369.8;-45.2;0.0;0.0;10500.0;Off
27.9;2365.3;-45.3;0.0;0.0;10500.0;Off
28.0;2360.7;-45.5;0.0;0.0;10500.0;Off
28.1;2356.2;-45.7;0.0;0.0;10500.0;Off
28.2;2351.6;-45.8;0.0;0.0;10500.0;Off
28.3;2347.0;-46.0;0.0;0.0;10500.0;Off
28.4;2342.4;-46.2;0.0;0.0;10500.0;Off
28.5;2337.7;-46.3;0.0;0.0;10500.0;Off
28.6;2333.1;-46.5;0.0;0.0;10500.0;Off
28.7;2328.4;-46.6;0.0;0.0;10500.0;Off
28.8;2323.7;-46.8;0.0;0.0;10500.0;Off
28.9;2319.0;-47.0;0.0;0.0;10500.0;Off
29.0;2314.3;-47.1;0.0;0.0;10500.0;Off
29.1;2309.6;-47.3;0.0;0.0;10500.0;Off
29.2;2304.9;-47.5;0.0;0.0;10500.0;Off
29.3;2300.1;-47.6;0.0;0.0;10500.0;Off
29.4;2295.3;-47.8;0.0;0.0;10500.0;Off
29.5;2290.5;-47.9;0.0;0.0;10500.0;Off
29.6;2285.7;-48.1;0.0;0.0;10500.0;Off
29.7;2280.9;-48.3;0.0;0.0;10500.0;Off
29.8;2276.0;-48.4;0.0;0.0;10500.0;Off
29.9;2271.2;-48.6;0.0;0.0;10500.0;Off
30.0;2266.3;-48.8;0.0;0.0;10500.0;Off
30.1;2261.4;-48.9;0.0;0.0;10500.0;Off
30.2;2256.5;-49.1;0.0;0.0;10500.0;Off
30.3;2251.6;-49.2;0.0;0.0;10500.0;Off
30.4;2246.7;-49.4;0.0;0.0;10500.0;Off
30.5;2241.7;-49.6;0.0;0.0;10500.0;Off
30.6;2236.7;-49.7;0.0;0.0;10500.0;Off
30.7;2231.7;-49.9;0.0;0.0;10500.0;Off
30.8;2226.7;-50.1;0.0;0.0;10500.0;Off
30.9;2221.7;-50.2;0.0;0.0;10500.0;Off
31.0;2216.7;-50.4;0.0;0.0;10500.0;Off
31.1;2211.6;-50.5;0.0;0.0;10500.0;Off
31.2;2206.5;-50.7;0.0;0.0;10500.0;Off
31.3;2201.5;-50.9;0.0;0.0;10500.0;Off
31.4;2196.4;-51.0;0.0;0.0;10500.0;Off
31.5;2191.2;-51.2;0.0;0.0;10500.0;Off
31.6;2186.1;-51.4;0.0;0.0;10500.0;Off
31.7;2181.0;-51.5;0.0;0.0;10500.0;Off
31.8;2175.8;-51.7;0.0;0.0;10500.0;Off
31.9;2170.6;-51.8;0.0;0.0;10500.0;Off
32.0;2165.4;-52.0;0.0;0.0;10500.0;Off
32.1;2160.2;-52.2;0.0;0.0;10500.0;Off
32.2;2155.0;-52.3;0.0;0.0;10500.0;Off
32.3;2149.7;-52.5;0.0;0.0;10500.0;Off
32.4;2144.4;-52.7;0.0;0.0;10500.0;Off
32.5;2139.2;-52.8;0.0;0.0;10500.0;Off
32.6;2133.9;-53.0;0.0;0.0;10500.0;Off
32.7;2128.5;-53.1;0.0;0.0;10500.0;Off
32.8;2123.2;-53.3;0.0;0.0;10500.0;Off
32.9;2117.9;-53.5;0.0;0.0;10500.0;Off
33.0;2112.5;-53.6;0.0;0.0;10500.0;Off
33.1;2107.1;-53.8;0.0;0.0;10500.0;Off
33.2;2101.7;-54.0;0.0;0.0;10500.0;Off
33.3;2096.3;-54.1;0.0;0.0;10500.0;Off
33.4;2090.9;-54.3;0.0;0.0;10500.0;Off
33.5;2085.5;-54.4;0.0;0.0;10500.0;Off
33.6;2080.0;-54.6;0.0;0.0;10500.0;Off
33.7;2074.5;-54.8;0.0;0.0;10500.0;Off
33.8;2069.0;-54.9;0.0;0.0;10500.0;Off
33.9;2063.5;-55.1;0.0;0.0;10500.0;Off
34.0;2058.0;-55.3;0.0;0.0;10500.0;Off
34.1;2052.4;-55.4;0.0;0.0;10500.0;Off
34.2;2046.9;-55.6;0.0;0.0;10500.0;Off
34.3;2041.3;-55.7;0.0;0.0;10500.0;Off
34.4;2035.7;-55.9;0.0;0.0;10500.0;Off
34.5;2030.1;-56.1;0.0;0.0;10500.0;Off
34.6;2024.5;-56.2;0.0;0.0;10500.0;Off
34.7;2018.9;-56.4;0.0;0.0;10500.0;Off
34.8;2013.2;-56.6;0.0;0.0;10500.0;Off
34.9;2007.5;-56.7;0.0;0.0;10500.0;Off
35.0;2001.8;-56.9;0.0;0.0;10500.0;Off
35.1;1996.1;-57.0;0.0;0.0;10500.0;Off
35.2;1990.4;-57.2;0.0;0.0;10500.0;Off
35.3;1984.7;-57.4;0.0;0.0;10500.0;Off
35.4;1978.9;-57.5;0.0;0.0;10500.0;Off
35.5;1973.2;-57.7;0.0;0.0;10500.0;Off
35.6;1967.4;-57.9;0.0;0.0;10500.0;Off
35.7;1961.6;-58.0;0.0;0.0;10500.0;Off
35.8;1955.8;-58.2;0.0;0.0;10500.0;Off
35.9;1949.9;-58.3;0.0;0.0;10500.0;Off
36.0;1944.1;-58.5;0.0;0.0;10500.0;Off
36.1;1938.2;-58.7;0.0;0.0;10500.0;Off
36.2;1932.3;-58.8;0.0;0.0;10500.0;Off
36.3;1926.4;-59.0;0.0;0.0;10500.0;Off
36.4;1920.5;-59.2;0.0;0.0;10500.0;Off
36.5;1914.6;-59.3;0.0;0.0;10500.0;Off
36.6;1908.6;-59.5;0.0;0.0;10500.0;Off
36.7;1902.7;-59.6;0.0;0.0;10500.0;Off
36.8;1896.7;-59.8;0.0;0.0;10500.0;Off
36.9;1890.7;-60.0;0.0;0.0;10500.0;Off
37.0;1884.7;-60.1;0.0;0.0;10500.0;Off
37.1;1878.7;-60.3;0.0;0.0;10500.0;Off
37.2;1872.6;-60.5;0.0;0.0;10500.0;Off
37.3;1866.5;-60.6;0.0;0.0;10500.0;Off
37.4;1860.5;-60.8;0.0;0.0;10500.0;Off
37.5;1854.4;-60.9;0.0;0.0;10500.0;Off
37.6;1848.3;-61.1;0.0;0.0;10500.0;Off
37.7;1842.1;-61.3;0.0;0.0;10500.0;Off
37.8;1836.0;-61.4;0.0;0.0;10500.0;Off
37.9;1829.8;-61.6;0.0;0.0;10500.0;Off
38.0;1823.7;-61.8;0.0;0.0;10500.0;Off
38.1;1817.5;-61.9;0.0;0.0;10500.0;Off
38.2;1811.3;-62.1;0.0;0.0;10500.0;Off
38.3;1805.0;-62.2;0.0;0.0;10500.0;Off
38.4;1798.8;-62.4;0.0;0.0;10500.0;Off
38.5;1792.5;-62.6;0.0;0.0;10500.0;Off
38.6;1786.3;-62.7;0.0;0.0;10500.0;Off
38.7;1780.0;-62.9;0.0;0.0;10500.0;Off
38.8;1773.7;-63.1;0.0;0.0;10500.0;Off
38.9;1767.4;-63.2;0.0;0.0;10500.0;Off
39.0;1761.0;-63.4;100.0;0.0;10500.0;Ignition
39.1;1754.7;-63.5;100.0;0.0;10500.0;Ignition
39.2;1748.3;-63.7;100.0;0.0;10500.0;Ignition
39.3;1741.9;-63.9;100.0;0.0;10500.0;Ignition
39.4;1735.5;-64.0;100.0;0.0;10500.0;Ignition
39.5;1729.1;-64.2;100.0;0.0;10500.0;Ignition
39.6;1722.7;-64.4;100.0;0.0;10500.0;Ignition
39.7;1716.2;-64.5;100.0;0.0;10500.0;Throttling
39.8;1709.7;-64.6;100.0;0.0;10499.8;Throttling
39.9;1703.3;-64.7;100.0;0.1;10499.3;Throttling
40.0;1696.8;-64.7;100.0;0.2;10498.3;Throttling
40.1;1690.3;-64.6;100.0;0.3;10496.9;Throttling
40.2;1683.9;-64.4;100.0;0.3;10495.3;Active
40.3;1677.5;-64.3;100.0;0.3;10493.8;Active
40.4;1671.1;-64.1;100.0;0.3;10492.3;Active
40.5;1664.7;-64.0;100.0;0.3;10490.8;Active
40.6;1658.3;-63.9;100.0;0.3;10489.2;Active
40.7;1651.9;-63.7;100.0;0.3;10487.7;Active
40.8;1645.5;-63.6;100.0;0.3;10486.2;Active
40.9;1639.2;-63.5;100.0;0.3;10484.6;Active
41.0;1632.9;-63.3;100.0;0.3;10483.1;Active
41.1;1626.5;-63.2;100.0;0.3;10481.6;Active
41.2;1620.2;-63.0;100.0;0.3;10480.0;Active
41.3;1613.9;-62.9;100.0;0.3;10478.5;Active
41.4;1607.7;-62.8;100.0;0.3;10477.0;Active
41.5;1601.4;-62.6;100.0;0.3;10475.5;Active
41.6;1595.2;-62.5;100.0;0.3;10473.9;Active
41.7;1588.9;-62.4;100.0;0.3;10472.4;Active
41.8;1582.7;-62.2;100.0;0.3;10470.9;Active
41.9;1576.5;-62.1;100.0;0.3;10469.3;Active
42.0;1570.3;-61.9;100.0;0.3;10467.8;Active
42.1;1564.1;-61.8;100.0;0.3;10466.3;Active
42.2;1557.9;-61.7;100.0;0.3;10464.7;Active
42.3;1551.8;-61.5;100.0;0.3;10463.2;Active
42.4;1545.7;-61.4;100.0;0.3;10461.7;Active
42.5;1539.5;-61.3;100.0;0.3;10460.2;Active
42.6;1533.4;-61.1;100.0;0.3;10458.6;Active
42.7;1527.3;-61.0;100.0;0.3;10457.1;Active
42.8;1521.2;-60.8;100.0;0.3;10455.6;Active
42.9;1515.2;-60.7;100.0;0.3;10454.0;Active
43.0;1509.1;-60.6;100.0;0.3;10452.5;Active
43.1;1503.1;-60.4;100.0;0.3;10451.0;Active
43.2;1497.0;-60.3;100.0;0.3;10449.4;Active
43.3;1491.0;-60.1;100.0;0.3;10447.9;Active
43.4;1485.0;-60.0;100.0;0.3;10446.4;Active
43.5;1479.0;-59.9;100.0;0.3;10444.9;Active
43.6;1473.1;-59.7;100.0;0.3;10443.3;Active
43.7;1467.1;-59.6;100.0;0.3;10441.8;Active
43.8;1461.2;-59.5;100.0;0.3;10440.3;Active
43.9;1455.2;-59.3;100.0;0.3;10438.7;Active
44.0;1449.3;-59.2;100.0;0.3;10437.2;Active
44.1;1443.4;-59.0;100.0;0.3;10435.7;Active
44.2;1437.5;-58.9;100.0;0.3;10434.1;Active
44.3;1431.6;-58.8;100.0;0.3;10432.6;Active
44.4;1425.8;-58.6;100.0;0.3;10431.1;Active
44.5;1419.9;-58.5;100.0;0.3;10429.6;Active
44.6;1414.1;-58.3;100.0;0.3;10428.0;Active
44.7;1408.3;-58.2;100.0;0.3;10426.5;Active
44.8;1402.5;-58.1;100.0;0.3;10425.0;Active
44.9;1396.7;-57.9;100.0;0.3;10423.4;Active
45.0;1390.9;-57.8;100.0;0.3;10421.9;Active
45.1;1385.1;-57.6;100.0;0.3;10420.4;Active
45.2;1379.4;-57.5;100.0;0.3;10418.8;Active
45.3;1373.6;-57.4;100.0;0.3;10417.3;Active
45.4;1367.9;-57.2;100.0;0.3;10415.8;Active
45.5;1362.2;-57.1;100.0;0.3;10414.3;Active
45.6;1356.5;-57.0;100.0;0.3;10412.7;Active
45.7;1350.8;-56.8;100.0;0.3;10411.2;Active
45.8;1345.2;-56.7;100.0;0.3;10409.7;Active
45.9;1339.5;-56.5;100.0;0.3;10408.1;Active
46.0;1333.9;-56.4;100.0;0.3;10406.6;Active
46.1;1328.3;-56.3;100.0;0.3;10405.1;Active
46.2;1322.6;-56.1;100.0;0.3;10403.5;Active
46.3;1317.0;-56.0;100.0;0.3;10402.0;Active
46.4;1311.5;-55.8;100.0;0.3;10400.5;Active
46.5;1305.9;-55.7;100.0;0.3;10399.0;Active
46.6;1300.3;-55.6;100.0;0.3;10397.4;Active
46.7;1294.8;-55.4;100.0;0.3;10395.9;Active
46.8;1289.3;-55.3;100.0;0.3;10394.4;Active
46.9;1283.8;-55.1;100.0;0.3;10392.8;Active
47.0;1278.3;-55.0;100.0;0.3;10391.3;Active
47.1;1272.8;-54.9;100.0;0.3;10389.8;Active
47.2;1267.3;-54.7;100.0;0.3;10388.2;Active
47.3;1261.8;-54.6;100.0;0.3;10386.7;Active
47.4;1256.4;-54.4;100.0;0.3;10385.2;Active
47.5;1251.0;-54.3;100.0;0.3;10383.7;Active
47.6;1245.5;-54.2;100.0;0.3;10382.1;Active
47.7;1240.1;-54.0;100.0;0.3;10380.6;Active
47.8;1234.8;-53.9;100.0;0.3;10379.1;Active
47.9;1229.4;-53.7;100.0;0.3;10377.5;Active
48.0;1224.0;-53.6;100.0;0.3;10376.0;Active
48.1;1218.7;-53.5;100.0;0.3;10374.5;Active
48.2;1213.3;-53.3;100.0;0.3;10372.9;Active
48.3;1208.0;-53.2;100.0;0.3;10371.4;Active
48.4;1202.7;-53.0;100.0;0.3;10369.9;Active
48.5;1197.4;-52.9;100.0;0.3;10368.4;Active
48.6;1192.2;-52.8;100.0;0.3;10366.8;Active
48.7;1186.9;-52.6;100.0;0.3;10365.3;Active
48.8;1181.6;-52.5;100.0;0.3;10363.8;Active
48.9;1176.4;-52.3;100.0;0.3;10362.2;Active
49.0;1171.2;-52.2;100.0;0.3;10360.7;Active
49.1;1166.0;-52.1;100.0;0.3;10359.2;Active
49.2;1160.8;-51.9;100.0;0.3;10357.6;Active
49.3;1155.6;-51.8;100.0;0.3;10356.1;Active
49.4;1150.5;-51.6;100.0;0.3;10354.6;Active
49.5;1145.3;-51.5;100.0;0.3;10353.1;Active
49.6;1140.2;-51.4;100.0;0.3;10351.5;Active
49.7;1135.0;-51.2;100.0;0.3;10350.0;Active
49.8;1129.9;-51.1;100.0;0.3;10348.5;Active
49.9;1124.8;-50.9;100.0;0.3;10346.9;Active
50.0;1119.8;-50.8;100.0;0.3;10345.4;Active
50.1;1114.7;-50.7;100.0;0.3;10343.9;Active
50.2;1109.6;-50.5;100.0;0.3;10342.3;Active
50.3;1104.6;-50.4;100.0;0.3;10340.8;Active
50.4;1099.6;-50.2;100.0;0.3;10339.3;Active
50.5;1094.6;-50.1;100.0;0.3;10337.8;Active
50.6;1089.6;-50.0;100.0;0.3;10336.2;Active
50.7;1084.6;-49.8;100.0;0.3;10334.7;Active
50.8;1079.6;-49.7;100.0;0.3;10333.2;Active
50.9;1074.7;-49.5;100.0;0.3;10331.6;Active
51.0;1069.7;-49.4;100.0;0.3;10330.1;Active
51.1;1064.8;-49.2;100.0;0.3;10328.6;Active
51.2;1059.9;-49.1;100.0;0.3;10327.0;Active
51.3;1055.0;-49.0;100.0;0.3;10325.5;Active
51.4;1050.1;-48.8;100.0;0.3;10324.0;Active
51.5;1045.3;-48.7;100.0;0.3;10322.5;Active
51.6;1040.4;-48.5;100.0;0.3;10320.9;Active
51.7;1035.6;-48.4;100.0;0.3;10319.4;Active
51.8;1030.7;-48.3;100.0;0.3;10317.9;Active
51.9;1025.9;-48.1;100.0;0.3;10316.3;Active
52.0;1021.1;-48.0;100.0;0.3;10314.8;Active
52.1;1016.4;-47.8;100.0;0.3;10313.3;Active
52.2;1011.6;-47.7;100.0;0.3;10311.7;Active
52.3;1006.8;-47.6;100.0;0.3;10310.2;Active
52.4;1002.1;-47.4;100.0;0.3;10308.7;Active
52.5;997.4;-47.3;100.0;0.3;10307.2;Active
52.6;992.6;-47.1;100.0;0.3;10305.6;Active
52.7;987.9;-47.0;100.0;0.3;10304.1;Active
52.8;983.3;-46.8;100.0;0.3;10302.6;Active
52.9;978.6;-46.7;100.0;0.3;10301.0;Active
53.0;973.9;-46.6;100.0;0.3;10299.5;Active
53.1;969.3;-46.4;100.0;0.3;10298.0;Active
53.2;964.7;-46.3;100.0;0.3;10296.4;Active
53.3;960.1;-46.1;100.0;0.3;10294.9;Active
53.4;955.5;-46.0;100.0;0.3;10293.4;Active
53.5;950.9;-45.9;100.0;0.3;10291.9;Active
53.6;946.3;-45.7;100.0;0.3;10290.3;Active
53.7;941.7;-45.6;100.0;0.3;10288.8;Active
53.8;937.2;-45.4;100.0;0.3;10287.3;Active
53.9;932.7;-45.3;100.0;0.3;10285.7;Active
54.0;928.2;-45.1;100.0;0.3;10284.2;Active
54.1;923.7;-45.0;100.0;0.3;10282.7;Active
54.2;919.2;-44.9;100.0;0.3;10281.1;Active
54.3;914.7;-44.7;100.0;0.3;10279.6;Active
54.4;910.2;-44.6;100.0;0.3;10278.1;Active
54.5;905.8;-44.4;100.0;0.3;10276.6;Active
54.6;901.4;-44.3;100.0;0.3;10275.0;Active
54.7;896.9;-44.2;100.0;0.3;10273.5;Active
54.8;892.5;-44.0;100.0;0.3;10272.0;Active
54.9;888.2;-43.9;100.0;0.3;10270.4;Active
55.0;883.8;-43.7;100.0;0.3;10268.9;Active
55.1;879.4;-43.6;100.0;0.3;10267.4;Active
55.2;875.1;-43.4;100.0;0.3;10265.8;Active
55.3;870.8;-43.3;100.0;0.3;10264.3;Active
55.4;866.4;-43.2;100.0;0.3;10262.8;Active
55.5;862.1;-43.0;100.0;0.3;10261.3;Active
55.6;857.9;-42.9;100.0;0.3;10259.7;Active
55.7;853.6;-42.7;100.0;0.3;10258.2;Active
55.8;849.3;-42.6;100.0;0.3;10256.7;Active
55.9;845.1;-42.4;100.0;0.3;10255.1;Active
56.0;840.8;-42.3;100.0;0.3;10253.6;Active
56.1;836.6;-42.2;100.0;0.3;10252.1;Active
56.2;832.4;-42.0;100.0;0.3;10250.5;Active
56.3;828.2;-41.9;100.0;0.3;10249.0;Active
56.4;824.1;-41.7;100.0;0.3;10247.5;Active
56.5;819.9;-41.6;100.0;0.3;10246.0;Active
56.6;815.8;-41.4;100.0;0.3;10244.4;Active
56.7;811.6;-41.3;100.0;0.3;10242.9;Active
56.8;807.5;-41.2;100.0;0.3;10241.4;Active
56.9;803.4;-41.0;100.0;0.3;10239.8;Active
57.0;799.3;-40.9;100.0;0.3;10238.3;Active
57.1;795.3;-40.7;100.0;0.3;10236.8;Active
57.2;791.2;-40.6;100.0;0.3;10235.2;Active
57.3;787.2;-40.4;100.0;0.3;10233.7;Active
57.4;783.1;-40.3;100.0;0.3;10232.2;Active
57.5;779.1;-40.2;100.0;0.3;10230.7;Active
57.6;775.1;-40.0;100.0;0.3;10229.1;Active
57.7;771.1;-39.9;100.0;0.3;10227.6;Active
57.8;767.1;-39.7;100.0;0.3;10226.1;Active
57.9;763.2;-39.6;100.0;0.3;10224.5;Active
58.0;759.2;-39.4;100.0;0.3;10223.0;Active
58.1;755.3;-39.3;100.0;0.3;10221.5;Active
58.2;751.4;-39.2;100.0;0.3;10219.9;Active
58.3;747.5;-39.0;100.0;0.3;10218.4;Active
58.4;743.6;-38.9;100.0;0.3;10216.9;Active
58.5;739.7;-38.7;100.0;0.3;10215.4;Active
58.6;735.9;-38.6;100.0;0.3;10213.8;Active
58.7;732.0;-38.4;100.0;0.3;10212.3;Active
58.8;728.2;-38.3;100.0;0.3;10210.8;Active
58.9;724.4;-38.2;100.0;0.3;10209.2;Active
59.0;720.6;-38.0;100.0;0.3;10207.7;Active
59.1;716.8;-37.9;100.0;0.3;10206.2;Active
59.2;713.0;-37.7;100.0;0.3;10204.6;Active
59.3;709.3;-37.6;100.0;0.3;10203.1;Active
59.4;705.5;-37.4;100.0;0.3;10201.6;Active
59.5;701.8;-37.3;100.0;0.3;10200.1;Active
59.6;698.1;-37.2;100.0;0.3;10198.5;Active
59.7;694.4;-37.0;100.0;0.3;10197.0;Active
59.8;690.7;-36.9;100.0;0.3;10195.5;Active
59.9;687.0;-36.7;100.0;0.3;10193.9;Active
60.0;683.4;-36.6;100.0;0.3;10192.4;Active
60.1;679.7;-36.4;100.0;0.3;10190.9;Active
60.2;676.1;-36.3;100.0;0.3;10189.3;Active
60.3;672.5;-36.1;100.0;0.3;10187.8;Active
60.4;668.9;-36.0;100.0;0.3;10186.3;Active
60.5;665.3;-35.9;100.0;0.3;10184.8;Active
60.6;661.7;-35.7;100.0;0.3;10183.2;Active
60.7;658.2;-35.6;100.0;0.3;10181.7;Active
60.8;654.6;-35.4;100.0;0.3;10180.2;Active
60.9;651.1;-35.3;100.0;0.3;10178.6;Active
61.0;647.6;-35.1;100.0;0.3;10177.1;Active
61.1;644.1;-35.0;100.0;0.3;10175.6;Active
61.2;640.6;-34.8;100.0;0.3;10174.0;Active
61.3;637.1;-34.7;100.0;0.3;10172.5;Active
61.4;633.7;-34.6;100.0;0.3;10171.0;Active
61.5;630.2;-34.4;100.0;0.3;10169.5;Active
61.6;626.8;-34.3;100.0;0.3;10167.9;Active
61.7;623.4;-34.1;100.0;0.3;10166.4;Active
61.8;620.0;-34.0;100.0;0.3;10164.9;Active
61.9;616.6;-33.8;100.0;0.3;10163.3;Active
62.0;613.2;-33.7;100.0;0.3;10161.8;Active
62.1;609.9;-33.6;100.0;0.3;10160.3;Active
62.2;606.5;-33.4;100.0;0.3;10158.7;Active
62.3;603.2;-33.3;100.0;0.3;10157.2;Active
62.4;599.9;-33.1;100.0;0.3;10155.7;Active
62.5;596.6;-33.0;100.0;0.3;10154.2;Active
62.6;593.3;-32.8;100.0;0.3;10152.6;Active
62.7;590.1;-32.7;100.0;0.3;10151.1;Active
62.8;586.8;-32.5;100.0;0.3;10149.6;Active
62.9;583.6;-32.4;100.0;0.3;10148.0;Active
63.0;580.3;-32.2;100.0;0.3;10146.5;Active
63.1;577.1;-32.1;100.0;0.3;10145.0;Active
63.2;573.9;-32.0;100.0;0.3;10143.4;Active
63.3;570.7;-31.8;100.0;0.3;10141.9;Active
63.4;567.6;-31.7;100.0;0.3;10140.4;Active
63.5;564.4;-31.5;100.0;0.3;10138.9;Active
63.6;561.3;-31.4;100.0;0.3;10137.3;Active
63.7;558.2;-31.2;100.0;0.3;10135.8;Active
63.8;555.1;-31.1;100.0;0.3;10134.3;Active
63.9;552.0;-30.9;100.0;0.3;10132.7;Active
64.0;548.9;-30.8;100.0;0.3;10131.2;Active
64.1;545.8;-30.7;100.0;0.3;10129.7;Active
64.2;542.8;-30.5;100.0;0.3;10128.1;Active
64.3;539.7;-30.4;100.0;0.3;10126.6;Active
64.4;536.7;-30.2;100.0;0.3;10125.1;Active
64.5;533.7;-30.1;100.0;0.3;10123.6;Active
64.6;530.7;-29.9;100.0;0.3;10122.0;Active
64.7;527.7;-29.8;100.0;0.3;10120.5;Active
64.8;524.8;-29.6;100.0;0.3;10119.0;Active
64.9;521.8;-29.5;100.0;0.3;10117.4;Active
65.0;518.9;-29.3;100.0;0.3;10115.9;Active
65.1;516.0;-29.2;100.0;0.3;10114.4;Active
65.2;513.1;-29.1;100.0;0.3;10112.8;Active
65.3;510.2;-28.9;100.0;0.3;10111.3;Active
65.4;507.3;-28.8;100.0;0.3;10109.8;Active
65.5;504.4;-28.6;100.0;0.3;10108.3;Active
65.6;501.6;-28.5;100.0;0.3;10106.7;Active
65.7;498.7;-28.3;100.0;0.3;10105.2;Active
65.8;495.9;-28.2;100.0;0.3;10103.7;Active
65.9;493.1;-28.0;100.0;0.3;10102.1;Active
66.0;490.3;-27.9;100.0;0.3;10100.6;Active
66.1;487.6;-27.7;100.0;0.3;10099.1;Active
66.2;484.8;-27.6;100.0;0.3;10097.5;Active
66.3;482.1;-27.5;100.0;0.3;10096.0;Active
66.4;479.3;-27.3;100.0;0.3;10094.5;Active
66.5;476.6;-27.2;100.0;0.3;10093.0;Active
66.6;473.9;-27.0;100.0;0.3;10091.4;Active
66.7;471.2;-26.9;100.0;0.3;10089.9;Active
66.8;468.5;-26.7;100.0;0.3;10088.4;Active
66.9;465.9;-26.6;100.0;0.3;10086.8;Active
67.0;463.2;-26.4;100.0;0.3;10085.3;Active
67.1;460.6;-26.3;100.0;0.3;10083.8;Active
67.2;458.0;-26.1;100.0;0.3;10082.2;Active
67.3;455.4;-26.0;100.0;0.3;10080.7;Active
67.4;452.8;-25.8;100.0;0.3;10079.2;Active
67.5;450.2;-25.7;100.0;0.3;10077.7;Active
67.6;447.7;-25.6;100.0;0.3;10076.1;Active
67.7;445.1;-25.4;100.0;0.3;10074.6;Active
67.8;442.6;-25.3;100.0;0.3;10073.1;Active
67.9;440.1;-25.1;100.0;0.3;10071.5;Active
68.0;437.6;-25.0;100.0;0.3;10070.0;Active
68.1;435.1;-24.8;100.0;0.3;10068.5;Active
68.2;432.7;-24.7;100.0;0.3;10066.9;Active
68.3;430.2;-24.5;100.0;0.3;10065.4;Active
68.4;427.8;-24.4;100.0;0.3;10063.9;Active
68.5;425.3;-24.2;100.0;0.3;10062.4;Active
68.6;422.9;-24.1;100.0;0.3;10060.8;Active
68.7;420.5;-23.9;100.0;0.3;10059.3;Active
68.8;418.2;-23.8;100.0;0.3;10057.8;Active
68.9;415.8;-23.7;100.0;0.3;10056.2;Active
69.0;413.4;-23.5;100.0;0.3;10054.7;Active
69.1;411.1;-23.4;100.0;0.3;10053.2;Active
69.2;408.8;-23.2;100.0;0.3;10051.6;Active
69.3;406.5;-23.1;100.0;0.3;10050.1;Active
69.4;404.2;-22.9;100.0;0.3;10048.6;Active
69.5;401.9;-22.8;100.0;0.3;10047.0;Active
69.6;399.6;-22.6;100.0;0.3;10045.5;Active
69.7;397.4;-22.5;100.0;0.3;10044.0;Active
69.8;395.2;-22.3;100.0;0.3;10042.5;Active
69.9;392.9;-22.2;100.0;0.3;10040.9;Active
70.0;390.7;-22.0;100.0;0.3;10039.4;Active
70.1;388.6;-21.9;100.0;0.3;10037.9;Active
70.2;386.4;-21.7;100.0;0.3;10036.3;Active
70.3;384.2;-21.6;100.0;0.3;10034.8;Active
70.4;382.1;-21.5;100.0;0.3;10033.3;Active
70.5;379.9;-21.3;100.0;0.3;10031.7;Active
70.6;377.8;-21.2;100.0;0.3;10030.2;Active
70.7;375.7;-21.0;100.0;0.3;10028.7;Active
70.8;373.6;-20.9;100.0;0.3;10027.2;Active
70.9;371.6;-20.7;100.0;0.3;10025.6;Active
71.0;369.5;-20.6;100.0;0.3;10024.1;Active
71.1;367.5;-20.4;100.0;0.3;10022.6;Active
71.2;365.4;-20.3;100.0;0.3;10021.0;Active
71.3;363.4;-20.1;100.0;0.3;10019.5;Active
71.4;361.4;-20.0;100.0;0.3;10018.0;Active
71.5;359.5;-19.8;100.0;0.3;10016.4;Active
71.6;357.5;-19.7;100.0;0.3;10014.9;Active
71.7;355.5;-19.5;100.0;0.3;10013.4;Active
71.8;353.6;-19.4;100.0;0.3;10011.9;Active
71.9;351.7;-19.2;100.0;0.3;10010.3;Active
72.0;349.8;-19.1;100.0;0.3;10008.8;Active
72.1;347.9;-18.9;100.0;0.3;10007.3;Active
72.2;346.0;-18.8;100.0;0.3;10005.7;Active
72.3;344.1;-18.6;100.0;0.3;10004.2;Active
72.4;342.3;-18.5;100.0;0.3;10002.7;Active
72.5;340.4;-18.4;100.0;0.3;10001.1;Active
72.6;338.6;-18.2;100.0;0.3;9999.6;Active
72.7;336.8;-18.1;100.0;0.3;9998.1;Active
72.8;335.0;-17.9;100.0;0.3;9996.6;Active
72.9;333.2;-17.8;100.0;0.3;9995.0;Active
73.0;331.5;-17.6;100.0;0.3;9993.5;Active
73.1;329.7;-17.5;100.0;0.3;9992.0;Active
73.2;328.0;-17.3;100.0;0.3;9990.4;Active
73.3;326.3;-17.2;100.0;0.3;9988.9;Active
73.4;324.6;-17.0;100.0;0.3;9987.4;Active
73.5;322.9;-16.9;100.0;0.3;9985.8;Active
73.6;321.2;-16.7;100.0;0.3;9984.3;Active
73.7;319.6;-16.6;100.0;0.3;9982.8;Active
73.8;317.9;-16.4;100.0;0.3;9981.3;Active
73.9;316.3;-16.3;100.0;0.3;9979.7;Active
74.0;314.7;-16.1;100.0;0.3;9978.2;Active
74.1;313.1;-16.0;100.0;0.3;9976.7;Active
74.2;311.5;-15.8;100.0;0.3;9975.1;Active
74.3;309.9;-15.7;100.0;0.3;9973.6;Active
74.4;308.4;-15.5;100.0;0.3;9972.1;Active
74.5;306.8;-15.4;64.8;0.3;9970.5;Throttling
74.6;305.3;-15.3;64.8;0.3;9969.1;Throttling
74.7;303.8;-15.1;64.8;0.3;9967.7;Throttling
74.8;302.3;-15.1;64.8;0.2;9966.5;Throttling
74.9;300.8;-15.0;64.8;0.2;9965.5;Throttling
75.0;299.3;-15.0;64.8;0.2;9964.5;Throttling
75.1;297.8;-14.9;64.8;0.2;9963.5;Active
75.2;296.3;-14.9;64.8;0.2;9962.4;Active
75.3;294.8;-14.9;64.8;0.2;9961.4;Active
75.4;293.3;-14.8;64.8;0.2;9960.4;Active
75.5;291.9;-14.8;64.8;0.2;9959.4;Active
75.6;290.4;-14.7;64.8;0.2;9958.4;Active
75.7;288.9;-14.7;64.8;0.2;9957.4;Active
75.8;287.4;-14.7;64.8;0.2;9956.4;Active
75.9;286.0;-14.6;64.8;0.2;9955.4;Active
76.0;284.5;-14.6;64.8;0.2;9954.4;Active
76.1;283.1;-14.5;64.8;0.2;9953.4;Active
76.2;281.6;-14.5;64.8;0.2;9952.4;Active
76.3;280.2;-14.5;64.8;0.2;9951.4;Active
76.4;278.7;-14.4;64.8;0.2;9950.4;Active
76.5;277.3;-14.4;64.8;0.2;9949.3;Active
76.6;275.9;-14.3;64.8;0.2;9948.3;Active
76.7;274.4;-14.3;64.8;0.2;9947.3;Active
76.8;273.0;-14.3;64.8;0.2;9946.3;Active
76.9;271.6;-14.2;64.8;0.2;9945.3;Active
77.0;270.2;-14.2;64.8;0.2;9944.3;Active
77.1;268.7;-14.1;64.8;0.2;9943.3;Active
77.2;267.3;-14.1;64.8;0.2;9942.3;Active
77.3;265.9;-14.1;64.8;0.2;9941.3;Active
77.4;264.5;-14.0;64.8;0.2;9940.3;Active
77.5;263.1;-14.0;64.8;0.2;9939.3;Active
77.6;261.7;-14.0;64.8;0.2;9938.3;Active
77.7;260.3;-13.9;64.8;0.2;9937.3;Active
77.8;258.9;-13.9;64.8;0.2;9936.2;Active
77.9;257.6;-13.8;64.8;0.2;9935.2;Active
78.0;256.2;-13.8;64.8;0.2;9934.2;Active
78.1;254.8;-13.8;64.8;0.2;9933.2;Active
78.2;253.4;-13.7;64.8;0.2;9932.2;Active
78.3;252.1;-13.7;64.8;0.2;9931.2;Active
78.4;250.7;-13.6;64.8;0.2;9930.2;Active
78.5;249.3;-13.6;64.8;0.2;9929.2;Active
78.6;248.0;-13.6;64.8;0.2;9928.2;Active
78.7;246.6;-13.5;64.8;0.2;9927.2;Active
78.8;245.3;-13.5;64.8;0.2;9926.2;Active
78.9;244.0;-13.4;64.8;0.2;9925.2;Active
79.0;242.6;-13.4;64.8;0.2;9924.2;Active
79.1;241.3;-13.4;64.8;0.2;9923.1;Active
79.2;239.9;-13.3;64.8;0.2;9922.1;Active
79.3;238.6;-13.3;64.8;0.2;9921.1;Active
79.4;237.3;-13.2;64.8;0.2;9920.1;Active
79.5;236.0;-13.2;64.8;0.2;9919.1;Active
79.6;234.7;-13.2;64.8;0.2;9918.1;Active
79.7;233.3;-13.1;64.8;0.2;9917.1;Active
79.8;232.0;-13.1;64.8;0.2;9916.1;Active
79.9;230.7;-13.0;64.8;0.2;9915.1;Active
80.0;229.4;-13.0;64.8;0.2;9914.1;Active
80.1;228.1;-13.0;64.8;0.2;9913.1;Active
80.2;226.8;-12.9;64.8;0.2;9912.1;Active
80.3;225.6;-12.9;64.8;0.2;9911.1;Active
80.4;224.3;-12.8;64.8;0.2;9910.0;Active
80.5;223.0;-12.8;64.8;0.2;9909.0;Active
80.6;221.7;-12.8;64.8;0.2;9908.0;Active
80.7;220.4;-12.7;64.8;0.2;9907.0;Active
80.8;219.2;-12.7;64.8;0.2;9906.0;Active
80.9;217.9;-12.6;64.8;0.2;9905.0;Active
81.0;216.7;-12.6;64.8;0.2;9904.0;Active
81.1;215.4;-12.6;64.8;0.2;9903.0;Active
81.2;214.2;-12.5;64.8;0.2;9902.0;Active
81.3;212.9;-12.5;64.8;0.2;9901.0;Active
81.4;211.7;-12.4;64.8;0.2;9900.0;Active
81.5;210.4;-12.4;64.8;0.2;9899.0;Active
81.6;209.2;-12.4;64.8;0.2;9898.0;Active
81.7;208.0;-12.3;64.8;0.2;9896.9;Active
81.8;206.7;-12.3;64.8;0.2;9895.9;Active
81.9;205.5;-12.2;64.8;0.2;9894.9;Active
82.0;204.3;-12.2;64.8;0.2;9893.9;Active
82.1;203.1;-12.2;64.8;0.2;9892.9;Active
82.2;201.9;-12.1;64.8;0.2;9891.9;Active
82.3;200.6;-12.1;64.8;0.2;9890.9;Active
82.4;199.4;-12.0;64.8;0.2;9889.9;Active
82.5;198.2;-12.0;64.8;0.2;9888.9;Active
82.6;197.0;-12.0;64.8;0.2;9887.9;Active
82.7;195.9;-11.9;64.8;0.2;9886.9;Active
82.8;194.7;-11.9;64.8;0.2;9885.9;Active
82.9;193.5;-11.8;64.8;0.2;9884.9;Active
83.0;192.3;-11.8;64.8;0.2;9883.8;Active
83.1;191.1;-11.8;64.8;0.2;9882.8;Active
83.2;190.0;-11.7;64.8;0.2;9881.8;Active
83.3;188.8;-11.7;64.8;0.2;9880.8;Active
83.4;187.6;-11.6;64.8;0.2;9879.8;Active
83.5;186.5;-11.6;64.8;0.2;9878.8;Active
83.6;185.3;-11.6;64.8;0.2;9877.8;Active
83.7;184.2;-11.5;64.8;0.2;9876.8;Active
83.8;183.0;-11.5;64.8;0.2;9875.8;Active
83.9;181.9;-11.4;64.8;0.2;9874.8;Active
84.0;180.7;-11.4;64.8;0.2;9873.8;Active
84.1;179.6;-11.3;64.8;0.2;9872.8;Active
84.2;178.5;-11.3;64.8;0.2;9871.8;Active
84.3;177.3;-11.3;64.8;0.2;9870.7;Active
84.4;176.2;-11.2;64.8;0.2;9869.7;Active
84.5;175.1;-11.2;64.8;0.2;9868.7;Active
84.6;174.0;-11.1;64.8;0.2;9867.7;Active
84.7;172.9;-11.1;64.8;0.2;9866.7;Active
84.8;171.8;-11.1;64.8;0.2;9865.7;Active
84.9;170.7;-11.0;64.8;0.2;9864.7;Active
85.0;169.6;-11.0;64.8;0.2;9863.7;Active
85.1;168.5;-10.9;64.8;0.2;9862.7;Active
85.2;167.4;-10.9;64.8;0.2;9861.7;Active
85.3;166.3;-10.9;64.8;0.2;9860.7;Active
85.4;165.2;-10.8;64.8;0.2;9859.7;Active
85.5;164.1;-10.8;64.8;0.2;9858.7;Active
85.6;163.1;-10.7;64.8;0.2;9857.6;Active
85.7;162.0;-10.7;64.8;0.2;9856.6;Active
85.8;160.9;-10.7;64.8;0.2;9855.6;Active
85.9;159.9;-10.6;64.8;0.2;9854.6;Active
86.0;158.8;-10.6;64.8;0.2;9853.6;Active
86.1;157.8;-10.5;64.8;0.2;9852.6;Active
86.2;156.7;-10.5;64.8;0.2;9851.6;Active
86.3;155.7;-10.5;64.8;0.2;9850.6;Active
86.4;154.6;-10.4;64.8;0.2;9849.6;Active
86.5;153.6;-10.4;64.8;0.2;9848.6;Active
86.6;152.6;-10.3;64.8;0.2;9847.6;Active
86.7;151.5;-10.3;64.8;0.2;9846.6;Active
86.8;150.5;-10.2;64.8;0.2;9845.6;Active
86.9;149.5;-10.2;64.8;0.2;9844.5;Active
87.0;148.5;-10.2;64.8;0.2;9843.5;Active
87.1;147.5;-10.1;64.8;0.2;9842.5;Active
87.2;146.4;-10.1;64.8;0.2;9841.5;Active
87.3;145.4;-10.0;62.8;0.2;9840.5;Throttling
87.4;144.4;-10.0;62.8;0.2;9839.5;Throttling
87.5;143.4;-10.0;62.8;0.2;9838.5;Throttling
87.6;142.4;-9.9;62.8;0.2;9837.5;Throttling
87.7;141.5;-9.9;62.8;0.2;9836.5;Throttling
87.8;140.5;-9.9;62.8;0.2;9835.6;Throttling
87.9;139.5;-9.8;62.8;0.2;9834.6;Active
88.0;138.5;-9.8;62.8;0.2;9833.6;Active
88.1;137.5;-9.8;62.8;0.2;9832.6;Active
88.2;136.6;-9.7;62.8;0.2;9831.7;Active
88.3;135.6;-9.7;62.8;0.2;9830.7;Active
88.4;134.6;-9.6;62.8;0.2;9829.7;Active
88.5;133.7;-9.6;62.8;0.2;9828.7;Active
88.6;132.7;-9.6;62.8;0.2;9827.7;Active
88.7;131.8;-9.5;62.8;0.2;9826.8;Active
88.8;130.8;-9.5;62.8;0.2;9825.8;Active
88.9;129.9;-9.5;62.8;0.2;9824.8;Active
89.0;128.9;-9.4;62.8;0.2;9823.8;Active
89.1;128.0;-9.4;62.8;0.2;9822.9;Active
89.2;127.0;-9.4;62.8;0.2;9821.9;Active
89.3;126.1;-9.3;62.8;0.2;9820.9;Active
89.4;125.2;-9.3;62.8;0.2;9819.9;Active
89.5;124.2;-9.3;62.8;0.2;9818.9;Active
89.6;123.3;-9.2;62.8;0.2;9818.0;Active
89.7;122.4;-9.2;62.8;0.2;9817.0;Active
89.8;121.5;-9.2;62.8;0.2;9816.0;Active
89.9;120.6;-9.1;62.8;0.2;9815.0;Active
90.0;119.7;-9.1;62.8;0.2;9814.1;Active
90.1;118.8;-9.1;62.8;0.2;9813.1;Active
90.2;117.9;-9.0;62.8;0.2;9812.1;Active
90.3;117.0;-9.0;62.8;0.2;9811.1;Active
90.4;116.1;-8.9;62.8;0.2;9810.1;Active
90.5;115.2;-8.9;62.8;0.2;9809.2;Active
90.6;114.3;-8.9;62.8;0.2;9808.2;Active
90.7;113.4;-8.8;62.8;0.2;9807.2;Active
90.8;112.5;-8.8;62.8;0.2;9806.2;Active
90.9;111.6;-8.8;62.8;0.2;9805.3;Active
91.0;110.8;-8.7;62.8;0.2;9804.3;Active
91.1;109.9;-8.7;62.8;0.2;9803.3;Active
91.2;109.0;-8.7;62.8;0.2;9802.3;Active
91.3;108.2;-8.6;62.8;0.2;9801.3;Active
91.4;107.3;-8.6;62.8;0.2;9800.4;Active
91.5;106.5;-8.6;62.8;0.2;9799.4;Active
91.6;105.6;-8.5;62.8;0.2;9798.4;Active
91.7;104.8;-8.5;62.8;0.2;9797.4;Active
91.8;103.9;-8.5;62.8;0.2;9796.5;Active
91.9;103.1;-8.4;62.8;0.2;9795.5;Active
92.0;102.2;-8.4;62.8;0.2;9794.5;Active
92.1;101.4;-8.3;62.8;0.2;9793.5;Active
92.2;100.6;-8.3;62.8;0.2;9792.5;Active
92.3;99.7;-8.3;62.8;0.2;9791.6;Active
92.4;98.9;-8.2;62.8;0.2;9790.6;Active
92.5;98.1;-8.2;62.8;0.2;9789.6;Active
92.6;97.3;-8.2;62.8;0.2;9788.6;Active
92.7;96.5;-8.1;62.8;0.2;9787.7;Active
92.8;95.6;-8.1;62.8;0.2;9786.7;Active
92.9;94.8;-8.1;62.8;0.2;9785.7;Active
93.0;94.0;-8.0;62.8;0.2;9784.7;Active
93.1;93.2;-8.0;62.8;0.2;9783.7;Active
93.2;92.4;-8.0;62.8;0.2;9782.8;Active
93.3;91.7;-7.9;62.8;0.2;9781.8;Active
93.4;90.9;-7.9;62.8;0.2;9780.8;Active
93.5;90.1;-7.9;62.8;0.2;9779.8;Active
93.6;89.3;-7.8;62.8;0.2;9778.9;Active
93.7;88.5;-7.8;62.8;0.2;9777.9;Active
93.8;87.7;-7.7;62.8;0.2;9776.9;Active
93.9;87.0;-7.7;62.8;0.2;9775.9;Active
94.0;86.2;-7.7;62.8;0.2;9774.9;Active
94.1;85.4;-7.6;62.8;0.2;9774.0;Active
94.2;84.7;-7.6;62.8;0.2;9773.0;Active
94.3;83.9;-7.6;62.8;0.2;9772.0;Active
94.4;83.2;-7.5;62.8;0.2;9771.0;Active
94.5;82.4;-7.5;62.8;0.2;9770.1;Active
94.6;81.7;-7.5;62.8;0.2;9769.1;Active
94.7;80.9;-7.4;62.8;0.2;9768.1;Active
94.8;80.2;-7.4;62.8;0.2;9767.1;Active
94.9;79.5;-7.4;62.8;0.2;9766.1;Active
95.0;78.7;-7.3;62.8;0.2;9765.2;Active
95.1;78.0;-7.3;62.8;0.2;9764.2;Active
95.2;77.3;-7.2;62.8;0.2;9763.2;Active
95.3;76.5;-7.2;62.8;0.2;9762.2;Active
95.4;75.8;-7.2;62.8;0.2;9761.3;Active
95.5;75.1;-7.1;62.8;0.2;9760.3;Active
95.6;74.4;-7.1;62.8;0.2;9759.3;Active
95.7;73.7;-7.1;62.8;0.2;9758.3;Active
95.8;73.0;-7.0;62.8;0.2;9757.3;Active
95.9;72.3;-7.0;62.8;0.2;9756.4;Active
96.0;71.6;-7.0;62.8;0.2;9755.4;Active
96.1;70.9;-6.9;62.8;0.2;9754.4;Active
96.2;70.2;-6.9;62.8;0.2;9753.4;Active
96.3;69.5;-6.9;62.8;0.2;9752.5;Active
96.4;68.9;-6.8;62.8;0.2;9751.5;Active
96.5;68.2;-6.8;62.8;0.2;9750.5;Active
96.6;67.5;-6.7;62.8;0.2;9749.5;Active
96.7;66.8;-6.7;62.8;0.2;9748.5;Active
96.8;66.2;-6.7;62.8;0.2;9747.6;Active
96.9;65.5;-6.6;62.8;0.2;9746.6;Active
97.0;64.8;-6.6;62.8;0.2;9745.6;Active
97.1;64.2;-6.6;62.8;0.2;9744.6;Active
97.2;63.5;-6.5;62.8;0.2;9743.7;Active
97.3;62.9;-6.5;62.8;0.2;9742.7;Active
97.4;62.2;-6.5;62.8;0.2;9741.7;Active
97.5;61.6;-6.4;62.8;0.2;9740.7;Active
97.6;61.0;-6.4;62.8;0.2;9739.7;Active
97.7;60.3;-6.3;62.8;0.2;9738.8;Active
97.8;59.7;-6.3;62.8;0.2;9737.8;Active
97.9;59.1;-6.3;62.8;0.2;9736.8;Active
98.0;58.4;-6.2;62.8;0.2;9735.8;Active
98.1;57.8;-6.2;62.8;0.2;9734.9;Active
98.2;57.2;-6.2;62.8;0.2;9733.9;Active
98.3;56.6;-6.1;62.8;0.2;9732.9;Active
98.4;56.0;-6.1;62.8;0.2;9731.9;Active
98.5;55.4;-6.1;62.8;0.2;9730.9;Active
98.6;54.8;-6.0;62.8;0.2;9730.0;Active
98.7;54.2;-6.0;62.8;0.2;9729.0;Active
98.8;53.6;-6.0;62.8;0.2;9728.0;Active
98.9;53.0;-5.9;62.8;0.2;9727.0;Active
99.0;52.4;-5.9;62.8;0.2;9726.1;Active
99.1;51.8;-5.8;62.8;0.2;9725.1;Active
99.2;51.2;-5.8;62.8;0.2;9724.1;Active
99.3;50.7;-5.8;62.8;0.2;9723.1;Active
99.4;50.1;-5.7;62.8;0.2;9722.1;Active
99.5;49.5;-5.7;62.8;0.2;9721.2;Active
99.6;48.9;-5.7;62.8;0.2;9720.2;Active
99.7;48.4;-5.6;62.8;0.2;9719.2;Active
99.8;47.8;-5.6;62.8;0.2;9718.2;Active
99.9;47.3;-5.6;62.8;0.2;9717.3;Active
100.0;46.7;-5.5;62.8;0.2;9716.3;Active
100.1;46.2;-5.5;62.8;0.2;9715.3;Active
100.2;45.6;-5.4;62.8;0.2;9714.3;Active
100.3;45.1;-5.4;62.8;0.2;9713.3;Active
100.4;44.5;-5.4;62.8;0.2;9712.4;Active
100.5;44.0;-5.3;62.8;0.2;9711.4;Active
100.6;43.5;-5.3;62.8;0.2;9710.4;Active
100.7;43.0;-5.3;62.8;0.2;9709.4;Active
100.8;42.4;-5.2;62.8;0.2;9708.5;Active
100.9;41.9;-5.2;62.8;0.2;9707.5;Active
101.0;41.4;-5.2;62.8;0.2;9706.5;Active
101.1;40.9;-5.1;62.8;0.2;9705.5;Active
101.2;40.4;-5.1;62.8;0.2;9704.5;Active
101.3;39.9;-5.0;62.8;0.2;9703.6;Active
101.4;39.4;-5.0;62.8;0.2;9702.6;Active
101.5;38.9;-5.0;62.8;0.2;9701.6;Active
101.6;38.4;-4.9;62.8;0.2;9700.6;Active
101.7;37.9;-4.9;62.8;0.2;9699.7;Active
101.8;37.4;-4.9;62.8;0.2;9698.7;Active
101.9;36.9;-4.8;62.8;0.2;9697.7;Active
102.0;36.5;-4.8;62.8;0.2;9696.7;Active
102.1;36.0;-4.7;62.8;0.2;9695.7;Active
102.2;35.5;-4.7;62.8;0.2;9694.8;Active
102.3;35.0;-4.7;62.8;0.2;9693.8;Active
102.4;34.6;-4.6;62.8;0.2;9692.8;Active
102.5;34.1;-4.6;62.8;0.2;9691.8;Active
102.6;33.7;-4.6;62.8;0.2;9690.9;Active
102.7;33.2;-4.5;62.8;0.2;9689.9;Active
102.8;32.8;-4.5;62.8;0.2;9688.9;Active
102.9;32.3;-4.5;62.8;0.2;9687.9;Active
103.0;31.9;-4.4;62.8;0.2;9686.9;Active
103.1;31.4;-4.4;60.8;0.2;9686.0;Throttling
103.2;31.0;-4.3;60.8;0.2;9685.0;Throttling
103.3;30.6;-4.3;60.8;0.2;9684.0;Throttling
103.4;30.1;-4.3;60.8;0.2;9683.1;Throttling
103.5;29.7;-4.2;60.8;0.2;9682.1;Throttling
103.6;29.3;-4.2;60.8;0.2;9681.2;Throttling
103.7;28.9;-4.2;60.8;0.2;9680.2;Active
103.8;28.5;-4.2;60.8;0.2;9679.3;Active
103.9;28.0;-4.1;60.8;0.2;9678.3;Active
104.0;27.6;-4.1;60.8;0.2;9677.4;Active
104.1;27.2;-4.1;60.8;0.2;9676.4;Active
104.2;26.8;-4.0;60.8;0.2;9675.5;Active
104.3;26.4;-4.0;60.8;0.2;9674.5;Active
104.4;26.0;-4.0;60.8;0.2;9673.6;Active
104.5;25.6;-3.9;60.8;0.2;9672.6;Active
104.6;25.2;-3.9;60.8;0.2;9671.7;Active
104.7;24.9;-3.9;60.8;0.2;9670.7;Active
104.8;24.5;-3.8;60.8;0.2;9669.8;Active
104.9;24.1;-3.8;60.8;0.2;9668.8;Active
105.0;23.7;-3.8;60.8;0.2;9667.9;Active
105.1;23.3;-3.8;60.8;0.2;9667.0;Active
105.2;23.0;-3.7;60.8;0.2;9666.0;Active
105.3;22.6;-3.7;60.8;0.2;9665.1;Active
105.4;22.2;-3.7;60.8;0.2;9664.1;Active
105.5;21.9;-3.6;60.8;0.2;9663.2;Active
105.6;21.5;-3.6;60.8;0.2;9662.2;Active
105.7;21.2;-3.6;60.8;0.2;9661.3;Active
105.8;20.8;-3.5;60.8;0.2;9660.3;Active
105.9;20.4;-3.5;60.8;0.2;9659.4;Active
106.0;20.1;-3.5;60.8;0.2;9658.4;Active
106.1;19.8;-3.4;60.8;0.2;9657.5;Active
106.2;19.4;-3.4;60.8;0.2;9656.5;Active
106.3;19.1;-3.4;60.8;0.2;9655.6;Active
106.4;18.7;-3.4;60.8;0.2;9654.6;Active
106.5;18.4;-3.3;60.8;0.2;9653.7;Active
106.6;18.1;-3.3;60.8;0.2;9652.7;Active
106.7;17.8;-3.3;60.8;0.2;9651.8;Active
106.8;17.4;-3.2;60.8;0.2;9650.8;Active
106.9;17.1;-3.2;60.8;0.2;9649.9;Active
107.0;16.8;-3.2;60.8;0.2;9648.9;Active
107.1;16.5;-3.1;60.8;0.2;9648.0;Active
107.2;16.2;-3.1;60.8;0.2;9647.0;Active
107.3;15.9;-3.1;60.8;0.2;9646.1;Active
107.4;15.6;-3.0;60.8;0.2;9645.2;Active
107.5;15.3;-3.0;60.8;0.2;9644.2;Active
107.6;15.0;-3.0;60.8;0.2;9643.3;Active
107.7;14.7;-3.0;60.8;0.2;9642.3;Active
107.8;14.4;-2.9;60.8;0.2;9641.4;Active
107.9;14.1;-2.9;60.8;0.2;9640.4;Active
108.0;13.8;-2.9;60.8;0.2;9639.5;Active
108.1;13.5;-2.8;60.8;0.2;9638.5;Active
108.2;13.2;-2.8;60.8;0.2;9637.6;Active
108.3;13.0;-2.8;60.8;0.2;9636.6;Active
108.4;12.7;-2.7;60.8;0.2;9635.7;Active
108.5;12.4;-2.7;60.8;0.2;9634.7;Active
108.6;12.1;-2.7;60.8;0.2;9633.8;Active
108.7;11.9;-2.6;60.8;0.2;9632.8;Active
108.8;11.6;-2.6;60.8;0.2;9631.9;Active
108.9;11.4;-2.6;60.8;0.2;9630.9;Active
109.0;11.1;-2.5;60.8;0.2;9630.0;Active
109.1;10.9;-2.5;60.8;0.2;9629.0;Active
109.2;10.6;-2.5;60.8;0.2;9628.1;Active
109.3;10.4;-2.5;60.8;0.2;9627.1;Active
109.4;10.1;-2.4;60.8;0.2;9626.2;Active
109.5;9.9;-2.4;60.8;0.2;9625.3;Active
109.6;9.6;-2.4;60.8;0.2;9624.3;Active
109.7;9.4;-2.3;60.8;0.2;9623.4;Active
109.8;9.2;-2.3;60.8;0.2;9622.4;Active
109.9;9.0;-2.3;60.8;0.2;9621.5;Active
110.0;8.7;-2.2;60.8;0.2;9620.5;Active
110.1;8.5;-2.2;60.8;0.2;9619.6;Active
110.2;8.3;-2.2;60.8;0.2;9618.6;Active
110.3;8.1;-2.1;60.8;0.2;9617.7;Active
110.4;7.9;-2.1;60.8;0.2;9616.7;Active
110.5;7.7;-2.1;60.8;0.2;9615.8;Active
110.6;7.5;-2.0;60.8;0.2;9614.8;Active
110.7;7.3;-2.0;60.8;0.2;9613.9;Active
110.8;7.1;-2.0;60.8;0.2;9612.9;Active
110.9;6.9;-2.0;60.8;0.2;9612.0;Active
111.0;6.7;-1.9;60.8;0.2;9611.0;Active
111.1;6.5;-1.9;60.8;0.2;9610.1;Active
111.2;6.3;-1.9;60.8;0.2;9609.1;Active
111.3;6.1;-1.8;60.8;0.2;9608.2;Active
111.4;5.9;-1.8;60.8;0.2;9607.2;Active
111.5;5.8;-1.8;60.8;0.2;9606.3;Active
111.6;5.6;-1.7;60.8;0.2;9605.3;Active
111.7;5.4;-1.7;60.8;0.2;9604.4;Active
111.8;5.2;-1.7;60.8;0.2;9603.5;Active
111.9;5.1;-1.6;60.8;0.2;9602.5;Active
112.0;4.9;-1.6;60.8;0.2;9601.6;Active
112.1;4.8;-1.6;58.8;0.2;9600.6;Throttling
112.2;4.6;-1.5;58.8;0.2;9599.7;Throttling
112.3;4.5;-1.5;58.8;0.2;9598.7;Throttling
112.4;4.3;-1.5;58.8;0.2;9597.8;Throttling
112.5;4.2;-1.5;58.8;0.2;9596.9;Throttling
112.6;4.0;-1.4;58.8;0.2;9596.0;Throttling
112.7;3.9;-1.4;58.8;0.2;9595.0;Active
112.8;3.7;-1.4;58.8;0.2;9594.1;Active
112.9;3.6;-1.4;58.8;0.2;9593.2;Active
113.0;3.5;-1.3;58.8;0.2;9592.3;Active
113.1;3.3;-1.3;58.8;0.2;9591.4;Active
113.2;3.2;-1.3;58.8;0.2;9590.5;Active
113.3;3.1;-1.3;58.8;0.2;9589.5;Active
113.4;3.0;-1.2;58.8;0.2;9588.6;Active
113.5;2.8;-1.2;58.8;0.2;9587.7;Active
113.6;2.7;-1.2;58.8;0.2;9586.8;Active
113.7;2.6;-1.2;58.8;0.2;9585.9;Active
113.8;2.5;-1.1;58.8;0.2;9584.9;Active
113.9;2.4;-1.1;58.8;0.2;9584.0;Active
114.0;2.3;-1.1;58.8;0.2;9583.1;Active
114.1;2.2;-1.1;58.8;0.2;9582.2;Active
114.2;2.1;-1.0;58.8;0.2;9581.3;Active
114.3;2.0;-1.0;58.8;0.2;9580.4;Active
114.4;1.9;-1.0;58.8;0.2;9579.4;Active
114.5;1.8;-1.0;58.8;0.2;9578.5;Active
114.6;1.7;-0.9;58.8;0.2;9577.6;Active
114.7;1.6;-0.9;58.8;0.2;9576.7;Active
114.8;1.5;-0.9;58.8;0.2;9575.8;Active
114.9;1.4;-0.8;58.8;0.2;9574.9;Active
115.0;1.3;-0.8;58.8;0.2;9573.9;Active
115.1;1.3;-0.8;58.8;0.2;9573.0;Active
115.2;1.2;-0.8;58.8;0.2;9572.1;Active
115.3;1.1;-0.7;58.8;0.2;9571.2;Active
115.4;1.0;-0.7;58.8;0.2;9570.3;Active
115.5;1.0;-0.7;58.8;0.2;9569.3;Active
115.6;0.9;-0.7;58.8;0.2;9568.4;Active
115.7;0.8;-0.6;58.8;0.2;9567.5;Active
115.8;0.8;-0.6;58.8;0.2;9566.6;Active
115.9;0.7;-0.6;56.7;0.2;9565.7;Throttling
116.0;0.7;-0.6;56.7;0.2;9564.8;Throttling
116.1;0.6;-0.5;56.7;0.2;9563.9;Throttling
116.2;0.6;-0.5;56.7;0.2;9563.0;Throttling
116.3;0.5;-0.5;56.7;0.2;9562.1;Throttling
116.4;0.5;-0.5;56.7;0.2;9561.2;Throttling
116.5;0.4;-0.5;62.3;0.2;9560.3;Throttling
116.6;0.4;-0.4;62.3;0.2;9559.4;Throttling
116.7;0.3;-0.4;0.0;0.2;9558.5;Cutoff
116.8;0.3;-0.4;0.0;0.2;9557.6;Cutoff
116.9;0.2;-0.4;0.0;0.1;9556.9;Cutoff
117.0;0.2;-0.5;0.0;0.1;9556.5;Cutoff
117.1;0.1;-0.6;0.0;0.0;9556.2;Cutoff
117.2;0.1;-0.8;0.0;0.0;9556.2;Cutoff
